Archive member included to satisfy reference by file (symbol)

third_party/psyq/lib/libc.a(c14.o)
                              main.o (abs)
third_party/psyq/lib/libc.a(c42.o)
                              main.o (memcpy)
third_party/psyq/lib/libc.a(c63.o)
                              basics.o (printf)
third_party/psyq/lib/libetc.a(pad.o)
                              main.o (PadRead)
third_party/psyq/lib/libetc.a(vmode.o)
                              basics.o (GetVideoMode)
third_party/psyq/lib/libetc.a(vsync.o)
                              basics.o (VSync)
third_party/psyq/lib/libetc.a(intr.o)
                              third_party/psyq/lib/libetc.a(pad.o) (ResetCallback)
third_party/psyq/lib/libetc.a(intr_dma.o)
                              third_party/psyq/lib/libetc.a(intr.o) (startIntrDMA)
third_party/psyq/lib/libetc.a(intr_vb.o)
                              third_party/psyq/lib/libetc.a(vsync.o) (Vcount)
third_party/psyq/lib/libgpu.a(font.o)
                              basics.o (FntFlush)
third_party/psyq/lib/libgpu.a(p00.o)
                              basics.o (GetTPage)
third_party/psyq/lib/libgpu.a(p06.o)
                              third_party/psyq/lib/libgpu.a(font.o) (AddPrim)
third_party/psyq/lib/libgpu.a(p09.o)
                              third_party/psyq/lib/libgpu.a(font.o) (TermPrim)
third_party/psyq/lib/libgpu.a(p10.o)
                              third_party/psyq/lib/libgpu.a(font.o) (SetSemiTrans)
third_party/psyq/lib/libgpu.a(p20.o)
                              third_party/psyq/lib/libgpu.a(font.o) (SetSprt8)
third_party/psyq/lib/libgpu.a(p26.o)
                              third_party/psyq/lib/libgpu.a(font.o) (SetTile)
third_party/psyq/lib/libgpu.a(p27.o)
                              basics.o (SetLineF2)
third_party/psyq/lib/libgpu.a(p41.o)
                              third_party/psyq/lib/libgpu.a(font.o) (SetDrawMode)
third_party/psyq/lib/libgpu.a(sys.o)
                              basics.o (ClearImage2)
third_party/psyq/lib/libgpu.a(e00.o)
                              third_party/psyq/lib/libgpu.a(font.o) (LoadTPage)
third_party/psyq/lib/libgpu.a(e02.o)
                              third_party/psyq/lib/libgpu.a(font.o) (LoadClut2)
third_party/psyq/lib/libgpu.a(p01.o)
                              third_party/psyq/lib/libgpu.a(e02.o) (GetClut)
third_party/psyq/lib/libgs.a(2d_sp0.o)
                              basics.o (GsSortSprite)
third_party/psyq/lib/libgs.a(global.o)
                              third_party/psyq/lib/libgs.a(2d_sp0.o) (GsOUT_PACKET_P)
third_party/psyq/lib/libgs.a(gs_001.o)
                              third_party/psyq/lib/libgs.a(2d_sp0.o) (GsORGOFSY)
third_party/psyq/lib/libgs.a(gs_0021.o)
                              basics.o (GsGetActiveBuff)
third_party/psyq/lib/libgs.a(gs_0022.o)
                              third_party/psyq/lib/libgs.a(gs_001.o) (GsSetDrawBuffOffset)
third_party/psyq/lib/libgs.a(gs_003.o)
                              third_party/psyq/lib/libgs.a(gs_001.o) (GsSetDrawBuffClip)
third_party/psyq/lib/libgs.a(gs_010.o)
                              basics.o (GsSwapDispBuff)
third_party/psyq/lib/libgs.a(gs_103.o)
                              basics.o (GsDefDispBuff)
third_party/psyq/lib/libgs.a(gs_104.o)
                              third_party/psyq/lib/libgs.a(gs_001.o) (HWD0)
third_party/psyq/lib/libgs.a(gs_107.o)
                              third_party/psyq/lib/libgs.a(gs_001.o) (GsLIGHTWSMATRIX)
third_party/psyq/lib/libgs.a(gs_111.o)
                              basics.o (GsDrawOt)
third_party/psyq/lib/libgs.a(gs_113.o)
                              basics.o (GsClearOt)
third_party/psyq/lib/libgs.a(gs_121.o)
                              third_party/psyq/lib/libgs.a(gs_001.o) (gte_init)
third_party/psyq/lib/libgs.a(gs_122.o)
                              basics.o (GsGetTimInfo)
third_party/psyq/lib/libgs.a(gs_124.o)
                              basics.o (GsSetWorkBase)
third_party/psyq/lib/libgs.a(gs_128.o)
                              third_party/psyq/lib/libgs.a(2d_sp0.o) (GsIDMATRIX)
third_party/psyq/lib/libgs.a(2d_com1.o)
                              third_party/psyq/lib/libgs.a(2d_sp0.o) (_make_packet)
third_party/psyq/lib/libgte.a(cmb_00.o)
                              third_party/psyq/lib/libgs.a(2d_sp0.o) (RotTransPers4)
third_party/psyq/lib/libgte.a(fgo_01.o)
                              third_party/psyq/lib/libgs.a(2d_sp0.o) (RotMatrix)
third_party/psyq/lib/libgte.a(msc00.o)
                              third_party/psyq/lib/libgs.a(gs_121.o) (InitGeom)
third_party/psyq/lib/libgte.a(msc01.o)
                              third_party/psyq/lib/libgs.a(gs_107.o) (SquareRoot0)
third_party/psyq/lib/libgte.a(mtx_07.o)
                              third_party/psyq/lib/libgs.a(2d_sp0.o) (TransMatrix)
third_party/psyq/lib/libgte.a(mtx_08.o)
                              third_party/psyq/lib/libgs.a(2d_sp0.o) (ScaleMatrix)
third_party/psyq/lib/libgte.a(mtx_09.o)
                              third_party/psyq/lib/libgs.a(2d_sp0.o) (SetRotMatrix)
third_party/psyq/lib/libgte.a(mtx_11.o)
                              third_party/psyq/lib/libgs.a(gs_107.o) (SetColorMatrix)
third_party/psyq/lib/libgte.a(mtx_12.o)
                              third_party/psyq/lib/libgs.a(2d_sp0.o) (SetTransMatrix)
third_party/psyq/lib/libgte.a(patchgte.o)
                              third_party/psyq/lib/libgte.a(msc00.o) (_patch_gte)
third_party/psyq/lib/libgte.a(reg09.o)
                              third_party/psyq/lib/libgs.a(2d_sp0.o) (ReadGeomScreen)
third_party/psyq/lib/libgte.a(reg11.o)
                              third_party/psyq/lib/libgs.a(gs_121.o) (SetFarColor)
third_party/psyq/lib/libgte.a(reg12.o)
                              third_party/psyq/lib/libgs.a(gs_0022.o) (SetGeomOffset)
third_party/psyq/lib/libgte.a(sqrtbl.o)
                              third_party/psyq/lib/libgte.a(msc01.o) (SQRT)
third_party/psyq/lib/libgte.a(cstbl.o)
                              third_party/psyq/lib/libgte.a(fgo_01.o) (rcossin_tbl)
third_party/psyq/lib/libapi.a(a22.o)
                              third_party/psyq/lib/libetc.a(pad.o) (PAD_dr)
third_party/psyq/lib/libapi.a(a23.o)
                              third_party/psyq/lib/libetc.a(intr.o) (ReturnFromException)
third_party/psyq/lib/libapi.a(a24.o)
                              third_party/psyq/lib/libetc.a(intr.o) (ResetEntryInt)
third_party/psyq/lib/libapi.a(a25.o)
                              third_party/psyq/lib/libetc.a(intr.o) (HookEntryInt)
third_party/psyq/lib/libapi.a(a36.o)
                              third_party/psyq/lib/libetc.a(intr.o) (EnterCriticalSection)
third_party/psyq/lib/libapi.a(a37.o)
                              third_party/psyq/lib/libetc.a(intr.o) (ExitCriticalSection)
third_party/psyq/lib/libapi.a(a91.o)
                              third_party/psyq/lib/libetc.a(pad.o) (ChangeClearPAD)
third_party/psyq/lib/libapi.a(c114.o)
                              third_party/psyq/lib/libetc.a(intr.o) (_96_remove)
third_party/psyq/lib/libapi.a(c68.o)
                              third_party/psyq/lib/libgte.a(patchgte.o) (FlushCache)
third_party/psyq/lib/libapi.a(c73.o)
                              third_party/psyq/lib/libgpu.a(sys.o) (GPU_cw)
third_party/psyq/lib/libapi.a(l10.o)
                              third_party/psyq/lib/libetc.a(vsync.o) (ChangeClearRCnt)
third_party/psyq/lib/libapi.a(pad.o)
                              third_party/psyq/lib/libetc.a(pad.o) (PAD_init)
third_party/psyq/lib/libapi.a(patch.o)
                              third_party/psyq/lib/libapi.a(pad.o) (_patch_pad)
third_party/psyq/lib/libapi.a(a18.o)
                              third_party/psyq/lib/libapi.a(pad.o) (InitPAD2)
third_party/psyq/lib/libapi.a(a19.o)
                              third_party/psyq/lib/libapi.a(pad.o) (StartPAD2)
third_party/psyq/lib/libapi.a(a21.o)
                              third_party/psyq/lib/libapi.a(pad.o) (PAD_init2)
third_party/psyq/lib/libapi.a(chclrpad.o)
                              third_party/psyq/lib/libapi.a(pad.o) (_remove_ChgclrPAD)
third_party/psyq/lib/libapi.a(l02.o)
                              third_party/psyq/lib/libapi.a(pad.o) (SysEnqIntRP)
third_party/psyq/lib/libapi.a(l03.o)
                              third_party/psyq/lib/libapi.a(pad.o) (SysDeqIntRP)
third_party/psyq/lib/libc.a(a63.o)
                              third_party/psyq/lib/libetc.a(vsync.o) (puts)
third_party/psyq/lib/libc.a(c19.o)
                              third_party/psyq/lib/libetc.a(intr.o) (setjmp)
third_party/psyq/lib/libc.a(c27.o)
                              third_party/psyq/lib/libgpu.a(font.o) (strlen)
third_party/psyq/lib/libc.a(c43.o)
                              third_party/psyq/lib/libgpu.a(font.o) (memset)

Allocating common symbols
Common symbol       size              file

playerSprite        0x50              main.o
player              0x54              main.o
grid                0x3c              main.o
bricks              0x4ec             main.o
SCREEN_WIDTH        0x4               basics.o
TrialTimer          0x10              main.o
GPUOutputPacket     0x258             basics.o
ballX               0x4               main.o
bgSprite            0x50              main.o
SCREEN_HEIGHT       0x4               basics.o
currentBuffer       0x2               basics.o
ballSprite          0x50              main.o
systemBackgroundColor
                    0xc               basics.o
frame               0x54              main.o
cachedPadValue      0x4               main.o
colourList          0x30              main.o
orderingTable       0x28              basics.o
ballY               0x4               main.o
minorOrderingTable  0x10              basics.o

Discarded input sections

 .text          0x0000000000000000        0x0 main.o
 .reginfo       0x0000000000000000       0x18 main.o
 .MIPS.abiflags
                0x0000000000000000       0x18 main.o
 .pdr           0x0000000000000000      0x140 main.o
 .text.drawWon  0x0000000000000000        0x8 main.o
 .text          0x0000000000000000        0x0 basics.o
 .data          0x0000000000000000        0x0 basics.o
 .bss           0x0000000000000000        0x0 basics.o
 .reginfo       0x0000000000000000       0x18 basics.o
 .MIPS.abiflags
                0x0000000000000000       0x18 basics.o
 .pdr           0x0000000000000000      0x2a0 basics.o
 .text.moveLine
                0x0000000000000000       0x50 basics.o
 .text.transposeBox
                0x0000000000000000       0x34 basics.o
 .text.drawLine
                0x0000000000000000       0x30 basics.o
 .text          0x0000000000000000        0x0 timerz.o
 .data          0x0000000000000000        0x0 timerz.o
 .bss           0x0000000000000000        0x0 timerz.o
 .reginfo       0x0000000000000000       0x18 timerz.o
 .MIPS.abiflags
                0x0000000000000000       0x18 timerz.o
 .pdr           0x0000000000000000       0x40 timerz.o
 .text          0x0000000000000000        0x0 third_party/common/syscalls/printf.o
 .data          0x0000000000000000        0x0 third_party/common/syscalls/printf.o
 .bss           0x0000000000000000        0x0 third_party/common/syscalls/printf.o
 .reginfo       0x0000000000000000       0x18 third_party/common/syscalls/printf.o
 .MIPS.abiflags
                0x0000000000000000       0x18 third_party/common/syscalls/printf.o
 .pdr           0x0000000000000000        0x0 third_party/common/syscalls/printf.o
 .ramtext       0x0000000000000000        0xc third_party/common/syscalls/printf.o
 .debug_line    0x0000000000000000       0x56 third_party/common/syscalls/printf.o
 .debug_info    0x0000000000000000       0x26 third_party/common/syscalls/printf.o
 .debug_abbrev  0x0000000000000000       0x14 third_party/common/syscalls/printf.o
 .debug_aranges
                0x0000000000000000       0x20 third_party/common/syscalls/printf.o
 .debug_str     0x0000000000000000       0x42 third_party/common/syscalls/printf.o
 .gnu.attributes
                0x0000000000000000       0x10 third_party/common/syscalls/printf.o
 .text          0x0000000000000000        0x0 third_party/common/crt0/crt0.o
 .data          0x0000000000000000        0x0 third_party/common/crt0/crt0.o
 .bss           0x0000000000000000        0x0 third_party/common/crt0/crt0.o
 .reginfo       0x0000000000000000       0x18 third_party/common/crt0/crt0.o
 .MIPS.abiflags
                0x0000000000000000       0x18 third_party/common/crt0/crt0.o
 .data          0x0000000000000000       0x10 third_party/psyq/lib/libgs.a(global.o)
 .data          0x0000000000000000       0x10 third_party/psyq/lib/libgs.a(gs_001.o)
 .text          0x0000000000000000       0x80 third_party/psyq/lib/libgs.a(gs_104.o)
 .text          0x0000000000000000      0x570 third_party/psyq/lib/libgs.a(gs_107.o)
 .text          0x0000000000000000       0x90 third_party/psyq/lib/libgte.a(msc01.o)
 .text          0x0000000000000000       0x30 third_party/psyq/lib/libgte.a(mtx_11.o)
 .data          0x0000000000000000      0x180 third_party/psyq/lib/libgte.a(sqrtbl.o)

Memory Configuration

Name             Origin             Length             Attributes
loader           0x000000008000f800 0x0000000000000800
ram              0x0000000080010000 0x00000000001f0000 xrw
dcache           0x000000001f800000 0x0000000000000400
kttyram          0x000000000000c000 0x0000000000002000 xrw
*default*        0x0000000000000000 0xffffffffffffffff

Linker script and memory map

LOAD main.o
LOAD basics.o
LOAD timerz.o
LOAD third_party/common/syscalls/printf.o
LOAD third_party/common/crt0/crt0.o
START GROUP
LOAD third_party/psyq/lib/libapi.a
LOAD third_party/psyq/lib/libc.a
LOAD third_party/psyq/lib/libc2.a
LOAD third_party/psyq/lib/libcard.a
LOAD third_party/psyq/lib/libcomb.a
LOAD third_party/psyq/lib/libds.a
LOAD third_party/psyq/lib/libetc.a
LOAD third_party/psyq/lib/libgpu.a
LOAD third_party/psyq/lib/libgs.a
LOAD third_party/psyq/lib/libgte.a
LOAD third_party/psyq/lib/libgpu.a
LOAD third_party/psyq/lib/libgun.a
LOAD third_party/psyq/lib/libhmd.a
LOAD third_party/psyq/lib/libmath.a
LOAD third_party/psyq/lib/libmcrd.a
LOAD third_party/psyq/lib/libmcx.a
LOAD third_party/psyq/lib/libpad.a
LOAD third_party/psyq/lib/libpress.a
LOAD third_party/psyq/lib/libsio.a
LOAD third_party/psyq/lib/libsnd.a
LOAD third_party/psyq/lib/libspu.a
LOAD third_party/psyq/lib/libtap.a
END GROUP
                0x0000000080010000                TLOAD_ADDR = DEFINED (TLOAD_ADDR)?TLOAD_ADDR:0x80010000
                0x0000000080200000                __ram_top = (ORIGIN (ram) + LENGTH (ram))
                0x00000000801fff00                __sp = (__ram_top - 0x100)
                0x000000001f800000                __dcache = ORIGIN (dcache)
                0x000000001f800400                __dcache_top = (ORIGIN (dcache) + LENGTH (dcache))
                0x0000000000006894                __bss_len = (__bss_end - __bss_start)
                0xffffffff7fffc000                __ftext_len = (__ftext_end - __ftext_start)
                0x0000000080017000                __fdata_len = (__fdata_end - __fdata_start)
                0x0000000080200000                __stack_start = (ORIGIN (ram) + LENGTH (ram))
                0x0000000000000000                __ktty_length = (__ktty_dest_end - __ktty_dest_start)

.PSX_EXE_Header
                0x000000008000f800      0x800
                0x000000008000f800        0x1 BYTE 0x50
                0x000000008000f801        0x1 BYTE 0x53
                0x000000008000f802        0x1 BYTE 0x2d
                0x000000008000f803        0x1 BYTE 0x58
                0x000000008000f804        0x1 BYTE 0x20
                0x000000008000f805        0x1 BYTE 0x45
                0x000000008000f806        0x1 BYTE 0x58
                0x000000008000f807        0x1 BYTE 0x45
                0x000000008000f808        0x4 LONG 0x0
                0x000000008000f80c        0x4 LONG 0x0
                0x000000008000f810        0x4 LONG 0x80010000 ABSOLUTE (_start)
                0x000000008000f814        0x4 LONG 0x0
                0x000000008000f818        0x4 LONG 0x80010000 TLOAD_ADDR
                0x000000008000f81c        0x4 LONG 0x13000 (__ftext_len + __fdata_len)
                0x000000008000f820        0x4 LONG 0x0
                0x000000008000f824        0x4 LONG 0x0
                0x000000008000f828        0x4 LONG 0x0
                0x000000008000f82c        0x4 LONG 0x0
                0x000000008000f830        0x4 LONG 0x801fff00 DEFINED (_sp)?ABSOLUTE (_sp):0x801fff00
                0x000000008000f834        0x4 LONG 0x0
                0x0000000080010000                . = (. + 0x7c8)
 *fill*         0x000000008000f838      0x7c8 
                0x0000000080010000                __ftext_start = ABSOLUTE (.)

.text           0x0000000080010000     0x8200
 *(.start)
 .start         0x0000000080010000       0x38 third_party/common/crt0/crt0.o
                0x0000000080010000                _start
 *(.init)
 *(SORT_NONE(.fini))
 *(.text.unlikely .text.*_unlikely .text.unlikely.*)
 *(.text.exit .text.exit.*)
 *(.text.startup .text.startup.*)
 .text.startup.main
                0x0000000080010038       0xb0 main.o
                0x0000000080010038                main
 *(.text.hot .text.hot.*)
 *(.text .stub .text.* .gnu.linkonce.t.*)
 .text.initialiseScene
                0x00000000800100e8      0x124 main.o
                0x00000000800100e8                initialiseScene
 .text.updateControls
                0x000000008001020c      0x140 main.o
                0x000000008001020c                updateControls
 .text.initialiseLevel
                0x000000008001034c       0x5c main.o
                0x000000008001034c                initialiseLevel
 .text.initialize
                0x00000000800103a8      0x2cc main.o
                0x00000000800103a8                initialize
 .text.initialiseGame
                0x0000000080010674       0x38 main.o
                0x0000000080010674                initialiseGame
 .text.drawGameOver
                0x00000000800106ac       0x1c main.o
                0x00000000800106ac                drawGameOver
 .text.ballMotion
                0x00000000800106c8      0x56c main.o
                0x00000000800106c8                ballMotion
 .text.draw     0x0000000080010c34      0x544 main.o
                0x0000000080010c34                draw
 .text.createImage
                0x0000000080011178      0x180 basics.o
                0x0000000080011178                createImage
 .text.moveImage
                0x00000000800112f8       0x44 basics.o
                0x00000000800112f8                moveImage
 .text.scaleImage
                0x000000008001133c       0x74 basics.o
                0x000000008001133c                scaleImage
 .text.rotImage
                0x00000000800113b0       0x40 basics.o
                0x00000000800113b0                rotImage
 .text.drawImage
                0x00000000800113f0       0x60 basics.o
                0x00000000800113f0                drawImage
 .text.createColor
                0x0000000080011450       0x14 basics.o
                0x0000000080011450                createColor
 .text.createLine
                0x0000000080011464       0x8c basics.o
                0x0000000080011464                createLine
 .text.createBox
                0x00000000800114f0      0x12c basics.o
                0x00000000800114f0                createBox
 .text.moveBox  0x000000008001161c      0x1a8 basics.o
                0x000000008001161c                moveBox
 .text.drawBox  0x00000000800117c4       0x48 basics.o
                0x00000000800117c4                drawBox
 .text.setScreenMode
                0x000000008001180c       0xd8 basics.o
                0x000000008001180c                setScreenMode
 .text.setBackgroundColor
                0x00000000800118e4       0x24 basics.o
                0x00000000800118e4                setBackgroundColor
 .text.initializeDebugFont
                0x0000000080011908       0x44 basics.o
                0x0000000080011908                initializeDebugFont
 .text.initializeOrderingTable
                0x000000008001194c       0x90 basics.o
                0x000000008001194c                initializeOrderingTable
 .text.display  0x00000000800119dc       0x90 basics.o
                0x00000000800119dc                display
 .text.clearDisplay
                0x0000000080011a6c       0x74 basics.o
                0x0000000080011a6c                clearDisplay
 .text.clearVRAM
                0x0000000080011ae0       0x44 basics.o
                0x0000000080011ae0                clearVRAM
 .text.initializeScreen
                0x0000000080011b24       0xa0 basics.o
                0x0000000080011b24                initializeScreen
 .text.createTimer
                0x0000000080011bc4       0x44 timerz.o
                0x0000000080011bc4                createTimer
 .text.incTimer
                0x0000000080011c08       0x5c timerz.o
                0x0000000080011c08                incTimer
 *fill*         0x0000000080011c64        0x4 
 .text          0x0000000080011c68       0x10 third_party/psyq/lib/libc.a(c14.o)
                0x0000000080011c68                abs
 .text          0x0000000080011c78       0x10 third_party/psyq/lib/libc.a(c42.o)
                0x0000000080011c78                memcpy
 .text          0x0000000080011c88       0x10 third_party/psyq/lib/libc.a(c63.o)
                0x0000000080011c88                printf
 .text          0x0000000080011c98       0x80 third_party/psyq/lib/libetc.a(pad.o)
                0x0000000080011c98                PadInit
                0x0000000080011ce4                PadRead
 .text          0x0000000080011d18       0x30 third_party/psyq/lib/libetc.a(vmode.o)
                0x0000000080011d18                SetVideoMode
                0x0000000080011d2c                GetVideoMode
 .text          0x0000000080011d48      0x210 third_party/psyq/lib/libetc.a(vsync.o)
                0x0000000080011d48                VSync
 .text          0x0000000080011f58      0x6c0 third_party/psyq/lib/libetc.a(intr.o)
                0x0000000080011f58                ResetCallback
                0x0000000080011f88                InterruptCallback
                0x0000000080011fb8                DMACallback
                0x0000000080011fe8                VSyncCallback
                0x000000008001201c                VSyncCallbacks
                0x000000008001204c                StopCallback
                0x000000008001207c                RestartCallback
                0x00000000800120ac                CheckCallback
                0x00000000800120bc                GetIntrMask
                0x00000000800120d4                SetIntrMask
 .text          0x0000000080012618      0x2a0 third_party/psyq/lib/libetc.a(intr_dma.o)
                0x0000000080012618                startIntrDMA
 .text          0x00000000800128b8      0x120 third_party/psyq/lib/libetc.a(intr_vb.o)
                0x00000000800128b8                startIntrVSync
 .text          0x00000000800129d8      0xa80 third_party/psyq/lib/libgpu.a(font.o)
                0x00000000800129d8                SetDumpFnt
                0x0000000080012a18                FntLoad
                0x0000000080012ab8                FntOpen
                0x0000000080012d74                FntFlush
                0x0000000080013090                FntPrint
 .text          0x0000000080013458       0x40 third_party/psyq/lib/libgpu.a(p00.o)
                0x0000000080013458                GetTPage
 .text          0x0000000080013498       0x40 third_party/psyq/lib/libgpu.a(p06.o)
                0x0000000080013498                AddPrim
 .text          0x00000000800134d8       0x20 third_party/psyq/lib/libgpu.a(p09.o)
                0x00000000800134d8                TermPrim
 .text          0x00000000800134f8       0x30 third_party/psyq/lib/libgpu.a(p10.o)
                0x00000000800134f8                SetSemiTrans
 .text          0x0000000080013528       0x20 third_party/psyq/lib/libgpu.a(p20.o)
                0x0000000080013528                SetSprt8
 .text          0x0000000080013548       0x20 third_party/psyq/lib/libgpu.a(p26.o)
                0x0000000080013548                SetTile
 .text          0x0000000080013568       0x20 third_party/psyq/lib/libgpu.a(p27.o)
                0x0000000080013568                SetLineF2
 .text          0x0000000080013588       0xa0 third_party/psyq/lib/libgpu.a(p41.o)
                0x0000000080013588                SetDrawMode
 .text          0x0000000080013628     0x2f00 third_party/psyq/lib/libgpu.a(sys.o)
                0x0000000080013628                ResetGraph
                0x000000008001379c                SetGraphDebug
                0x00000000800137f8                SetGraphQueue
                0x000000008001389c                GetGraphDebug
                0x00000000800138ac                DrawSyncCallback
                0x000000008001390c                SetDispMask
                0x00000000800139a4                DrawSync
                0x0000000080013b28                ClearImage
                0x0000000080013bb8                ClearImage2
                0x0000000080013c50                LoadImage
                0x0000000080013cb0                StoreImage
                0x0000000080013d10                MoveImage
                0x0000000080013dc8                ClearOTag
                0x0000000080013e90                ClearOTagR
                0x0000000080013f3c                DrawPrim
                0x0000000080013f98                DrawOTag
                0x0000000080014008                PutDrawEnv
                0x00000000800140c8                DrawOTagEnv
                0x00000000800141a0                GetDrawEnv
                0x00000000800141d4                PutDispEnv
                0x00000000800146cc                GetDispEnv
                0x0000000080014700                GetODE
                0x0000000080014730                SetDrawArea
                0x00000000800147b0                SetDrawOffset
                0x00000000800147f0                SetDrawEnv
                0x00000000800160c0                LoadImage2
                0x00000000800161ac                StoreImage2
                0x0000000080016298                MoveImage2
                0x00000000800163dc                DrawOTag2
                0x00000000800164d8                _GPU_ResetCallback
 .text          0x0000000080016528       0xf0 third_party/psyq/lib/libgpu.a(e00.o)
                0x0000000080016528                LoadTPage
 .text          0x0000000080016618       0x70 third_party/psyq/lib/libgpu.a(e02.o)
                0x0000000080016618                LoadClut2
 .text          0x0000000080016688       0x20 third_party/psyq/lib/libgpu.a(p01.o)
                0x0000000080016688                GetClut
 .text          0x00000000800166a8      0x500 third_party/psyq/lib/libgs.a(2d_sp0.o)
                0x00000000800166a8                GsSortSprite
 .text          0x0000000080016ba8      0x550 third_party/psyq/lib/libgs.a(gs_001.o)
                0x0000000080016ba8                GsInitGraph
                0x0000000080016d38                GsInitGraph2
                0x0000000080016fc0                GsSortClear
 .text          0x00000000800170f8       0x10 third_party/psyq/lib/libgs.a(gs_0021.o)
                0x00000000800170f8                GsGetActiveBuff
 .text          0x0000000080017108      0x110 third_party/psyq/lib/libgs.a(gs_0022.o)
                0x0000000080017108                GsSetDrawBuffOffset
 .text          0x0000000080017218       0x80 third_party/psyq/lib/libgs.a(gs_003.o)
                0x0000000080017218                GsSetDrawBuffClip
 .text          0x0000000080017298       0xb0 third_party/psyq/lib/libgs.a(gs_010.o)
                0x0000000080017298                GsSwapDispBuff
 .text          0x0000000080017348       0xa0 third_party/psyq/lib/libgs.a(gs_103.o)
                0x0000000080017348                GsDefDispBuff
 .text          0x00000000800173e8       0x30 third_party/psyq/lib/libgs.a(gs_111.o)
                0x00000000800173e8                GsDrawOt
 .text          0x0000000080017418       0x60 third_party/psyq/lib/libgs.a(gs_113.o)
                0x0000000080017418                GsClearOt
 .text          0x0000000080017478       0x50 third_party/psyq/lib/libgs.a(gs_121.o)
                0x0000000080017478                gte_init
 .text          0x00000000800174c8       0xf0 third_party/psyq/lib/libgs.a(gs_122.o)
                0x00000000800174c8                GsGetTimInfo
 .text          0x00000000800175b8       0x10 third_party/psyq/lib/libgs.a(gs_124.o)
                0x00000000800175b8                GsSetWorkBase
 .text          0x00000000800175c8       0xa0 third_party/psyq/lib/libgs.a(2d_com1.o)
                0x00000000800175c8                _make_packet
 .text          0x0000000080017668       0x80 third_party/psyq/lib/libgte.a(cmb_00.o)
                0x0000000080017668                RotTransPers4
 .text          0x00000000800176e8      0x290 third_party/psyq/lib/libgte.a(fgo_01.o)
                0x00000000800176e8                RotMatrix
 .text          0x0000000080017978       0x90 third_party/psyq/lib/libgte.a(msc00.o)
                0x0000000080017980                InitGeom
 .text          0x0000000080017a08       0x30 third_party/psyq/lib/libgte.a(mtx_07.o)
                0x0000000080017a08                TransMatrix
 .text          0x0000000080017a38      0x140 third_party/psyq/lib/libgte.a(mtx_08.o)
                0x0000000080017a38                ScaleMatrix
 .text          0x0000000080017b78       0x30 third_party/psyq/lib/libgte.a(mtx_09.o)
                0x0000000080017b78                SetRotMatrix
 .text          0x0000000080017ba8       0x20 third_party/psyq/lib/libgte.a(mtx_12.o)
                0x0000000080017ba8                SetTransMatrix
 .text          0x0000000080017bc8       0xe0 third_party/psyq/lib/libgte.a(patchgte.o)
                0x0000000080017bc8                _patch_gte
 .text          0x0000000080017ca8       0x10 third_party/psyq/lib/libgte.a(reg09.o)
                0x0000000080017ca8                ReadGeomScreen
 .text          0x0000000080017cb8       0x20 third_party/psyq/lib/libgte.a(reg11.o)
                0x0000000080017cb8                SetFarColor
 .text          0x0000000080017cd8       0x20 third_party/psyq/lib/libgte.a(reg12.o)
                0x0000000080017cd8                SetGeomOffset
 .text          0x0000000080017cf8       0x10 third_party/psyq/lib/libapi.a(a22.o)
                0x0000000080017cf8                PAD_dr
 .text          0x0000000080017d08       0x10 third_party/psyq/lib/libapi.a(a23.o)
                0x0000000080017d08                ReturnFromException
 .text          0x0000000080017d18       0x10 third_party/psyq/lib/libapi.a(a24.o)
                0x0000000080017d18                ResetEntryInt
 .text          0x0000000080017d28       0x10 third_party/psyq/lib/libapi.a(a25.o)
                0x0000000080017d28                HookEntryInt
 .text          0x0000000080017d38       0x10 third_party/psyq/lib/libapi.a(a36.o)
                0x0000000080017d38                EnterCriticalSection
 .text          0x0000000080017d48       0x10 third_party/psyq/lib/libapi.a(a37.o)
                0x0000000080017d48                ExitCriticalSection
 .text          0x0000000080017d58       0x10 third_party/psyq/lib/libapi.a(a91.o)
                0x0000000080017d58                ChangeClearPAD
 .text          0x0000000080017d68       0x20 third_party/psyq/lib/libapi.a(c114.o)
                0x0000000080017d70                _96_remove
 .text          0x0000000080017d88       0x10 third_party/psyq/lib/libapi.a(c68.o)
                0x0000000080017d88                FlushCache
 .text          0x0000000080017d98       0x10 third_party/psyq/lib/libapi.a(c73.o)
                0x0000000080017d98                GPU_cw
 .text          0x0000000080017da8       0x10 third_party/psyq/lib/libapi.a(l10.o)
                0x0000000080017da8                ChangeClearRCnt
 .text          0x0000000080017db8      0x290 third_party/psyq/lib/libapi.a(pad.o)
                0x0000000080017db8                SetInitPadFlag
                0x0000000080017dc4                ReadInitPadFlag
                0x0000000080017dd4                PAD_init
                0x0000000080017e64                InitPAD
                0x0000000080017ef4                StartPAD
 .text          0x0000000080018048       0xa0 third_party/psyq/lib/libapi.a(patch.o)
                0x0000000080018048                EnablePAD
                0x000000008001805c                DisablePAD
                0x0000000080018070                _patch_pad
 .text          0x00000000800180e8       0x10 third_party/psyq/lib/libapi.a(a18.o)
                0x00000000800180e8                InitPAD2
 .text          0x00000000800180f8       0x10 third_party/psyq/lib/libapi.a(a19.o)
                0x00000000800180f8                StartPAD2
 .text          0x0000000080018108       0x10 third_party/psyq/lib/libapi.a(a21.o)
                0x0000000080018108                PAD_init2
 .text          0x0000000080018118       0x70 third_party/psyq/lib/libapi.a(chclrpad.o)
                0x0000000080018118                _remove_ChgclrPAD
 .text          0x0000000080018188       0x10 third_party/psyq/lib/libapi.a(l02.o)
                0x0000000080018188                SysEnqIntRP
 .text          0x0000000080018198       0x10 third_party/psyq/lib/libapi.a(l03.o)
                0x0000000080018198                SysDeqIntRP
 .text          0x00000000800181a8       0x20 third_party/psyq/lib/libc.a(a63.o)
                0x00000000800181b0                puts
 .text          0x00000000800181c8       0x10 third_party/psyq/lib/libc.a(c19.o)
                0x00000000800181c8                setjmp
 .text          0x00000000800181d8       0x10 third_party/psyq/lib/libc.a(c27.o)
                0x00000000800181d8                strlen
 .text          0x00000000800181e8       0x10 third_party/psyq/lib/libc.a(c43.o)
                0x00000000800181e8                memset
                0x0000000080018200                . = ALIGN (0x10)
 *fill*         0x00000000800181f8        0x8 
 *(.init)
                0x0000000080018200                . = ALIGN (0x10)
 *(.fini)
                0x0000000080018200                __ktty_src = .

.kttytext       0x000000000000c000        0x0 load address 0x0000000080018200
                0x000000000000c000                __ktty_dest_start = ABSOLUTE (.)
 *(.kttytext)
                0x000000000000c000                __ktty_dest_end = ABSOLUTE (.)
                0x000000000000c000                . = ALIGN (0x10)
                0x000000000000c000                . = ALIGN (0x10)
                0x000000000000c000                __text_end = .
                0x000000000000c000                __ftext_end = ABSOLUTE (.)
                0x000000000000c000                __fdata_start = ABSOLUTE (.)

.rodata         0x0000000080018200      0x504
 *(.rodata .rodata.* .rdata .rdata.* .gnu.linkonce.r.*)
 .rodata.str1.4
                0x0000000080018200       0x23 main.o
                                         0x24 (size before relaxing)
 *fill*         0x0000000080018223        0x1 
 .rodata.str1.4
                0x0000000080018224      0x11c basics.o
 .rdata         0x0000000080018340       0x10 third_party/psyq/lib/libetc.a(vsync.o)
 .rdata         0x0000000080018350       0x70 third_party/psyq/lib/libetc.a(intr.o)
 .rdata         0x00000000800183c0       0x30 third_party/psyq/lib/libetc.a(intr_dma.o)
 .rdata         0x00000000800183f0       0xa0 third_party/psyq/lib/libgpu.a(font.o)
 .rdata         0x0000000080018490      0x220 third_party/psyq/lib/libgpu.a(sys.o)
 .rdata         0x00000000800186b0       0x30 third_party/psyq/lib/libgs.a(2d_com1.o)
                0x00000000800186e0                . = ALIGN (0x10)
                0x00000000800186e0                __preinit_array_start = .
 *(.preinit_array)
                0x00000000800186e0                __preinit_array_end = .
                0x00000000800186e0                . = ALIGN (0x10)
                0x00000000800186e0                __init_array_start = .
 *(SORT_BY_NAME(.init_array.*))
 *(.init_array)
                0x00000000800186e0                . = ALIGN (0x10)
 *crtbegin.o(.ctors)
 *(EXCLUDE_FILE(*crtend.o) .ctors)
 *(SORT_BY_NAME(.ctors.*))
 *crtend.o(.ctors)
                0x00000000800186e0                __init_array_end = .
                0x00000000800186e0                . = ALIGN (0x10)
                0x00000000800186e0                __fini_array_start = .
 *(.fini_array)
 *(SORT_BY_NAME(.fini_array.*))
 *crtbegin.o(.dtors)
 *(EXCLUDE_FILE(*crtend.o) .dtors)
 *(SORT_BY_NAME(.dtors.*))
 *crtend.o(.dtors)
                0x00000000800186e0                __fini_array_end = .
                0x00000000800186e0                __build_id = .
 *(.note.gnu.build-id)
 .note.gnu.build-id
                0x00000000800186e0       0x24 main.o
                0x0000000080018704                __build_id_end = .

.rel.dyn        0x0000000080018704        0x0
 .rel.dyn       0x0000000080018704        0x0 third_party/psyq/lib/libgpu.a(sys.o)

.rodata1
 *(.rodata1)
                0x0000000080018704                __data_start = .

.data           0x0000000080018710     0xa8f0
 *(.a0table)
 *(.data .data.* .gnu.linkonce.d.*)
 .data          0x0000000080018710     0x47e0 main.o
                0x0000000080018710                hit
                0x0000000080018714                ballRad
                0x0000000080018718                velY
                0x000000008001871c                velX
                0x0000000080018720                lives
                0x0000000080018724                playerY
                0x0000000080018728                playerSize
                0x000000008001872c                yOff
                0x0000000080018730                xOff
                0x0000000080018734                brickSizeX
                0x0000000080018738                brickSizeY
                0x000000008001873c                brickSpacing
                0x0000000080018740                framing
                0x0000000080018744                maxLevel
                0x0000000080018748                gridMaster
                0x00000000800187fc                img_wall1
                0x000000008001c49c                img_playerBar
                0x000000008001c8b0                img_ball
                0x000000008001ced0                img_wall1_height
                0x000000008001ced2                img_wall1_width
                0x000000008001ced4                img_playerBar_height
                0x000000008001ced6                img_playerBar_width
                0x000000008001ced8                img_ball_height
                0x000000008001ceda                img_ball_width
                0x000000008001cedc                img_wall1_gpu_x
                0x000000008001cede                img_playerBar_gpu_x
                0x000000008001cee0                img_ball_gpu_x
 .data          0x000000008001cef0       0x10 third_party/psyq/lib/libetc.a(vmode.o)
 .data          0x000000008001cf00       0x20 third_party/psyq/lib/libetc.a(vsync.o)
                0x000000008001cf10                Hcount
 .data          0x000000008001cf20     0x1100 third_party/psyq/lib/libetc.a(intr.o)
 .data          0x000000008001e020       0x30 third_party/psyq/lib/libetc.a(intr_dma.o)
 .data          0x000000008001e050       0x30 third_party/psyq/lib/libetc.a(intr_vb.o)
                0x000000008001e070                Vcount
 .data          0x000000008001e080      0xb90 third_party/psyq/lib/libgpu.a(font.o)
                0x000000008001e080                Font
 .data          0x000000008001ec10      0x1a0 third_party/psyq/lib/libgpu.a(sys.o)
                0x000000008001ec5c                GPU_printf
                0x000000008001ec60                GEnv
                0x000000008001ed88                _qin
                0x000000008001ed8c                _qout
 .data          0x000000008001edb0       0x10 third_party/psyq/lib/libgte.a(msc00.o)
 .data          0x000000008001edc0     0x4000 third_party/psyq/lib/libgte.a(cstbl.o)
                0x000000008001edc0                rcossin_tbl
 .data          0x0000000080022dc0       0x10 third_party/psyq/lib/libapi.a(pad.o)
 *(.data1)
 *(.got.plt)
 *(.got)
                0x0000000080023000                . = ALIGN (0x800)
 *fill*         0x0000000080022dd0      0x230 
                0x0000000080023000                . = ALIGN (0x4)
                0x0000000080023000                __data_end = .
                0x0000000080023000                __fdata_end = .
                0x0000000080023000                . = ALIGN (0x4)
                0x0000000080023000                __bss_start = .

.sbss           0x0000000080023000     0x6894
 *(.dynsbss)
 *(.sbss .sbss.* .gnu.linkonce.sb.*)
 *(.scommon)
 .scommon       0x0000000080023000        0xc main.o
                0x0000000080023000                ballX
                0x0000000080023004                cachedPadValue
                0x0000000080023008                ballY
 .scommon       0x000000008002300c        0xa basics.o
                0x000000008002300c                SCREEN_WIDTH
                0x0000000080023010                SCREEN_HEIGHT
                0x0000000080023014                currentBuffer
 *(.dynbss)
 *(.bss .bss.* .gnu.linkonce.b.*)
 *fill*         0x0000000080023016        0xa 
 .bss           0x0000000080023020       0x30 main.o
                0x0000000080023020                pause
                0x0000000080023024                bricksLeft
                0x0000000080023028                bricksCounter
                0x000000008002302c                ballR
                0x0000000080023030                motion
                0x0000000080023034                gameWon
                0x0000000080023038                playerX
                0x000000008002303c                level
                0x0000000080023040                img_wall1_gpu_y
                0x0000000080023042                img_playerBar_gpu_y
                0x0000000080023044                img_ball_gpu_y
 .bss           0x0000000080023050       0x14 third_party/psyq/lib/libetc.a(pad.o)
                0x0000000080023060                PadIdentifier
 *fill*         0x0000000080023064        0x4 
 .bss           0x0000000080023068     0x4410 third_party/psyq/lib/libgpu.a(font.o)
 .bss           0x0000000080027478     0x1850 third_party/psyq/lib/libgpu.a(sys.o)
                0x00000000800274c8                _que
 .bss           0x0000000080028cc8       0x54 third_party/psyq/lib/libgs.a(global.o)
                0x0000000080028cc8                GsOUT_PACKET_P
                0x0000000080028cd0                GsMATE_C
                0x0000000080028cd8                GsLMODE
                0x0000000080028ce0                GsLIGNR
                0x0000000080028ce8                GsLIOFF
                0x0000000080028cf0                GsZOVER
                0x0000000080028cf8                GsBACKC
                0x0000000080028d00                GsNDIV
                0x0000000080028d08                GsTRATE
                0x0000000080028d10                GsTON
                0x0000000080028d18                GsDISPON
 *fill*         0x0000000080028d1c        0x4 
 .bss           0x0000000080028d20       0xea third_party/psyq/lib/libgs.a(gs_001.o)
                0x0000000080028d40                PSDIDX
                0x0000000080028d48                GsDRAWENV
                0x0000000080028da8                GsDISPENV
                0x0000000080028dc0                PSDGPU
                0x0000000080028dc8                PSDBASEX
                0x0000000080028dd0                PSDBASEY
                0x0000000080028dd8                POSITION
                0x0000000080028de0                CLIP2
                0x0000000080028de8                PSDCNT
                0x0000000080028df0                PSDOFSX
                0x0000000080028df8                PSDOFSY
                0x0000000080028e00                GsORGOFSX
                0x0000000080028e08                GsORGOFSY
 *fill*         0x0000000080028e0a        0x6 
 .bss           0x0000000080028e10       0x24 third_party/psyq/lib/libgs.a(gs_104.o)
                0x0000000080028e10                HWD0
                0x0000000080028e18                VWD0
                0x0000000080028e20                GsCLIP3near
                0x0000000080028e28                GsLIGHT_MODE
                0x0000000080028e30                GsCLIP3far
 *fill*         0x0000000080028e34        0x4 
 .bss           0x0000000080028e38       0x40 third_party/psyq/lib/libgs.a(gs_107.o)
                0x0000000080028e38                GsLIGHTWSMATRIX
                0x0000000080028e58                _LC
 .bss           0x0000000080028e78       0x40 third_party/psyq/lib/libgs.a(gs_128.o)
                0x0000000080028e78                GsIDMATRIX
                0x0000000080028e98                GsIDMATRIX2
 .bss           0x0000000080028eb8       0x10 third_party/psyq/lib/libgte.a(patchgte.o)
 .bss           0x0000000080028ec8       0x10 third_party/psyq/lib/libapi.a(pad.o)
                0x0000000080028ec8                _apiPadPatch
 .bss           0x0000000080028ed8       0x10 third_party/psyq/lib/libapi.a(patch.o)
 .bss           0x0000000080028ee8       0x10 third_party/psyq/lib/libapi.a(chclrpad.o)
 *(COMMON)
 COMMON         0x0000000080028ef8      0x700 main.o
                0x0000000080028ef8                playerSprite
                0x0000000080028f48                player
                0x0000000080028f9c                grid
                0x0000000080028fd8                bricks
                0x00000000800294c4                TrialTimer
                0x00000000800294d4                bgSprite
                0x0000000080029524                ballSprite
                0x0000000080029574                frame
                0x00000000800295c8                colourList
 COMMON         0x00000000800295f8      0x29c basics.o
                0x00000000800295f8                GPUOutputPacket
                0x0000000080029850                systemBackgroundColor
                0x000000008002985c                orderingTable
                0x0000000080029884                minorOrderingTable
                0x0000000080029894                . = ALIGN (0x4)
                0x0000000080029894                __bss_end = .
                0x0000000080029894                __heap_start = .
                0x0000000080029894                __end = .

/DISCARD/
 *(.MIPS.abiflags)
 *(.rel.iplt)
 *(.rela.iplt)
 *(.rel.plt)
 *(.rela.plt)
 *(.plt)
 *(.iplt)
 *(.note.GNU-stack)
 *(.gnu_debuglink)
 *(.gnu.lto_*)
OUTPUT(cs50x.elf elf32-tradlittlemips)

.mdebug.abi32   0x0000000000000000        0x0
 .mdebug.abi32  0x0000000000000000        0x0 main.o
 .mdebug.abi32  0x0000000000000000        0x0 basics.o
 .mdebug.abi32  0x0000000000000000        0x0 timerz.o

.comment        0x0000000000000000       0x2a
 .comment       0x0000000000000000       0x2a main.o
                                         0x2b (size before relaxing)
 .comment       0x000000000000002a       0x2b basics.o
 .comment       0x000000000000002a       0x2b timerz.o

.gnu.attributes
                0x0000000000000000       0x10
 .gnu.attributes
                0x0000000000000000       0x10 main.o
 .gnu.attributes
                0x0000000000000010       0x10 basics.o
 .gnu.attributes
                0x0000000000000020       0x10 timerz.o
 .gnu.attributes
                0x0000000000000030       0x10 third_party/common/crt0/crt0.o

.pdr            0x0000000000000000        0x0
 .pdr           0x0000000000000000        0x0 third_party/common/crt0/crt0.o

.note           0x0000000000000000     0x22e4
 .note          0x0000000000000000       0x74 third_party/psyq/lib/libc.a(c14.o)
 .note          0x0000000000000074       0x74 third_party/psyq/lib/libc.a(c42.o)
 .note          0x00000000000000e8       0x74 third_party/psyq/lib/libc.a(c63.o)
 .note          0x000000000000015c       0x74 third_party/psyq/lib/libetc.a(pad.o)
 .note          0x00000000000001d0       0x74 third_party/psyq/lib/libetc.a(vmode.o)
 .note          0x0000000000000244       0x74 third_party/psyq/lib/libetc.a(vsync.o)
 .note          0x00000000000002b8       0x74 third_party/psyq/lib/libetc.a(intr.o)
 .note          0x000000000000032c       0x74 third_party/psyq/lib/libetc.a(intr_dma.o)
 .note          0x00000000000003a0       0x74 third_party/psyq/lib/libetc.a(intr_vb.o)
 .note          0x0000000000000414       0x74 third_party/psyq/lib/libgpu.a(font.o)
 .note          0x0000000000000488       0x74 third_party/psyq/lib/libgpu.a(p00.o)
 .note          0x00000000000004fc       0x74 third_party/psyq/lib/libgpu.a(p06.o)
 .note          0x0000000000000570       0x74 third_party/psyq/lib/libgpu.a(p09.o)
 .note          0x00000000000005e4       0x74 third_party/psyq/lib/libgpu.a(p10.o)
 .note          0x0000000000000658       0x74 third_party/psyq/lib/libgpu.a(p20.o)
 .note          0x00000000000006cc       0x74 third_party/psyq/lib/libgpu.a(p26.o)
 .note          0x0000000000000740       0x74 third_party/psyq/lib/libgpu.a(p27.o)
 .note          0x00000000000007b4       0x74 third_party/psyq/lib/libgpu.a(p41.o)
 .note          0x0000000000000828       0x74 third_party/psyq/lib/libgpu.a(sys.o)
 .note          0x000000000000089c       0x74 third_party/psyq/lib/libgpu.a(e00.o)
 .note          0x0000000000000910       0x74 third_party/psyq/lib/libgpu.a(e02.o)
 .note          0x0000000000000984       0x74 third_party/psyq/lib/libgpu.a(p01.o)
 .note          0x00000000000009f8       0x74 third_party/psyq/lib/libgs.a(2d_sp0.o)
 .note          0x0000000000000a6c       0x74 third_party/psyq/lib/libgs.a(global.o)
 .note          0x0000000000000ae0       0x74 third_party/psyq/lib/libgs.a(gs_001.o)
 .note          0x0000000000000b54       0x74 third_party/psyq/lib/libgs.a(gs_0021.o)
 .note          0x0000000000000bc8       0x74 third_party/psyq/lib/libgs.a(gs_0022.o)
 .note          0x0000000000000c3c       0x74 third_party/psyq/lib/libgs.a(gs_003.o)
 .note          0x0000000000000cb0       0x74 third_party/psyq/lib/libgs.a(gs_010.o)
 .note          0x0000000000000d24       0x74 third_party/psyq/lib/libgs.a(gs_103.o)
 .note          0x0000000000000d98       0x74 third_party/psyq/lib/libgs.a(gs_104.o)
 .note          0x0000000000000e0c       0x74 third_party/psyq/lib/libgs.a(gs_107.o)
 .note          0x0000000000000e80       0x74 third_party/psyq/lib/libgs.a(gs_111.o)
 .note          0x0000000000000ef4       0x74 third_party/psyq/lib/libgs.a(gs_113.o)
 .note          0x0000000000000f68       0x74 third_party/psyq/lib/libgs.a(gs_121.o)
 .note          0x0000000000000fdc       0x74 third_party/psyq/lib/libgs.a(gs_122.o)
 .note          0x0000000000001050       0x74 third_party/psyq/lib/libgs.a(gs_124.o)
 .note          0x00000000000010c4       0x74 third_party/psyq/lib/libgs.a(gs_128.o)
 .note          0x0000000000001138       0x74 third_party/psyq/lib/libgs.a(2d_com1.o)
 .note          0x00000000000011ac       0x74 third_party/psyq/lib/libgte.a(cmb_00.o)
 .note          0x0000000000001220       0x74 third_party/psyq/lib/libgte.a(fgo_01.o)
 .note          0x0000000000001294       0x74 third_party/psyq/lib/libgte.a(msc00.o)
 .note          0x0000000000001308       0x74 third_party/psyq/lib/libgte.a(msc01.o)
 .note          0x000000000000137c       0x74 third_party/psyq/lib/libgte.a(mtx_07.o)
 .note          0x00000000000013f0       0x74 third_party/psyq/lib/libgte.a(mtx_08.o)
 .note          0x0000000000001464       0x74 third_party/psyq/lib/libgte.a(mtx_09.o)
 .note          0x00000000000014d8       0x74 third_party/psyq/lib/libgte.a(mtx_11.o)
 .note          0x000000000000154c       0x74 third_party/psyq/lib/libgte.a(mtx_12.o)
 .note          0x00000000000015c0       0x74 third_party/psyq/lib/libgte.a(patchgte.o)
 .note          0x0000000000001634       0x74 third_party/psyq/lib/libgte.a(reg09.o)
 .note          0x00000000000016a8       0x74 third_party/psyq/lib/libgte.a(reg11.o)
 .note          0x000000000000171c       0x74 third_party/psyq/lib/libgte.a(reg12.o)
 .note          0x0000000000001790       0x74 third_party/psyq/lib/libgte.a(sqrtbl.o)
 .note          0x0000000000001804       0x74 third_party/psyq/lib/libgte.a(cstbl.o)
 .note          0x0000000000001878       0x74 third_party/psyq/lib/libapi.a(a22.o)
 .note          0x00000000000018ec       0x74 third_party/psyq/lib/libapi.a(a23.o)
 .note          0x0000000000001960       0x74 third_party/psyq/lib/libapi.a(a24.o)
 .note          0x00000000000019d4       0x74 third_party/psyq/lib/libapi.a(a25.o)
 .note          0x0000000000001a48       0x74 third_party/psyq/lib/libapi.a(a36.o)
 .note          0x0000000000001abc       0x74 third_party/psyq/lib/libapi.a(a37.o)
 .note          0x0000000000001b30       0x74 third_party/psyq/lib/libapi.a(a91.o)
 .note          0x0000000000001ba4       0x74 third_party/psyq/lib/libapi.a(c114.o)
 .note          0x0000000000001c18       0x74 third_party/psyq/lib/libapi.a(c68.o)
 .note          0x0000000000001c8c       0x74 third_party/psyq/lib/libapi.a(c73.o)
 .note          0x0000000000001d00       0x74 third_party/psyq/lib/libapi.a(l10.o)
 .note          0x0000000000001d74       0x74 third_party/psyq/lib/libapi.a(pad.o)
 .note          0x0000000000001de8       0x74 third_party/psyq/lib/libapi.a(patch.o)
 .note          0x0000000000001e5c       0x74 third_party/psyq/lib/libapi.a(a18.o)
 .note          0x0000000000001ed0       0x74 third_party/psyq/lib/libapi.a(a19.o)
 .note          0x0000000000001f44       0x74 third_party/psyq/lib/libapi.a(a21.o)
 .note          0x0000000000001fb8       0x74 third_party/psyq/lib/libapi.a(chclrpad.o)
 .note          0x000000000000202c       0x74 third_party/psyq/lib/libapi.a(l02.o)
 .note          0x00000000000020a0       0x74 third_party/psyq/lib/libapi.a(l03.o)
 .note          0x0000000000002114       0x74 third_party/psyq/lib/libc.a(a63.o)
 .note          0x0000000000002188       0x74 third_party/psyq/lib/libc.a(c19.o)
 .note          0x00000000000021fc       0x74 third_party/psyq/lib/libc.a(c27.o)
 .note          0x0000000000002270       0x74 third_party/psyq/lib/libc.a(c43.o)

.debug_info     0x0000000000000000     0x2e49
 .debug_info    0x0000000000000000     0x149c main.o
 .debug_info    0x000000000000149c     0x183c basics.o
 .debug_info    0x0000000000002cd8      0x14b timerz.o
 .debug_info    0x0000000000002e23       0x26 third_party/common/crt0/crt0.o

.debug_abbrev   0x0000000000000000      0x7e2
 .debug_abbrev  0x0000000000000000      0x31b main.o
 .debug_abbrev  0x000000000000031b      0x38c basics.o
 .debug_abbrev  0x00000000000006a7      0x127 timerz.o
 .debug_abbrev  0x00000000000007ce       0x14 third_party/common/crt0/crt0.o

.debug_loc      0x0000000000000000      0xb5b
 .debug_loc     0x0000000000000000      0x201 main.o
 .debug_loc     0x0000000000000201      0x838 basics.o
 .debug_loc     0x0000000000000a39      0x122 timerz.o

.debug_aranges  0x0000000000000000      0x168
 .debug_aranges
                0x0000000000000000       0x60 main.o
 .debug_aranges
                0x0000000000000060       0xc0 basics.o
 .debug_aranges
                0x0000000000000120       0x28 timerz.o
 .debug_aranges
                0x0000000000000148       0x20 third_party/common/crt0/crt0.o

.debug_ranges   0x0000000000000000      0x2f8
 .debug_ranges  0x0000000000000000      0x218 main.o
 .debug_ranges  0x0000000000000218       0xc8 basics.o
 .debug_ranges  0x00000000000002e0       0x18 timerz.o

.debug_line     0x0000000000000000     0x10e3
 .debug_line    0x0000000000000000      0x85f main.o
 .debug_line    0x000000000000085f      0x73e basics.o
 .debug_line    0x0000000000000f9d       0xf0 timerz.o
 .debug_line    0x000000000000108d       0x56 third_party/common/crt0/crt0.o

.debug_str      0x0000000000000000      0x9ac
 .debug_str     0x0000000000000000      0x706 main.o
                                        0x755 (size before relaxing)
 .debug_str     0x0000000000000706      0x26c basics.o
                                        0x6dd (size before relaxing)
 .debug_str     0x0000000000000972        0xf timerz.o
                                        0x1d2 (size before relaxing)
 .debug_str     0x0000000000000981       0x2b third_party/common/crt0/crt0.o
                                         0x3c (size before relaxing)

.debug_frame    0x0000000000000000      0x488
 .debug_frame   0x0000000000000000      0x190 main.o
 .debug_frame   0x0000000000000190      0x2ac basics.o
 .debug_frame   0x000000000000043c       0x4c timerz.o
