Archive member included to satisfy reference by file (symbol)

../third_party/psyq/lib/libc.a(c14.o)
                              main.o (abs)
../third_party/psyq/lib/libc.a(c42.o)
                              main.o (memcpy)
../third_party/psyq/lib/libc.a(c63.o)
                              main.o (printf)
../third_party/psyq/lib/libetc.a(pad.o)
                              main.o (PadRead)
../third_party/psyq/lib/libetc.a(vmode.o)
                              basics.o (GetVideoMode)
../third_party/psyq/lib/libetc.a(vsync.o)
                              basics.o (VSync)
../third_party/psyq/lib/libetc.a(intr.o)
                              ../third_party/psyq/lib/libetc.a(pad.o) (ResetCallback)
../third_party/psyq/lib/libetc.a(intr_dma.o)
                              ../third_party/psyq/lib/libetc.a(intr.o) (startIntrDMA)
../third_party/psyq/lib/libetc.a(intr_vb.o)
                              ../third_party/psyq/lib/libetc.a(vsync.o) (Vcount)
../third_party/psyq/lib/libgpu.a(font.o)
                              basics.o (FntFlush)
../third_party/psyq/lib/libgpu.a(p00.o)
                              basics.o (GetTPage)
../third_party/psyq/lib/libgpu.a(p06.o)
                              ../third_party/psyq/lib/libgpu.a(font.o) (AddPrim)
../third_party/psyq/lib/libgpu.a(p09.o)
                              ../third_party/psyq/lib/libgpu.a(font.o) (TermPrim)
../third_party/psyq/lib/libgpu.a(p10.o)
                              ../third_party/psyq/lib/libgpu.a(font.o) (SetSemiTrans)
../third_party/psyq/lib/libgpu.a(p20.o)
                              ../third_party/psyq/lib/libgpu.a(font.o) (SetSprt8)
../third_party/psyq/lib/libgpu.a(p26.o)
                              ../third_party/psyq/lib/libgpu.a(font.o) (SetTile)
../third_party/psyq/lib/libgpu.a(p27.o)
                              basics.o (SetLineF2)
../third_party/psyq/lib/libgpu.a(p41.o)
                              ../third_party/psyq/lib/libgpu.a(font.o) (SetDrawMode)
../third_party/psyq/lib/libgpu.a(sys.o)
                              basics.o (ClearImage2)
../third_party/psyq/lib/libgpu.a(e00.o)
                              ../third_party/psyq/lib/libgpu.a(font.o) (LoadTPage)
../third_party/psyq/lib/libgpu.a(e02.o)
                              ../third_party/psyq/lib/libgpu.a(font.o) (LoadClut2)
../third_party/psyq/lib/libgpu.a(p01.o)
                              ../third_party/psyq/lib/libgpu.a(e02.o) (GetClut)
../third_party/psyq/lib/libgs.a(2d_sp0.o)
                              basics.o (GsSortSprite)
../third_party/psyq/lib/libgs.a(global.o)
                              ../third_party/psyq/lib/libgs.a(2d_sp0.o) (GsOUT_PACKET_P)
../third_party/psyq/lib/libgs.a(gs_001.o)
                              ../third_party/psyq/lib/libgs.a(2d_sp0.o) (GsORGOFSY)
../third_party/psyq/lib/libgs.a(gs_0021.o)
                              basics.o (GsGetActiveBuff)
../third_party/psyq/lib/libgs.a(gs_0022.o)
                              ../third_party/psyq/lib/libgs.a(gs_001.o) (GsSetDrawBuffOffset)
../third_party/psyq/lib/libgs.a(gs_003.o)
                              ../third_party/psyq/lib/libgs.a(gs_001.o) (GsSetDrawBuffClip)
../third_party/psyq/lib/libgs.a(gs_010.o)
                              basics.o (GsSwapDispBuff)
../third_party/psyq/lib/libgs.a(gs_103.o)
                              basics.o (GsDefDispBuff)
../third_party/psyq/lib/libgs.a(gs_104.o)
                              ../third_party/psyq/lib/libgs.a(gs_001.o) (HWD0)
../third_party/psyq/lib/libgs.a(gs_107.o)
                              ../third_party/psyq/lib/libgs.a(gs_001.o) (GsLIGHTWSMATRIX)
../third_party/psyq/lib/libgs.a(gs_111.o)
                              basics.o (GsDrawOt)
../third_party/psyq/lib/libgs.a(gs_113.o)
                              basics.o (GsClearOt)
../third_party/psyq/lib/libgs.a(gs_121.o)
                              ../third_party/psyq/lib/libgs.a(gs_001.o) (gte_init)
../third_party/psyq/lib/libgs.a(gs_122.o)
                              basics.o (GsGetTimInfo)
../third_party/psyq/lib/libgs.a(gs_124.o)
                              basics.o (GsSetWorkBase)
../third_party/psyq/lib/libgs.a(gs_128.o)
                              ../third_party/psyq/lib/libgs.a(2d_sp0.o) (GsIDMATRIX)
../third_party/psyq/lib/libgs.a(2d_com1.o)
                              ../third_party/psyq/lib/libgs.a(2d_sp0.o) (_make_packet)
../third_party/psyq/lib/libgte.a(cmb_00.o)
                              ../third_party/psyq/lib/libgs.a(2d_sp0.o) (RotTransPers4)
../third_party/psyq/lib/libgte.a(fgo_01.o)
                              ../third_party/psyq/lib/libgs.a(2d_sp0.o) (RotMatrix)
../third_party/psyq/lib/libgte.a(msc00.o)
                              ../third_party/psyq/lib/libgs.a(gs_121.o) (InitGeom)
../third_party/psyq/lib/libgte.a(msc01.o)
                              ../third_party/psyq/lib/libgs.a(gs_107.o) (SquareRoot0)
../third_party/psyq/lib/libgte.a(mtx_07.o)
                              ../third_party/psyq/lib/libgs.a(2d_sp0.o) (TransMatrix)
../third_party/psyq/lib/libgte.a(mtx_08.o)
                              ../third_party/psyq/lib/libgs.a(2d_sp0.o) (ScaleMatrix)
../third_party/psyq/lib/libgte.a(mtx_09.o)
                              ../third_party/psyq/lib/libgs.a(2d_sp0.o) (SetRotMatrix)
../third_party/psyq/lib/libgte.a(mtx_11.o)
                              ../third_party/psyq/lib/libgs.a(gs_107.o) (SetColorMatrix)
../third_party/psyq/lib/libgte.a(mtx_12.o)
                              ../third_party/psyq/lib/libgs.a(2d_sp0.o) (SetTransMatrix)
../third_party/psyq/lib/libgte.a(patchgte.o)
                              ../third_party/psyq/lib/libgte.a(msc00.o) (_patch_gte)
../third_party/psyq/lib/libgte.a(reg09.o)
                              ../third_party/psyq/lib/libgs.a(2d_sp0.o) (ReadGeomScreen)
../third_party/psyq/lib/libgte.a(reg11.o)
                              ../third_party/psyq/lib/libgs.a(gs_121.o) (SetFarColor)
../third_party/psyq/lib/libgte.a(reg12.o)
                              ../third_party/psyq/lib/libgs.a(gs_0022.o) (SetGeomOffset)
../third_party/psyq/lib/libgte.a(sqrtbl.o)
                              ../third_party/psyq/lib/libgte.a(msc01.o) (SQRT)
../third_party/psyq/lib/libgte.a(cstbl.o)
                              ../third_party/psyq/lib/libgte.a(fgo_01.o) (rcossin_tbl)
../third_party/psyq/lib/libapi.a(a22.o)
                              ../third_party/psyq/lib/libetc.a(pad.o) (PAD_dr)
../third_party/psyq/lib/libapi.a(a23.o)
                              ../third_party/psyq/lib/libetc.a(intr.o) (ReturnFromException)
../third_party/psyq/lib/libapi.a(a24.o)
                              ../third_party/psyq/lib/libetc.a(intr.o) (ResetEntryInt)
../third_party/psyq/lib/libapi.a(a25.o)
                              ../third_party/psyq/lib/libetc.a(intr.o) (HookEntryInt)
../third_party/psyq/lib/libapi.a(a36.o)
                              ../third_party/psyq/lib/libetc.a(intr.o) (EnterCriticalSection)
../third_party/psyq/lib/libapi.a(a37.o)
                              ../third_party/psyq/lib/libetc.a(intr.o) (ExitCriticalSection)
../third_party/psyq/lib/libapi.a(a91.o)
                              ../third_party/psyq/lib/libetc.a(pad.o) (ChangeClearPAD)
../third_party/psyq/lib/libapi.a(c114.o)
                              ../third_party/psyq/lib/libetc.a(intr.o) (_96_remove)
../third_party/psyq/lib/libapi.a(c68.o)
                              ../third_party/psyq/lib/libgte.a(patchgte.o) (FlushCache)
../third_party/psyq/lib/libapi.a(c73.o)
                              ../third_party/psyq/lib/libgpu.a(sys.o) (GPU_cw)
../third_party/psyq/lib/libapi.a(l10.o)
                              ../third_party/psyq/lib/libetc.a(vsync.o) (ChangeClearRCnt)
../third_party/psyq/lib/libapi.a(pad.o)
                              ../third_party/psyq/lib/libetc.a(pad.o) (PAD_init)
../third_party/psyq/lib/libapi.a(patch.o)
                              ../third_party/psyq/lib/libapi.a(pad.o) (_patch_pad)
../third_party/psyq/lib/libapi.a(a18.o)
                              ../third_party/psyq/lib/libapi.a(pad.o) (InitPAD2)
../third_party/psyq/lib/libapi.a(a19.o)
                              ../third_party/psyq/lib/libapi.a(pad.o) (StartPAD2)
../third_party/psyq/lib/libapi.a(a21.o)
                              ../third_party/psyq/lib/libapi.a(pad.o) (PAD_init2)
../third_party/psyq/lib/libapi.a(chclrpad.o)
                              ../third_party/psyq/lib/libapi.a(pad.o) (_remove_ChgclrPAD)
../third_party/psyq/lib/libapi.a(l02.o)
                              ../third_party/psyq/lib/libapi.a(pad.o) (SysEnqIntRP)
../third_party/psyq/lib/libapi.a(l03.o)
                              ../third_party/psyq/lib/libapi.a(pad.o) (SysDeqIntRP)
../third_party/psyq/lib/libc.a(a63.o)
                              ../third_party/psyq/lib/libetc.a(vsync.o) (puts)
../third_party/psyq/lib/libc.a(c19.o)
                              ../third_party/psyq/lib/libetc.a(intr.o) (setjmp)
../third_party/psyq/lib/libc.a(c27.o)
                              ../third_party/psyq/lib/libgpu.a(font.o) (strlen)
../third_party/psyq/lib/libc.a(c43.o)
                              ../third_party/psyq/lib/libgpu.a(font.o) (memset)

Allocating common symbols
Common symbol       size              file

playerSprite        0x50              main.o
player              0x54              main.o
grid                0x3c              main.o
bricks              0x4ec             main.o
SCREEN_WIDTH        0x4               basics.o
TrialTimer          0x10              main.o
GPUOutputPacket     0x258             basics.o
ballX               0x4               main.o
bgSprite            0x50              main.o
SCREEN_HEIGHT       0x4               basics.o
currentBuffer       0x2               basics.o
ballSprite          0x50              main.o
systemBackgroundColor
                    0xc               basics.o
frame               0x54              main.o
cachedPadValue      0x4               main.o
colourList          0x30              main.o
orderingTable       0x28              basics.o
ballY               0x4               main.o
minorOrderingTable  0x10              basics.o

Discarded input sections

 .text          0x0000000000000000        0x0 main.o
 .reginfo       0x0000000000000000       0x18 main.o
 .MIPS.abiflags
                0x0000000000000000       0x18 main.o
 .pdr           0x0000000000000000      0x140 main.o
 .text.drawWon  0x0000000000000000        0x8 main.o
 .text          0x0000000000000000        0x0 basics.o
 .data          0x0000000000000000        0x0 basics.o
 .bss           0x0000000000000000        0x0 basics.o
 .reginfo       0x0000000000000000       0x18 basics.o
 .MIPS.abiflags
                0x0000000000000000       0x18 basics.o
 .pdr           0x0000000000000000      0x2a0 basics.o
 .text.moveLine
                0x0000000000000000       0x50 basics.o
 .text.transposeBox
                0x0000000000000000       0x34 basics.o
 .text.drawLine
                0x0000000000000000       0x30 basics.o
 .text          0x0000000000000000        0x0 timerz.o
 .data          0x0000000000000000        0x0 timerz.o
 .bss           0x0000000000000000        0x0 timerz.o
 .reginfo       0x0000000000000000       0x18 timerz.o
 .MIPS.abiflags
                0x0000000000000000       0x18 timerz.o
 .pdr           0x0000000000000000       0x40 timerz.o
 .text          0x0000000000000000        0x0 ../third_party/common/syscalls/printf.o
 .data          0x0000000000000000        0x0 ../third_party/common/syscalls/printf.o
 .bss           0x0000000000000000        0x0 ../third_party/common/syscalls/printf.o
 .reginfo       0x0000000000000000       0x18 ../third_party/common/syscalls/printf.o
 .MIPS.abiflags
                0x0000000000000000       0x18 ../third_party/common/syscalls/printf.o
 .pdr           0x0000000000000000        0x0 ../third_party/common/syscalls/printf.o
 .ramtext       0x0000000000000000        0xc ../third_party/common/syscalls/printf.o
 .debug_line    0x0000000000000000       0x59 ../third_party/common/syscalls/printf.o
 .debug_info    0x0000000000000000       0x26 ../third_party/common/syscalls/printf.o
 .debug_abbrev  0x0000000000000000       0x14 ../third_party/common/syscalls/printf.o
 .debug_aranges
                0x0000000000000000       0x20 ../third_party/common/syscalls/printf.o
 .debug_str     0x0000000000000000       0x45 ../third_party/common/syscalls/printf.o
 .gnu.attributes
                0x0000000000000000       0x10 ../third_party/common/syscalls/printf.o
 .text          0x0000000000000000        0x0 ../third_party/common/crt0/crt0.o
 .data          0x0000000000000000        0x0 ../third_party/common/crt0/crt0.o
 .bss           0x0000000000000000        0x0 ../third_party/common/crt0/crt0.o
 .reginfo       0x0000000000000000       0x18 ../third_party/common/crt0/crt0.o
 .MIPS.abiflags
                0x0000000000000000       0x18 ../third_party/common/crt0/crt0.o
 .data          0x0000000000000000       0x10 ../third_party/psyq/lib/libgs.a(global.o)
 .data          0x0000000000000000       0x10 ../third_party/psyq/lib/libgs.a(gs_001.o)
 .text          0x0000000000000000       0x80 ../third_party/psyq/lib/libgs.a(gs_104.o)
 .text          0x0000000000000000      0x570 ../third_party/psyq/lib/libgs.a(gs_107.o)
 .text          0x0000000000000000       0x90 ../third_party/psyq/lib/libgte.a(msc01.o)
 .text          0x0000000000000000       0x30 ../third_party/psyq/lib/libgte.a(mtx_11.o)
 .data          0x0000000000000000      0x180 ../third_party/psyq/lib/libgte.a(sqrtbl.o)

Memory Configuration

Name             Origin             Length             Attributes
loader           0x000000008000f800 0x0000000000000800
ram              0x0000000080010000 0x00000000001f0000 xrw
dcache           0x000000001f800000 0x0000000000000400
kttyram          0x000000000000c000 0x0000000000002000 xrw
*default*        0x0000000000000000 0xffffffffffffffff

Linker script and memory map

LOAD main.o
LOAD basics.o
LOAD timerz.o
LOAD ../third_party/common/syscalls/printf.o
LOAD ../third_party/common/crt0/crt0.o
START GROUP
LOAD ../third_party/psyq/lib/libapi.a
LOAD ../third_party/psyq/lib/libc.a
LOAD ../third_party/psyq/lib/libc2.a
LOAD ../third_party/psyq/lib/libcard.a
LOAD ../third_party/psyq/lib/libcomb.a
LOAD ../third_party/psyq/lib/libds.a
LOAD ../third_party/psyq/lib/libetc.a
LOAD ../third_party/psyq/lib/libgpu.a
LOAD ../third_party/psyq/lib/libgs.a
LOAD ../third_party/psyq/lib/libgte.a
LOAD ../third_party/psyq/lib/libgpu.a
LOAD ../third_party/psyq/lib/libgun.a
LOAD ../third_party/psyq/lib/libhmd.a
LOAD ../third_party/psyq/lib/libmath.a
LOAD ../third_party/psyq/lib/libmcrd.a
LOAD ../third_party/psyq/lib/libmcx.a
LOAD ../third_party/psyq/lib/libpad.a
LOAD ../third_party/psyq/lib/libpress.a
LOAD ../third_party/psyq/lib/libsio.a
LOAD ../third_party/psyq/lib/libsnd.a
LOAD ../third_party/psyq/lib/libspu.a
LOAD ../third_party/psyq/lib/libtap.a
END GROUP
                0x0000000080010000                TLOAD_ADDR = DEFINED (TLOAD_ADDR)?TLOAD_ADDR:0x80010000
                0x0000000080200000                __ram_top = (ORIGIN (ram) + LENGTH (ram))
                0x00000000801fff00                __sp = (__ram_top - 0x100)
                0x000000001f800000                __dcache = ORIGIN (dcache)
                0x000000001f800400                __dcache_top = (ORIGIN (dcache) + LENGTH (dcache))
                0x0000000000006894                __bss_len = (__bss_end - __bss_start)
                0xffffffff7fffc000                __ftext_len = (__ftext_end - __ftext_start)
                0x0000000080017000                __fdata_len = (__fdata_end - __fdata_start)
                0x0000000080200000                __stack_start = (ORIGIN (ram) + LENGTH (ram))
                0x0000000000000000                __ktty_length = (__ktty_dest_end - __ktty_dest_start)

.PSX_EXE_Header
                0x000000008000f800      0x800
                0x000000008000f800        0x1 BYTE 0x50
                0x000000008000f801        0x1 BYTE 0x53
                0x000000008000f802        0x1 BYTE 0x2d
                0x000000008000f803        0x1 BYTE 0x58
                0x000000008000f804        0x1 BYTE 0x20
                0x000000008000f805        0x1 BYTE 0x45
                0x000000008000f806        0x1 BYTE 0x58
                0x000000008000f807        0x1 BYTE 0x45
                0x000000008000f808        0x4 LONG 0x0
                0x000000008000f80c        0x4 LONG 0x0
                0x000000008000f810        0x4 LONG 0x80010000 ABSOLUTE (_start)
                0x000000008000f814        0x4 LONG 0x0
                0x000000008000f818        0x4 LONG 0x80010000 TLOAD_ADDR
                0x000000008000f81c        0x4 LONG 0x13000 (__ftext_len + __fdata_len)
                0x000000008000f820        0x4 LONG 0x0
                0x000000008000f824        0x4 LONG 0x0
                0x000000008000f828        0x4 LONG 0x0
                0x000000008000f82c        0x4 LONG 0x0
                0x000000008000f830        0x4 LONG 0x801fff00 DEFINED (_sp)?ABSOLUTE (_sp):0x801fff00
                0x000000008000f834        0x4 LONG 0x0
                0x0000000080010000                . = (. + 0x7c8)
 *fill*         0x000000008000f838      0x7c8 
                0x0000000080010000                __ftext_start = ABSOLUTE (.)

.text           0x0000000080010000     0x8210
 *(.start)
 .start         0x0000000080010000       0x38 ../third_party/common/crt0/crt0.o
                0x0000000080010000                _start
 *(.init)
 *(SORT_NONE(.fini))
 *(.text.unlikely .text.*_unlikely .text.unlikely.*)
 *(.text.exit .text.exit.*)
 *(.text.startup .text.startup.*)
 .text.startup.main
                0x0000000080010038       0xc4 main.o
                0x0000000080010038                main
 *(.text.hot .text.hot.*)
 *(.text .stub .text.* .gnu.linkonce.t.*)
 .text.initialiseScene
                0x00000000800100fc      0x124 main.o
                0x00000000800100fc                initialiseScene
 .text.updateControls
                0x0000000080010220      0x140 main.o
                0x0000000080010220                updateControls
 .text.initialiseLevel
                0x0000000080010360       0x5c main.o
                0x0000000080010360                initialiseLevel
 .text.initialize
                0x00000000800103bc      0x2cc main.o
                0x00000000800103bc                initialize
 .text.initialiseGame
                0x0000000080010688       0x38 main.o
                0x0000000080010688                initialiseGame
 .text.drawGameOver
                0x00000000800106c0       0x1c main.o
                0x00000000800106c0                drawGameOver
 .text.ballMotion
                0x00000000800106dc      0x56c main.o
                0x00000000800106dc                ballMotion
 .text.draw     0x0000000080010c48      0x544 main.o
                0x0000000080010c48                draw
 .text.createImage
                0x000000008001118c      0x180 basics.o
                0x000000008001118c                createImage
 .text.moveImage
                0x000000008001130c       0x44 basics.o
                0x000000008001130c                moveImage
 .text.scaleImage
                0x0000000080011350       0x74 basics.o
                0x0000000080011350                scaleImage
 .text.rotImage
                0x00000000800113c4       0x40 basics.o
                0x00000000800113c4                rotImage
 .text.drawImage
                0x0000000080011404       0x60 basics.o
                0x0000000080011404                drawImage
 .text.createColor
                0x0000000080011464       0x14 basics.o
                0x0000000080011464                createColor
 .text.createLine
                0x0000000080011478       0x8c basics.o
                0x0000000080011478                createLine
 .text.createBox
                0x0000000080011504      0x12c basics.o
                0x0000000080011504                createBox
 .text.moveBox  0x0000000080011630      0x1a8 basics.o
                0x0000000080011630                moveBox
 .text.drawBox  0x00000000800117d8       0x48 basics.o
                0x00000000800117d8                drawBox
 .text.setScreenMode
                0x0000000080011820       0xd8 basics.o
                0x0000000080011820                setScreenMode
 .text.setBackgroundColor
                0x00000000800118f8       0x24 basics.o
                0x00000000800118f8                setBackgroundColor
 .text.initializeDebugFont
                0x000000008001191c       0x44 basics.o
                0x000000008001191c                initializeDebugFont
 .text.initializeOrderingTable
                0x0000000080011960       0x90 basics.o
                0x0000000080011960                initializeOrderingTable
 .text.display  0x00000000800119f0       0x90 basics.o
                0x00000000800119f0                display
 .text.clearDisplay
                0x0000000080011a80       0x74 basics.o
                0x0000000080011a80                clearDisplay
 .text.clearVRAM
                0x0000000080011af4       0x44 basics.o
                0x0000000080011af4                clearVRAM
 .text.initializeScreen
                0x0000000080011b38       0xa0 basics.o
                0x0000000080011b38                initializeScreen
 .text.createTimer
                0x0000000080011bd8       0x44 timerz.o
                0x0000000080011bd8                createTimer
 .text.incTimer
                0x0000000080011c1c       0x5c timerz.o
                0x0000000080011c1c                incTimer
 .text          0x0000000080011c78       0x10 ../third_party/psyq/lib/libc.a(c14.o)
                0x0000000080011c78                abs
 .text          0x0000000080011c88       0x10 ../third_party/psyq/lib/libc.a(c42.o)
                0x0000000080011c88                memcpy
 .text          0x0000000080011c98       0x10 ../third_party/psyq/lib/libc.a(c63.o)
                0x0000000080011c98                printf
 .text          0x0000000080011ca8       0x80 ../third_party/psyq/lib/libetc.a(pad.o)
                0x0000000080011ca8                PadInit
                0x0000000080011cf4                PadRead
 .text          0x0000000080011d28       0x30 ../third_party/psyq/lib/libetc.a(vmode.o)
                0x0000000080011d28                SetVideoMode
                0x0000000080011d3c                GetVideoMode
 .text          0x0000000080011d58      0x210 ../third_party/psyq/lib/libetc.a(vsync.o)
                0x0000000080011d58                VSync
 .text          0x0000000080011f68      0x6c0 ../third_party/psyq/lib/libetc.a(intr.o)
                0x0000000080011f68                ResetCallback
                0x0000000080011f98                InterruptCallback
                0x0000000080011fc8                DMACallback
                0x0000000080011ff8                VSyncCallback
                0x000000008001202c                VSyncCallbacks
                0x000000008001205c                StopCallback
                0x000000008001208c                RestartCallback
                0x00000000800120bc                CheckCallback
                0x00000000800120cc                GetIntrMask
                0x00000000800120e4                SetIntrMask
 .text          0x0000000080012628      0x2a0 ../third_party/psyq/lib/libetc.a(intr_dma.o)
                0x0000000080012628                startIntrDMA
 .text          0x00000000800128c8      0x120 ../third_party/psyq/lib/libetc.a(intr_vb.o)
                0x00000000800128c8                startIntrVSync
 .text          0x00000000800129e8      0xa80 ../third_party/psyq/lib/libgpu.a(font.o)
                0x00000000800129e8                SetDumpFnt
                0x0000000080012a28                FntLoad
                0x0000000080012ac8                FntOpen
                0x0000000080012d84                FntFlush
                0x00000000800130a0                FntPrint
 .text          0x0000000080013468       0x40 ../third_party/psyq/lib/libgpu.a(p00.o)
                0x0000000080013468                GetTPage
 .text          0x00000000800134a8       0x40 ../third_party/psyq/lib/libgpu.a(p06.o)
                0x00000000800134a8                AddPrim
 .text          0x00000000800134e8       0x20 ../third_party/psyq/lib/libgpu.a(p09.o)
                0x00000000800134e8                TermPrim
 .text          0x0000000080013508       0x30 ../third_party/psyq/lib/libgpu.a(p10.o)
                0x0000000080013508                SetSemiTrans
 .text          0x0000000080013538       0x20 ../third_party/psyq/lib/libgpu.a(p20.o)
                0x0000000080013538                SetSprt8
 .text          0x0000000080013558       0x20 ../third_party/psyq/lib/libgpu.a(p26.o)
                0x0000000080013558                SetTile
 .text          0x0000000080013578       0x20 ../third_party/psyq/lib/libgpu.a(p27.o)
                0x0000000080013578                SetLineF2
 .text          0x0000000080013598       0xa0 ../third_party/psyq/lib/libgpu.a(p41.o)
                0x0000000080013598                SetDrawMode
 .text          0x0000000080013638     0x2f00 ../third_party/psyq/lib/libgpu.a(sys.o)
                0x0000000080013638                ResetGraph
                0x00000000800137ac                SetGraphDebug
                0x0000000080013808                SetGraphQueue
                0x00000000800138ac                GetGraphDebug
                0x00000000800138bc                DrawSyncCallback
                0x000000008001391c                SetDispMask
                0x00000000800139b4                DrawSync
                0x0000000080013b38                ClearImage
                0x0000000080013bc8                ClearImage2
                0x0000000080013c60                LoadImage
                0x0000000080013cc0                StoreImage
                0x0000000080013d20                MoveImage
                0x0000000080013dd8                ClearOTag
                0x0000000080013ea0                ClearOTagR
                0x0000000080013f4c                DrawPrim
                0x0000000080013fa8                DrawOTag
                0x0000000080014018                PutDrawEnv
                0x00000000800140d8                DrawOTagEnv
                0x00000000800141b0                GetDrawEnv
                0x00000000800141e4                PutDispEnv
                0x00000000800146dc                GetDispEnv
                0x0000000080014710                GetODE
                0x0000000080014740                SetDrawArea
                0x00000000800147c0                SetDrawOffset
                0x0000000080014800                SetDrawEnv
                0x00000000800160d0                LoadImage2
                0x00000000800161bc                StoreImage2
                0x00000000800162a8                MoveImage2
                0x00000000800163ec                DrawOTag2
                0x00000000800164e8                _GPU_ResetCallback
 .text          0x0000000080016538       0xf0 ../third_party/psyq/lib/libgpu.a(e00.o)
                0x0000000080016538                LoadTPage
 .text          0x0000000080016628       0x70 ../third_party/psyq/lib/libgpu.a(e02.o)
                0x0000000080016628                LoadClut2
 .text          0x0000000080016698       0x20 ../third_party/psyq/lib/libgpu.a(p01.o)
                0x0000000080016698                GetClut
 .text          0x00000000800166b8      0x500 ../third_party/psyq/lib/libgs.a(2d_sp0.o)
                0x00000000800166b8                GsSortSprite
 .text          0x0000000080016bb8      0x550 ../third_party/psyq/lib/libgs.a(gs_001.o)
                0x0000000080016bb8                GsInitGraph
                0x0000000080016d48                GsInitGraph2
                0x0000000080016fd0                GsSortClear
 .text          0x0000000080017108       0x10 ../third_party/psyq/lib/libgs.a(gs_0021.o)
                0x0000000080017108                GsGetActiveBuff
 .text          0x0000000080017118      0x110 ../third_party/psyq/lib/libgs.a(gs_0022.o)
                0x0000000080017118                GsSetDrawBuffOffset
 .text          0x0000000080017228       0x80 ../third_party/psyq/lib/libgs.a(gs_003.o)
                0x0000000080017228                GsSetDrawBuffClip
 .text          0x00000000800172a8       0xb0 ../third_party/psyq/lib/libgs.a(gs_010.o)
                0x00000000800172a8                GsSwapDispBuff
 .text          0x0000000080017358       0xa0 ../third_party/psyq/lib/libgs.a(gs_103.o)
                0x0000000080017358                GsDefDispBuff
 .text          0x00000000800173f8       0x30 ../third_party/psyq/lib/libgs.a(gs_111.o)
                0x00000000800173f8                GsDrawOt
 .text          0x0000000080017428       0x60 ../third_party/psyq/lib/libgs.a(gs_113.o)
                0x0000000080017428                GsClearOt
 .text          0x0000000080017488       0x50 ../third_party/psyq/lib/libgs.a(gs_121.o)
                0x0000000080017488                gte_init
 .text          0x00000000800174d8       0xf0 ../third_party/psyq/lib/libgs.a(gs_122.o)
                0x00000000800174d8                GsGetTimInfo
 .text          0x00000000800175c8       0x10 ../third_party/psyq/lib/libgs.a(gs_124.o)
                0x00000000800175c8                GsSetWorkBase
 .text          0x00000000800175d8       0xa0 ../third_party/psyq/lib/libgs.a(2d_com1.o)
                0x00000000800175d8                _make_packet
 .text          0x0000000080017678       0x80 ../third_party/psyq/lib/libgte.a(cmb_00.o)
                0x0000000080017678                RotTransPers4
 .text          0x00000000800176f8      0x290 ../third_party/psyq/lib/libgte.a(fgo_01.o)
                0x00000000800176f8                RotMatrix
 .text          0x0000000080017988       0x90 ../third_party/psyq/lib/libgte.a(msc00.o)
                0x0000000080017990                InitGeom
 .text          0x0000000080017a18       0x30 ../third_party/psyq/lib/libgte.a(mtx_07.o)
                0x0000000080017a18                TransMatrix
 .text          0x0000000080017a48      0x140 ../third_party/psyq/lib/libgte.a(mtx_08.o)
                0x0000000080017a48                ScaleMatrix
 .text          0x0000000080017b88       0x30 ../third_party/psyq/lib/libgte.a(mtx_09.o)
                0x0000000080017b88                SetRotMatrix
 .text          0x0000000080017bb8       0x20 ../third_party/psyq/lib/libgte.a(mtx_12.o)
                0x0000000080017bb8                SetTransMatrix
 .text          0x0000000080017bd8       0xe0 ../third_party/psyq/lib/libgte.a(patchgte.o)
                0x0000000080017bd8                _patch_gte
 .text          0x0000000080017cb8       0x10 ../third_party/psyq/lib/libgte.a(reg09.o)
                0x0000000080017cb8                ReadGeomScreen
 .text          0x0000000080017cc8       0x20 ../third_party/psyq/lib/libgte.a(reg11.o)
                0x0000000080017cc8                SetFarColor
 .text          0x0000000080017ce8       0x20 ../third_party/psyq/lib/libgte.a(reg12.o)
                0x0000000080017ce8                SetGeomOffset
 .text          0x0000000080017d08       0x10 ../third_party/psyq/lib/libapi.a(a22.o)
                0x0000000080017d08                PAD_dr
 .text          0x0000000080017d18       0x10 ../third_party/psyq/lib/libapi.a(a23.o)
                0x0000000080017d18                ReturnFromException
 .text          0x0000000080017d28       0x10 ../third_party/psyq/lib/libapi.a(a24.o)
                0x0000000080017d28                ResetEntryInt
 .text          0x0000000080017d38       0x10 ../third_party/psyq/lib/libapi.a(a25.o)
                0x0000000080017d38                HookEntryInt
 .text          0x0000000080017d48       0x10 ../third_party/psyq/lib/libapi.a(a36.o)
                0x0000000080017d48                EnterCriticalSection
 .text          0x0000000080017d58       0x10 ../third_party/psyq/lib/libapi.a(a37.o)
                0x0000000080017d58                ExitCriticalSection
 .text          0x0000000080017d68       0x10 ../third_party/psyq/lib/libapi.a(a91.o)
                0x0000000080017d68                ChangeClearPAD
 .text          0x0000000080017d78       0x20 ../third_party/psyq/lib/libapi.a(c114.o)
                0x0000000080017d80                _96_remove
 .text          0x0000000080017d98       0x10 ../third_party/psyq/lib/libapi.a(c68.o)
                0x0000000080017d98                FlushCache
 .text          0x0000000080017da8       0x10 ../third_party/psyq/lib/libapi.a(c73.o)
                0x0000000080017da8                GPU_cw
 .text          0x0000000080017db8       0x10 ../third_party/psyq/lib/libapi.a(l10.o)
                0x0000000080017db8                ChangeClearRCnt
 .text          0x0000000080017dc8      0x290 ../third_party/psyq/lib/libapi.a(pad.o)
                0x0000000080017dc8                SetInitPadFlag
                0x0000000080017dd4                ReadInitPadFlag
                0x0000000080017de4                PAD_init
                0x0000000080017e74                InitPAD
                0x0000000080017f04                StartPAD
 .text          0x0000000080018058       0xa0 ../third_party/psyq/lib/libapi.a(patch.o)
                0x0000000080018058                EnablePAD
                0x000000008001806c                DisablePAD
                0x0000000080018080                _patch_pad
 .text          0x00000000800180f8       0x10 ../third_party/psyq/lib/libapi.a(a18.o)
                0x00000000800180f8                InitPAD2
 .text          0x0000000080018108       0x10 ../third_party/psyq/lib/libapi.a(a19.o)
                0x0000000080018108                StartPAD2
 .text          0x0000000080018118       0x10 ../third_party/psyq/lib/libapi.a(a21.o)
                0x0000000080018118                PAD_init2
 .text          0x0000000080018128       0x70 ../third_party/psyq/lib/libapi.a(chclrpad.o)
                0x0000000080018128                _remove_ChgclrPAD
 .text          0x0000000080018198       0x10 ../third_party/psyq/lib/libapi.a(l02.o)
                0x0000000080018198                SysEnqIntRP
 .text          0x00000000800181a8       0x10 ../third_party/psyq/lib/libapi.a(l03.o)
                0x00000000800181a8                SysDeqIntRP
 .text          0x00000000800181b8       0x20 ../third_party/psyq/lib/libc.a(a63.o)
                0x00000000800181c0                puts
 .text          0x00000000800181d8       0x10 ../third_party/psyq/lib/libc.a(c19.o)
                0x00000000800181d8                setjmp
 .text          0x00000000800181e8       0x10 ../third_party/psyq/lib/libc.a(c27.o)
                0x00000000800181e8                strlen
 .text          0x00000000800181f8       0x10 ../third_party/psyq/lib/libc.a(c43.o)
                0x00000000800181f8                memset
                0x0000000080018210                . = ALIGN (0x10)
 *fill*         0x0000000080018208        0x8 
 *(.init)
                0x0000000080018210                . = ALIGN (0x10)
 *(.fini)
                0x0000000080018210                __ktty_src = .

.kttytext       0x000000000000c000        0x0 load address 0x0000000080018210
                0x000000000000c000                __ktty_dest_start = ABSOLUTE (.)
 *(.kttytext)
                0x000000000000c000                __ktty_dest_end = ABSOLUTE (.)
                0x000000000000c000                . = ALIGN (0x10)
                0x000000000000c000                . = ALIGN (0x10)
                0x000000000000c000                __text_end = .
                0x000000000000c000                __ftext_end = ABSOLUTE (.)
                0x000000000000c000                __fdata_start = ABSOLUTE (.)

.rodata         0x0000000080018210      0x524
 *(.rodata .rodata.* .rdata .rdata.* .gnu.linkonce.r.*)
 .rodata.str1.4
                0x0000000080018210       0x37 main.o
                                         0x38 (size before relaxing)
 *fill*         0x0000000080018247        0x1 
 .rodata.str1.4
                0x0000000080018248      0x11c basics.o
 *fill*         0x0000000080018364        0x4 
 .rdata         0x0000000080018368       0x10 ../third_party/psyq/lib/libetc.a(vsync.o)
 .rdata         0x0000000080018378       0x70 ../third_party/psyq/lib/libetc.a(intr.o)
 .rdata         0x00000000800183e8       0x30 ../third_party/psyq/lib/libetc.a(intr_dma.o)
 .rdata         0x0000000080018418       0xa0 ../third_party/psyq/lib/libgpu.a(font.o)
 .rdata         0x00000000800184b8      0x220 ../third_party/psyq/lib/libgpu.a(sys.o)
 .rdata         0x00000000800186d8       0x30 ../third_party/psyq/lib/libgs.a(2d_com1.o)
                0x0000000080018710                . = ALIGN (0x10)
 *fill*         0x0000000080018708        0x8 
                0x0000000080018710                __preinit_array_start = .
 *(.preinit_array)
                0x0000000080018710                __preinit_array_end = .
                0x0000000080018710                . = ALIGN (0x10)
                0x0000000080018710                __init_array_start = .
 *(SORT_BY_NAME(.init_array.*))
 *(.init_array)
                0x0000000080018710                . = ALIGN (0x10)
 *crtbegin.o(.ctors)
 *(EXCLUDE_FILE(*crtend.o) .ctors)
 *(SORT_BY_NAME(.ctors.*))
 *crtend.o(.ctors)
                0x0000000080018710                __init_array_end = .
                0x0000000080018710                . = ALIGN (0x10)
                0x0000000080018710                __fini_array_start = .
 *(.fini_array)
 *(SORT_BY_NAME(.fini_array.*))
 *crtbegin.o(.dtors)
 *(EXCLUDE_FILE(*crtend.o) .dtors)
 *(SORT_BY_NAME(.dtors.*))
 *crtend.o(.dtors)
                0x0000000080018710                __fini_array_end = .
                0x0000000080018710                __build_id = .
 *(.note.gnu.build-id)
 .note.gnu.build-id
                0x0000000080018710       0x24 main.o
                0x0000000080018734                __build_id_end = .

.rel.dyn        0x0000000080018734        0x0
 .rel.dyn       0x0000000080018734        0x0 ../third_party/psyq/lib/libgpu.a(sys.o)

.rodata1
 *(.rodata1)
                0x0000000080018734                __data_start = .

.data           0x0000000080018740     0xa8c0
 *(.a0table)
 *(.data .data.* .gnu.linkonce.d.*)
 .data          0x0000000080018740     0x47e0 main.o
                0x0000000080018740                hit
                0x0000000080018744                ballRad
                0x0000000080018748                velY
                0x000000008001874c                velX
                0x0000000080018750                lives
                0x0000000080018754                playerY
                0x0000000080018758                playerSize
                0x000000008001875c                yOff
                0x0000000080018760                xOff
                0x0000000080018764                brickSizeX
                0x0000000080018768                brickSizeY
                0x000000008001876c                brickSpacing
                0x0000000080018770                framing
                0x0000000080018774                maxLevel
                0x0000000080018778                gridMaster
                0x000000008001882c                img_wall1
                0x000000008001c4cc                img_playerBar
                0x000000008001c8e0                img_ball
                0x000000008001cf00                img_wall1_height
                0x000000008001cf02                img_wall1_width
                0x000000008001cf04                img_playerBar_height
                0x000000008001cf06                img_playerBar_width
                0x000000008001cf08                img_ball_height
                0x000000008001cf0a                img_ball_width
                0x000000008001cf0c                img_wall1_gpu_x
                0x000000008001cf0e                img_playerBar_gpu_x
                0x000000008001cf10                img_ball_gpu_x
 .data          0x000000008001cf20       0x10 ../third_party/psyq/lib/libetc.a(vmode.o)
 .data          0x000000008001cf30       0x20 ../third_party/psyq/lib/libetc.a(vsync.o)
                0x000000008001cf40                Hcount
 .data          0x000000008001cf50     0x1100 ../third_party/psyq/lib/libetc.a(intr.o)
 .data          0x000000008001e050       0x30 ../third_party/psyq/lib/libetc.a(intr_dma.o)
 .data          0x000000008001e080       0x30 ../third_party/psyq/lib/libetc.a(intr_vb.o)
                0x000000008001e0a0                Vcount
 .data          0x000000008001e0b0      0xb90 ../third_party/psyq/lib/libgpu.a(font.o)
                0x000000008001e0b0                Font
 .data          0x000000008001ec40      0x1a0 ../third_party/psyq/lib/libgpu.a(sys.o)
                0x000000008001ec8c                GPU_printf
                0x000000008001ec90                GEnv
                0x000000008001edb8                _qin
                0x000000008001edbc                _qout
 .data          0x000000008001ede0       0x10 ../third_party/psyq/lib/libgte.a(msc00.o)
 .data          0x000000008001edf0     0x4000 ../third_party/psyq/lib/libgte.a(cstbl.o)
                0x000000008001edf0                rcossin_tbl
 .data          0x0000000080022df0       0x10 ../third_party/psyq/lib/libapi.a(pad.o)
 *(.data1)
 *(.got.plt)
 *(.got)
                0x0000000080023000                . = ALIGN (0x800)
 *fill*         0x0000000080022e00      0x200 
                0x0000000080023000                . = ALIGN (0x4)
                0x0000000080023000                __data_end = .
                0x0000000080023000                __fdata_end = .
                0x0000000080023000                . = ALIGN (0x4)
                0x0000000080023000                __bss_start = .

.sbss           0x0000000080023000     0x6894
 *(.dynsbss)
 *(.sbss .sbss.* .gnu.linkonce.sb.*)
 *(.scommon)
 .scommon       0x0000000080023000        0xc main.o
                0x0000000080023000                ballX
                0x0000000080023004                cachedPadValue
                0x0000000080023008                ballY
 .scommon       0x000000008002300c        0xa basics.o
                0x000000008002300c                SCREEN_WIDTH
                0x0000000080023010                SCREEN_HEIGHT
                0x0000000080023014                currentBuffer
 *(.dynbss)
 *(.bss .bss.* .gnu.linkonce.b.*)
 *fill*         0x0000000080023016        0xa 
 .bss           0x0000000080023020       0x30 main.o
                0x0000000080023020                pause
                0x0000000080023024                bricksLeft
                0x0000000080023028                bricksCounter
                0x000000008002302c                ballR
                0x0000000080023030                motion
                0x0000000080023034                gameWon
                0x0000000080023038                playerX
                0x000000008002303c                level
                0x0000000080023040                img_wall1_gpu_y
                0x0000000080023042                img_playerBar_gpu_y
                0x0000000080023044                img_ball_gpu_y
 .bss           0x0000000080023050       0x14 ../third_party/psyq/lib/libetc.a(pad.o)
                0x0000000080023060                PadIdentifier
 *fill*         0x0000000080023064        0x4 
 .bss           0x0000000080023068     0x4410 ../third_party/psyq/lib/libgpu.a(font.o)
 .bss           0x0000000080027478     0x1850 ../third_party/psyq/lib/libgpu.a(sys.o)
                0x00000000800274c8                _que
 .bss           0x0000000080028cc8       0x54 ../third_party/psyq/lib/libgs.a(global.o)
                0x0000000080028cc8                GsOUT_PACKET_P
                0x0000000080028cd0                GsMATE_C
                0x0000000080028cd8                GsLMODE
                0x0000000080028ce0                GsLIGNR
                0x0000000080028ce8                GsLIOFF
                0x0000000080028cf0                GsZOVER
                0x0000000080028cf8                GsBACKC
                0x0000000080028d00                GsNDIV
                0x0000000080028d08                GsTRATE
                0x0000000080028d10                GsTON
                0x0000000080028d18                GsDISPON
 *fill*         0x0000000080028d1c        0x4 
 .bss           0x0000000080028d20       0xea ../third_party/psyq/lib/libgs.a(gs_001.o)
                0x0000000080028d40                PSDIDX
                0x0000000080028d48                GsDRAWENV
                0x0000000080028da8                GsDISPENV
                0x0000000080028dc0                PSDGPU
                0x0000000080028dc8                PSDBASEX
                0x0000000080028dd0                PSDBASEY
                0x0000000080028dd8                POSITION
                0x0000000080028de0                CLIP2
                0x0000000080028de8                PSDCNT
                0x0000000080028df0                PSDOFSX
                0x0000000080028df8                PSDOFSY
                0x0000000080028e00                GsORGOFSX
                0x0000000080028e08                GsORGOFSY
 *fill*         0x0000000080028e0a        0x6 
 .bss           0x0000000080028e10       0x24 ../third_party/psyq/lib/libgs.a(gs_104.o)
                0x0000000080028e10                HWD0
                0x0000000080028e18                VWD0
                0x0000000080028e20                GsCLIP3near
                0x0000000080028e28                GsLIGHT_MODE
                0x0000000080028e30                GsCLIP3far
 *fill*         0x0000000080028e34        0x4 
 .bss           0x0000000080028e38       0x40 ../third_party/psyq/lib/libgs.a(gs_107.o)
                0x0000000080028e38                GsLIGHTWSMATRIX
                0x0000000080028e58                _LC
 .bss           0x0000000080028e78       0x40 ../third_party/psyq/lib/libgs.a(gs_128.o)
                0x0000000080028e78                GsIDMATRIX
                0x0000000080028e98                GsIDMATRIX2
 .bss           0x0000000080028eb8       0x10 ../third_party/psyq/lib/libgte.a(patchgte.o)
 .bss           0x0000000080028ec8       0x10 ../third_party/psyq/lib/libapi.a(pad.o)
                0x0000000080028ec8                _apiPadPatch
 .bss           0x0000000080028ed8       0x10 ../third_party/psyq/lib/libapi.a(patch.o)
 .bss           0x0000000080028ee8       0x10 ../third_party/psyq/lib/libapi.a(chclrpad.o)
 *(COMMON)
 COMMON         0x0000000080028ef8      0x700 main.o
                0x0000000080028ef8                playerSprite
                0x0000000080028f48                player
                0x0000000080028f9c                grid
                0x0000000080028fd8                bricks
                0x00000000800294c4                TrialTimer
                0x00000000800294d4                bgSprite
                0x0000000080029524                ballSprite
                0x0000000080029574                frame
                0x00000000800295c8                colourList
 COMMON         0x00000000800295f8      0x29c basics.o
                0x00000000800295f8                GPUOutputPacket
                0x0000000080029850                systemBackgroundColor
                0x000000008002985c                orderingTable
                0x0000000080029884                minorOrderingTable
                0x0000000080029894                . = ALIGN (0x4)
                0x0000000080029894                __bss_end = .
                0x0000000080029894                __heap_start = .
                0x0000000080029894                __end = .

/DISCARD/
 *(.MIPS.abiflags)
 *(.rel.iplt)
 *(.rela.iplt)
 *(.rel.plt)
 *(.rela.plt)
 *(.plt)
 *(.iplt)
 *(.note.GNU-stack)
 *(.gnu_debuglink)
 *(.gnu.lto_*)
OUTPUT(cs50x.elf elf32-tradlittlemips)

.mdebug.abi32   0x0000000000000000        0x0
 .mdebug.abi32  0x0000000000000000        0x0 main.o
 .mdebug.abi32  0x0000000000000000        0x0 basics.o
 .mdebug.abi32  0x0000000000000000        0x0 timerz.o

.comment        0x0000000000000000       0x2a
 .comment       0x0000000000000000       0x2a main.o
                                         0x2b (size before relaxing)
 .comment       0x000000000000002a       0x2b basics.o
 .comment       0x000000000000002a       0x2b timerz.o

.gnu.attributes
                0x0000000000000000       0x10
 .gnu.attributes
                0x0000000000000000       0x10 main.o
 .gnu.attributes
                0x0000000000000010       0x10 basics.o
 .gnu.attributes
                0x0000000000000020       0x10 timerz.o
 .gnu.attributes
                0x0000000000000030       0x10 ../third_party/common/crt0/crt0.o

.pdr            0x0000000000000000        0x0
 .pdr           0x0000000000000000        0x0 ../third_party/common/crt0/crt0.o

.note           0x0000000000000000     0x22e4
 .note          0x0000000000000000       0x74 ../third_party/psyq/lib/libc.a(c14.o)
 .note          0x0000000000000074       0x74 ../third_party/psyq/lib/libc.a(c42.o)
 .note          0x00000000000000e8       0x74 ../third_party/psyq/lib/libc.a(c63.o)
 .note          0x000000000000015c       0x74 ../third_party/psyq/lib/libetc.a(pad.o)
 .note          0x00000000000001d0       0x74 ../third_party/psyq/lib/libetc.a(vmode.o)
 .note          0x0000000000000244       0x74 ../third_party/psyq/lib/libetc.a(vsync.o)
 .note          0x00000000000002b8       0x74 ../third_party/psyq/lib/libetc.a(intr.o)
 .note          0x000000000000032c       0x74 ../third_party/psyq/lib/libetc.a(intr_dma.o)
 .note          0x00000000000003a0       0x74 ../third_party/psyq/lib/libetc.a(intr_vb.o)
 .note          0x0000000000000414       0x74 ../third_party/psyq/lib/libgpu.a(font.o)
 .note          0x0000000000000488       0x74 ../third_party/psyq/lib/libgpu.a(p00.o)
 .note          0x00000000000004fc       0x74 ../third_party/psyq/lib/libgpu.a(p06.o)
 .note          0x0000000000000570       0x74 ../third_party/psyq/lib/libgpu.a(p09.o)
 .note          0x00000000000005e4       0x74 ../third_party/psyq/lib/libgpu.a(p10.o)
 .note          0x0000000000000658       0x74 ../third_party/psyq/lib/libgpu.a(p20.o)
 .note          0x00000000000006cc       0x74 ../third_party/psyq/lib/libgpu.a(p26.o)
 .note          0x0000000000000740       0x74 ../third_party/psyq/lib/libgpu.a(p27.o)
 .note          0x00000000000007b4       0x74 ../third_party/psyq/lib/libgpu.a(p41.o)
 .note          0x0000000000000828       0x74 ../third_party/psyq/lib/libgpu.a(sys.o)
 .note          0x000000000000089c       0x74 ../third_party/psyq/lib/libgpu.a(e00.o)
 .note          0x0000000000000910       0x74 ../third_party/psyq/lib/libgpu.a(e02.o)
 .note          0x0000000000000984       0x74 ../third_party/psyq/lib/libgpu.a(p01.o)
 .note          0x00000000000009f8       0x74 ../third_party/psyq/lib/libgs.a(2d_sp0.o)
 .note          0x0000000000000a6c       0x74 ../third_party/psyq/lib/libgs.a(global.o)
 .note          0x0000000000000ae0       0x74 ../third_party/psyq/lib/libgs.a(gs_001.o)
 .note          0x0000000000000b54       0x74 ../third_party/psyq/lib/libgs.a(gs_0021.o)
 .note          0x0000000000000bc8       0x74 ../third_party/psyq/lib/libgs.a(gs_0022.o)
 .note          0x0000000000000c3c       0x74 ../third_party/psyq/lib/libgs.a(gs_003.o)
 .note          0x0000000000000cb0       0x74 ../third_party/psyq/lib/libgs.a(gs_010.o)
 .note          0x0000000000000d24       0x74 ../third_party/psyq/lib/libgs.a(gs_103.o)
 .note          0x0000000000000d98       0x74 ../third_party/psyq/lib/libgs.a(gs_104.o)
 .note          0x0000000000000e0c       0x74 ../third_party/psyq/lib/libgs.a(gs_107.o)
 .note          0x0000000000000e80       0x74 ../third_party/psyq/lib/libgs.a(gs_111.o)
 .note          0x0000000000000ef4       0x74 ../third_party/psyq/lib/libgs.a(gs_113.o)
 .note          0x0000000000000f68       0x74 ../third_party/psyq/lib/libgs.a(gs_121.o)
 .note          0x0000000000000fdc       0x74 ../third_party/psyq/lib/libgs.a(gs_122.o)
 .note          0x0000000000001050       0x74 ../third_party/psyq/lib/libgs.a(gs_124.o)
 .note          0x00000000000010c4       0x74 ../third_party/psyq/lib/libgs.a(gs_128.o)
 .note          0x0000000000001138       0x74 ../third_party/psyq/lib/libgs.a(2d_com1.o)
 .note          0x00000000000011ac       0x74 ../third_party/psyq/lib/libgte.a(cmb_00.o)
 .note          0x0000000000001220       0x74 ../third_party/psyq/lib/libgte.a(fgo_01.o)
 .note          0x0000000000001294       0x74 ../third_party/psyq/lib/libgte.a(msc00.o)
 .note          0x0000000000001308       0x74 ../third_party/psyq/lib/libgte.a(msc01.o)
 .note          0x000000000000137c       0x74 ../third_party/psyq/lib/libgte.a(mtx_07.o)
 .note          0x00000000000013f0       0x74 ../third_party/psyq/lib/libgte.a(mtx_08.o)
 .note          0x0000000000001464       0x74 ../third_party/psyq/lib/libgte.a(mtx_09.o)
 .note          0x00000000000014d8       0x74 ../third_party/psyq/lib/libgte.a(mtx_11.o)
 .note          0x000000000000154c       0x74 ../third_party/psyq/lib/libgte.a(mtx_12.o)
 .note          0x00000000000015c0       0x74 ../third_party/psyq/lib/libgte.a(patchgte.o)
 .note          0x0000000000001634       0x74 ../third_party/psyq/lib/libgte.a(reg09.o)
 .note          0x00000000000016a8       0x74 ../third_party/psyq/lib/libgte.a(reg11.o)
 .note          0x000000000000171c       0x74 ../third_party/psyq/lib/libgte.a(reg12.o)
 .note          0x0000000000001790       0x74 ../third_party/psyq/lib/libgte.a(sqrtbl.o)
 .note          0x0000000000001804       0x74 ../third_party/psyq/lib/libgte.a(cstbl.o)
 .note          0x0000000000001878       0x74 ../third_party/psyq/lib/libapi.a(a22.o)
 .note          0x00000000000018ec       0x74 ../third_party/psyq/lib/libapi.a(a23.o)
 .note          0x0000000000001960       0x74 ../third_party/psyq/lib/libapi.a(a24.o)
 .note          0x00000000000019d4       0x74 ../third_party/psyq/lib/libapi.a(a25.o)
 .note          0x0000000000001a48       0x74 ../third_party/psyq/lib/libapi.a(a36.o)
 .note          0x0000000000001abc       0x74 ../third_party/psyq/lib/libapi.a(a37.o)
 .note          0x0000000000001b30       0x74 ../third_party/psyq/lib/libapi.a(a91.o)
 .note          0x0000000000001ba4       0x74 ../third_party/psyq/lib/libapi.a(c114.o)
 .note          0x0000000000001c18       0x74 ../third_party/psyq/lib/libapi.a(c68.o)
 .note          0x0000000000001c8c       0x74 ../third_party/psyq/lib/libapi.a(c73.o)
 .note          0x0000000000001d00       0x74 ../third_party/psyq/lib/libapi.a(l10.o)
 .note          0x0000000000001d74       0x74 ../third_party/psyq/lib/libapi.a(pad.o)
 .note          0x0000000000001de8       0x74 ../third_party/psyq/lib/libapi.a(patch.o)
 .note          0x0000000000001e5c       0x74 ../third_party/psyq/lib/libapi.a(a18.o)
 .note          0x0000000000001ed0       0x74 ../third_party/psyq/lib/libapi.a(a19.o)
 .note          0x0000000000001f44       0x74 ../third_party/psyq/lib/libapi.a(a21.o)
 .note          0x0000000000001fb8       0x74 ../third_party/psyq/lib/libapi.a(chclrpad.o)
 .note          0x000000000000202c       0x74 ../third_party/psyq/lib/libapi.a(l02.o)
 .note          0x00000000000020a0       0x74 ../third_party/psyq/lib/libapi.a(l03.o)
 .note          0x0000000000002114       0x74 ../third_party/psyq/lib/libc.a(a63.o)
 .note          0x0000000000002188       0x74 ../third_party/psyq/lib/libc.a(c19.o)
 .note          0x00000000000021fc       0x74 ../third_party/psyq/lib/libc.a(c27.o)
 .note          0x0000000000002270       0x74 ../third_party/psyq/lib/libc.a(c43.o)

.debug_info     0x0000000000000000     0x2e69
 .debug_info    0x0000000000000000     0x14bc main.o
 .debug_info    0x00000000000014bc     0x183c basics.o
 .debug_info    0x0000000000002cf8      0x14b timerz.o
 .debug_info    0x0000000000002e43       0x26 ../third_party/common/crt0/crt0.o

.debug_abbrev   0x0000000000000000      0x7e2
 .debug_abbrev  0x0000000000000000      0x31b main.o
 .debug_abbrev  0x000000000000031b      0x38c basics.o
 .debug_abbrev  0x00000000000006a7      0x127 timerz.o
 .debug_abbrev  0x00000000000007ce       0x14 ../third_party/common/crt0/crt0.o

.debug_loc      0x0000000000000000      0xb5b
 .debug_loc     0x0000000000000000      0x201 main.o
 .debug_loc     0x0000000000000201      0x838 basics.o
 .debug_loc     0x0000000000000a39      0x122 timerz.o

.debug_aranges  0x0000000000000000      0x168
 .debug_aranges
                0x0000000000000000       0x60 main.o
 .debug_aranges
                0x0000000000000060       0xc0 basics.o
 .debug_aranges
                0x0000000000000120       0x28 timerz.o
 .debug_aranges
                0x0000000000000148       0x20 ../third_party/common/crt0/crt0.o

.debug_ranges   0x0000000000000000      0x2f8
 .debug_ranges  0x0000000000000000      0x218 main.o
 .debug_ranges  0x0000000000000218       0xc8 basics.o
 .debug_ranges  0x00000000000002e0       0x18 timerz.o

.debug_line     0x0000000000000000     0x1109
 .debug_line    0x0000000000000000      0x879 main.o
 .debug_line    0x0000000000000879      0x744 basics.o
 .debug_line    0x0000000000000fbd       0xf3 timerz.o
 .debug_line    0x00000000000010b0       0x59 ../third_party/common/crt0/crt0.o

.debug_str      0x0000000000000000      0x9af
 .debug_str     0x0000000000000000      0x706 main.o
                                        0x75c (size before relaxing)
 .debug_str     0x0000000000000706      0x26c basics.o
                                        0x6dd (size before relaxing)
 .debug_str     0x0000000000000972        0xf timerz.o
                                        0x1d2 (size before relaxing)
 .debug_str     0x0000000000000981       0x2e ../third_party/common/crt0/crt0.o
                                         0x3f (size before relaxing)

.debug_frame    0x0000000000000000      0x48c
 .debug_frame   0x0000000000000000      0x194 main.o
 .debug_frame   0x0000000000000194      0x2ac basics.o
 .debug_frame   0x0000000000000440       0x4c timerz.o
