Archive member included to satisfy reference by file (symbol)

third_party/psyq/lib/libc.a(c14.o)
                              main.o (abs)
third_party/psyq/lib/libc.a(c42.o)
                              main.o (memcpy)
third_party/psyq/lib/libc.a(c63.o)
                              main.o (printf)
third_party/psyq/lib/libetc.a(pad.o)
                              main.o (PadRead)
third_party/psyq/lib/libetc.a(vmode.o)
                              basics.o (GetVideoMode)
third_party/psyq/lib/libetc.a(vsync.o)
                              basics.o (VSync)
third_party/psyq/lib/libetc.a(intr.o)
                              third_party/psyq/lib/libetc.a(pad.o) (ResetCallback)
third_party/psyq/lib/libetc.a(intr_dma.o)
                              third_party/psyq/lib/libetc.a(intr.o) (startIntrDMA)
third_party/psyq/lib/libetc.a(intr_vb.o)
                              third_party/psyq/lib/libetc.a(vsync.o) (Vcount)
third_party/psyq/lib/libgpu.a(font.o)
                              basics.o (FntFlush)
third_party/psyq/lib/libgpu.a(p00.o)
                              basics.o (GetTPage)
third_party/psyq/lib/libgpu.a(p06.o)
                              third_party/psyq/lib/libgpu.a(font.o) (AddPrim)
third_party/psyq/lib/libgpu.a(p09.o)
                              third_party/psyq/lib/libgpu.a(font.o) (TermPrim)
third_party/psyq/lib/libgpu.a(p10.o)
                              third_party/psyq/lib/libgpu.a(font.o) (SetSemiTrans)
third_party/psyq/lib/libgpu.a(p20.o)
                              third_party/psyq/lib/libgpu.a(font.o) (SetSprt8)
third_party/psyq/lib/libgpu.a(p26.o)
                              third_party/psyq/lib/libgpu.a(font.o) (SetTile)
third_party/psyq/lib/libgpu.a(p27.o)
                              basics.o (SetLineF2)
third_party/psyq/lib/libgpu.a(p41.o)
                              third_party/psyq/lib/libgpu.a(font.o) (SetDrawMode)
third_party/psyq/lib/libgpu.a(sys.o)
                              basics.o (ClearImage2)
third_party/psyq/lib/libgpu.a(e00.o)
                              third_party/psyq/lib/libgpu.a(font.o) (LoadTPage)
third_party/psyq/lib/libgpu.a(e02.o)
                              third_party/psyq/lib/libgpu.a(font.o) (LoadClut2)
third_party/psyq/lib/libgpu.a(p01.o)
                              third_party/psyq/lib/libgpu.a(e02.o) (GetClut)
third_party/psyq/lib/libgs.a(2d_sp0.o)
                              basics.o (GsSortSprite)
third_party/psyq/lib/libgs.a(global.o)
                              third_party/psyq/lib/libgs.a(2d_sp0.o) (GsOUT_PACKET_P)
third_party/psyq/lib/libgs.a(gs_001.o)
                              third_party/psyq/lib/libgs.a(2d_sp0.o) (GsORGOFSY)
third_party/psyq/lib/libgs.a(gs_0021.o)
                              basics.o (GsGetActiveBuff)
third_party/psyq/lib/libgs.a(gs_0022.o)
                              third_party/psyq/lib/libgs.a(gs_001.o) (GsSetDrawBuffOffset)
third_party/psyq/lib/libgs.a(gs_003.o)
                              third_party/psyq/lib/libgs.a(gs_001.o) (GsSetDrawBuffClip)
third_party/psyq/lib/libgs.a(gs_010.o)
                              basics.o (GsSwapDispBuff)
third_party/psyq/lib/libgs.a(gs_103.o)
                              basics.o (GsDefDispBuff)
third_party/psyq/lib/libgs.a(gs_104.o)
                              third_party/psyq/lib/libgs.a(gs_001.o) (HWD0)
third_party/psyq/lib/libgs.a(gs_107.o)
                              third_party/psyq/lib/libgs.a(gs_001.o) (GsLIGHTWSMATRIX)
third_party/psyq/lib/libgs.a(gs_111.o)
                              basics.o (GsDrawOt)
third_party/psyq/lib/libgs.a(gs_113.o)
                              basics.o (GsClearOt)
third_party/psyq/lib/libgs.a(gs_121.o)
                              third_party/psyq/lib/libgs.a(gs_001.o) (gte_init)
third_party/psyq/lib/libgs.a(gs_122.o)
                              basics.o (GsGetTimInfo)
third_party/psyq/lib/libgs.a(gs_124.o)
                              basics.o (GsSetWorkBase)
third_party/psyq/lib/libgs.a(gs_128.o)
                              third_party/psyq/lib/libgs.a(2d_sp0.o) (GsIDMATRIX)
third_party/psyq/lib/libgs.a(2d_com1.o)
                              third_party/psyq/lib/libgs.a(2d_sp0.o) (_make_packet)
third_party/psyq/lib/libgte.a(cmb_00.o)
                              third_party/psyq/lib/libgs.a(2d_sp0.o) (RotTransPers4)
third_party/psyq/lib/libgte.a(fgo_01.o)
                              third_party/psyq/lib/libgs.a(2d_sp0.o) (RotMatrix)
third_party/psyq/lib/libgte.a(msc00.o)
                              third_party/psyq/lib/libgs.a(gs_121.o) (InitGeom)
third_party/psyq/lib/libgte.a(msc01.o)
                              third_party/psyq/lib/libgs.a(gs_107.o) (SquareRoot0)
third_party/psyq/lib/libgte.a(mtx_07.o)
                              third_party/psyq/lib/libgs.a(2d_sp0.o) (TransMatrix)
third_party/psyq/lib/libgte.a(mtx_08.o)
                              third_party/psyq/lib/libgs.a(2d_sp0.o) (ScaleMatrix)
third_party/psyq/lib/libgte.a(mtx_09.o)
                              third_party/psyq/lib/libgs.a(2d_sp0.o) (SetRotMatrix)
third_party/psyq/lib/libgte.a(mtx_11.o)
                              third_party/psyq/lib/libgs.a(gs_107.o) (SetColorMatrix)
third_party/psyq/lib/libgte.a(mtx_12.o)
                              third_party/psyq/lib/libgs.a(2d_sp0.o) (SetTransMatrix)
third_party/psyq/lib/libgte.a(patchgte.o)
                              third_party/psyq/lib/libgte.a(msc00.o) (_patch_gte)
third_party/psyq/lib/libgte.a(reg09.o)
                              third_party/psyq/lib/libgs.a(2d_sp0.o) (ReadGeomScreen)
third_party/psyq/lib/libgte.a(reg11.o)
                              third_party/psyq/lib/libgs.a(gs_121.o) (SetFarColor)
third_party/psyq/lib/libgte.a(reg12.o)
                              third_party/psyq/lib/libgs.a(gs_0022.o) (SetGeomOffset)
third_party/psyq/lib/libgte.a(sqrtbl.o)
                              third_party/psyq/lib/libgte.a(msc01.o) (SQRT)
third_party/psyq/lib/libgte.a(cstbl.o)
                              third_party/psyq/lib/libgte.a(fgo_01.o) (rcossin_tbl)
third_party/psyq/lib/libapi.a(a22.o)
                              third_party/psyq/lib/libetc.a(pad.o) (PAD_dr)
third_party/psyq/lib/libapi.a(a23.o)
                              third_party/psyq/lib/libetc.a(intr.o) (ReturnFromException)
third_party/psyq/lib/libapi.a(a24.o)
                              third_party/psyq/lib/libetc.a(intr.o) (ResetEntryInt)
third_party/psyq/lib/libapi.a(a25.o)
                              third_party/psyq/lib/libetc.a(intr.o) (HookEntryInt)
third_party/psyq/lib/libapi.a(a36.o)
                              third_party/psyq/lib/libetc.a(intr.o) (EnterCriticalSection)
third_party/psyq/lib/libapi.a(a37.o)
                              third_party/psyq/lib/libetc.a(intr.o) (ExitCriticalSection)
third_party/psyq/lib/libapi.a(a91.o)
                              third_party/psyq/lib/libetc.a(pad.o) (ChangeClearPAD)
third_party/psyq/lib/libapi.a(c114.o)
                              third_party/psyq/lib/libetc.a(intr.o) (_96_remove)
third_party/psyq/lib/libapi.a(c68.o)
                              third_party/psyq/lib/libgte.a(patchgte.o) (FlushCache)
third_party/psyq/lib/libapi.a(c73.o)
                              third_party/psyq/lib/libgpu.a(sys.o) (GPU_cw)
third_party/psyq/lib/libapi.a(l10.o)
                              third_party/psyq/lib/libetc.a(vsync.o) (ChangeClearRCnt)
third_party/psyq/lib/libapi.a(pad.o)
                              third_party/psyq/lib/libetc.a(pad.o) (PAD_init)
third_party/psyq/lib/libapi.a(patch.o)
                              third_party/psyq/lib/libapi.a(pad.o) (_patch_pad)
third_party/psyq/lib/libapi.a(a18.o)
                              third_party/psyq/lib/libapi.a(pad.o) (InitPAD2)
third_party/psyq/lib/libapi.a(a19.o)
                              third_party/psyq/lib/libapi.a(pad.o) (StartPAD2)
third_party/psyq/lib/libapi.a(a21.o)
                              third_party/psyq/lib/libapi.a(pad.o) (PAD_init2)
third_party/psyq/lib/libapi.a(chclrpad.o)
                              third_party/psyq/lib/libapi.a(pad.o) (_remove_ChgclrPAD)
third_party/psyq/lib/libapi.a(l02.o)
                              third_party/psyq/lib/libapi.a(pad.o) (SysEnqIntRP)
third_party/psyq/lib/libapi.a(l03.o)
                              third_party/psyq/lib/libapi.a(pad.o) (SysDeqIntRP)
third_party/psyq/lib/libc.a(a63.o)
                              third_party/psyq/lib/libetc.a(vsync.o) (puts)
third_party/psyq/lib/libc.a(c19.o)
                              third_party/psyq/lib/libetc.a(intr.o) (setjmp)
third_party/psyq/lib/libc.a(c27.o)
                              third_party/psyq/lib/libgpu.a(font.o) (strlen)
third_party/psyq/lib/libc.a(c43.o)
                              third_party/psyq/lib/libgpu.a(font.o) (memset)

Allocating common symbols
Common symbol       size              file

player              0x54              main.o
bricks              0x4ec             main.o
SCREEN_WIDTH        0x4               basics.o
TrialTimer          0x10              main.o
GPUOutputPacket     0x258             basics.o
ballX               0x4               main.o
SCREEN_HEIGHT       0x4               basics.o
currentBuffer       0x2               basics.o
ballSprite          0x50              main.o
systemBackgroundColor
                    0xc               basics.o
frame               0x54              main.o
cachedPadValue      0x4               main.o
orderingTable       0x28              basics.o
ballY               0x4               main.o
minorOrderingTable  0x10              basics.o

Discarded input sections

 .text          0x0000000000000000        0x0 main.o
 .reginfo       0x0000000000000000       0x18 main.o
 .MIPS.abiflags
                0x0000000000000000       0x18 main.o
 .pdr           0x0000000000000000       0xc0 main.o
 .text          0x0000000000000000        0x0 basics.o
 .data          0x0000000000000000        0x0 basics.o
 .bss           0x0000000000000000        0x0 basics.o
 .reginfo       0x0000000000000000       0x18 basics.o
 .MIPS.abiflags
                0x0000000000000000       0x18 basics.o
 .pdr           0x0000000000000000      0x2a0 basics.o
 .text.moveLine
                0x0000000000000000       0x50 basics.o
 .text.transposeBox
                0x0000000000000000       0x34 basics.o
 .text.drawLine
                0x0000000000000000       0x30 basics.o
 .text          0x0000000000000000        0x0 timerz.o
 .data          0x0000000000000000        0x0 timerz.o
 .bss           0x0000000000000000        0x0 timerz.o
 .reginfo       0x0000000000000000       0x18 timerz.o
 .MIPS.abiflags
                0x0000000000000000       0x18 timerz.o
 .pdr           0x0000000000000000       0x40 timerz.o
 .text          0x0000000000000000        0x0 third_party/common/syscalls/printf.o
 .data          0x0000000000000000        0x0 third_party/common/syscalls/printf.o
 .bss           0x0000000000000000        0x0 third_party/common/syscalls/printf.o
 .reginfo       0x0000000000000000       0x18 third_party/common/syscalls/printf.o
 .MIPS.abiflags
                0x0000000000000000       0x18 third_party/common/syscalls/printf.o
 .pdr           0x0000000000000000        0x0 third_party/common/syscalls/printf.o
 .ramtext       0x0000000000000000        0xc third_party/common/syscalls/printf.o
 .debug_line    0x0000000000000000       0x56 third_party/common/syscalls/printf.o
 .debug_info    0x0000000000000000       0x26 third_party/common/syscalls/printf.o
 .debug_abbrev  0x0000000000000000       0x14 third_party/common/syscalls/printf.o
 .debug_aranges
                0x0000000000000000       0x20 third_party/common/syscalls/printf.o
 .debug_str     0x0000000000000000       0x42 third_party/common/syscalls/printf.o
 .gnu.attributes
                0x0000000000000000       0x10 third_party/common/syscalls/printf.o
 .text          0x0000000000000000        0x0 third_party/common/crt0/crt0.o
 .data          0x0000000000000000        0x0 third_party/common/crt0/crt0.o
 .bss           0x0000000000000000        0x0 third_party/common/crt0/crt0.o
 .reginfo       0x0000000000000000       0x18 third_party/common/crt0/crt0.o
 .MIPS.abiflags
                0x0000000000000000       0x18 third_party/common/crt0/crt0.o
 .data          0x0000000000000000       0x10 third_party/psyq/lib/libgs.a(global.o)
 .data          0x0000000000000000       0x10 third_party/psyq/lib/libgs.a(gs_001.o)
 .text          0x0000000000000000       0x80 third_party/psyq/lib/libgs.a(gs_104.o)
 .text          0x0000000000000000      0x570 third_party/psyq/lib/libgs.a(gs_107.o)
 .text          0x0000000000000000       0x90 third_party/psyq/lib/libgte.a(msc01.o)
 .text          0x0000000000000000       0x30 third_party/psyq/lib/libgte.a(mtx_11.o)
 .data          0x0000000000000000      0x180 third_party/psyq/lib/libgte.a(sqrtbl.o)

Memory Configuration

Name             Origin             Length             Attributes
loader           0x000000008000f800 0x0000000000000800
ram              0x0000000080010000 0x00000000001f0000 xrw
dcache           0x000000001f800000 0x0000000000000400
kttyram          0x000000000000c000 0x0000000000002000 xrw
*default*        0x0000000000000000 0xffffffffffffffff

Linker script and memory map

LOAD main.o
LOAD basics.o
LOAD timerz.o
LOAD third_party/common/syscalls/printf.o
LOAD third_party/common/crt0/crt0.o
START GROUP
LOAD third_party/psyq/lib/libapi.a
LOAD third_party/psyq/lib/libc.a
LOAD third_party/psyq/lib/libc2.a
LOAD third_party/psyq/lib/libcard.a
LOAD third_party/psyq/lib/libcomb.a
LOAD third_party/psyq/lib/libds.a
LOAD third_party/psyq/lib/libetc.a
LOAD third_party/psyq/lib/libgpu.a
LOAD third_party/psyq/lib/libgs.a
LOAD third_party/psyq/lib/libgte.a
LOAD third_party/psyq/lib/libgpu.a
LOAD third_party/psyq/lib/libgun.a
LOAD third_party/psyq/lib/libhmd.a
LOAD third_party/psyq/lib/libmath.a
LOAD third_party/psyq/lib/libmcrd.a
LOAD third_party/psyq/lib/libmcx.a
LOAD third_party/psyq/lib/libpad.a
LOAD third_party/psyq/lib/libpress.a
LOAD third_party/psyq/lib/libsio.a
LOAD third_party/psyq/lib/libsnd.a
LOAD third_party/psyq/lib/libspu.a
LOAD third_party/psyq/lib/libtap.a
END GROUP
                0x0000000080010000                TLOAD_ADDR = DEFINED (TLOAD_ADDR)?TLOAD_ADDR:0x80010000
                0x0000000080200000                __ram_top = (ORIGIN (ram) + LENGTH (ram))
                0x00000000801fff00                __sp = (__ram_top - 0x100)
                0x000000001f800000                __dcache = ORIGIN (dcache)
                0x000000001f800400                __dcache_top = (ORIGIN (dcache) + LENGTH (dcache))
                0x0000000000006778                __bss_len = (__bss_end - __bss_start)
                0xffffffff7fffc000                __ftext_len = (__ftext_end - __ftext_start)
                0x0000000080012800                __fdata_len = (__fdata_end - __fdata_start)
                0x0000000080200000                __stack_start = (ORIGIN (ram) + LENGTH (ram))
                0x0000000000000000                __ktty_length = (__ktty_dest_end - __ktty_dest_start)

.PSX_EXE_Header
                0x000000008000f800      0x800
                0x000000008000f800        0x1 BYTE 0x50
                0x000000008000f801        0x1 BYTE 0x53
                0x000000008000f802        0x1 BYTE 0x2d
                0x000000008000f803        0x1 BYTE 0x58
                0x000000008000f804        0x1 BYTE 0x20
                0x000000008000f805        0x1 BYTE 0x45
                0x000000008000f806        0x1 BYTE 0x58
                0x000000008000f807        0x1 BYTE 0x45
                0x000000008000f808        0x4 LONG 0x0
                0x000000008000f80c        0x4 LONG 0x0
                0x000000008000f810        0x4 LONG 0x80010000 ABSOLUTE (_start)
                0x000000008000f814        0x4 LONG 0x0
                0x000000008000f818        0x4 LONG 0x80010000 TLOAD_ADDR
                0x000000008000f81c        0x4 LONG 0xe800 (__ftext_len + __fdata_len)
                0x000000008000f820        0x4 LONG 0x0
                0x000000008000f824        0x4 LONG 0x0
                0x000000008000f828        0x4 LONG 0x0
                0x000000008000f82c        0x4 LONG 0x0
                0x000000008000f830        0x4 LONG 0x801fff00 DEFINED (_sp)?ABSOLUTE (_sp):0x801fff00
                0x000000008000f834        0x4 LONG 0x0
                0x0000000080010000                . = (. + 0x7c8)
 *fill*         0x000000008000f838      0x7c8 
                0x0000000080010000                __ftext_start = ABSOLUTE (.)

.text           0x0000000080010000     0x7d30
 *(.start)
 .start         0x0000000080010000       0x38 third_party/common/crt0/crt0.o
                0x0000000080010000                _start
 *(.init)
 *(SORT_NONE(.fini))
 *(.text.unlikely .text.*_unlikely .text.unlikely.*)
 *(.text.exit .text.exit.*)
 *(.text.startup .text.startup.*)
 .text.startup.main
                0x0000000080010038       0x70 main.o
                0x0000000080010038                main
 *(.text.hot .text.hot.*)
 *(.text .stub .text.* .gnu.linkonce.t.*)
 .text.initialiseScene
                0x00000000800100a8      0x2a0 main.o
                0x00000000800100a8                initialiseScene
 .text.initialize
                0x0000000080010348       0xe8 main.o
                0x0000000080010348                initialize
 .text.updateControls
                0x0000000080010430       0xb4 main.o
                0x0000000080010430                updateControls
 .text.ballMotion
                0x00000000800104e4      0x440 main.o
                0x00000000800104e4                ballMotion
 .text.draw     0x0000000080010924      0x39c main.o
                0x0000000080010924                draw
 .text.createImage
                0x0000000080010cc0      0x170 basics.o
                0x0000000080010cc0                createImage
 .text.moveImage
                0x0000000080010e30       0x44 basics.o
                0x0000000080010e30                moveImage
 .text.scaleImage
                0x0000000080010e74       0x74 basics.o
                0x0000000080010e74                scaleImage
 .text.rotImage
                0x0000000080010ee8       0x40 basics.o
                0x0000000080010ee8                rotImage
 .text.drawImage
                0x0000000080010f28       0x60 basics.o
                0x0000000080010f28                drawImage
 .text.createColor
                0x0000000080010f88       0x14 basics.o
                0x0000000080010f88                createColor
 .text.createLine
                0x0000000080010f9c       0x8c basics.o
                0x0000000080010f9c                createLine
 .text.createBox
                0x0000000080011028      0x12c basics.o
                0x0000000080011028                createBox
 .text.moveBox  0x0000000080011154      0x1a8 basics.o
                0x0000000080011154                moveBox
 .text.drawBox  0x00000000800112fc       0x48 basics.o
                0x00000000800112fc                drawBox
 .text.setScreenMode
                0x0000000080011344       0xd8 basics.o
                0x0000000080011344                setScreenMode
 .text.setBackgroundColor
                0x000000008001141c       0x24 basics.o
                0x000000008001141c                setBackgroundColor
 .text.initializeDebugFont
                0x0000000080011440       0x44 basics.o
                0x0000000080011440                initializeDebugFont
 .text.initializeOrderingTable
                0x0000000080011484       0x90 basics.o
                0x0000000080011484                initializeOrderingTable
 .text.display  0x0000000080011514       0x90 basics.o
                0x0000000080011514                display
 .text.clearDisplay
                0x00000000800115a4       0x74 basics.o
                0x00000000800115a4                clearDisplay
 .text.clearVRAM
                0x0000000080011618       0x44 basics.o
                0x0000000080011618                clearVRAM
 .text.initializeScreen
                0x000000008001165c       0xa0 basics.o
                0x000000008001165c                initializeScreen
 .text.createTimer
                0x00000000800116fc       0x44 timerz.o
                0x00000000800116fc                createTimer
 .text.incTimer
                0x0000000080011740       0x5c timerz.o
                0x0000000080011740                incTimer
 *fill*         0x000000008001179c        0x4 
 .text          0x00000000800117a0       0x10 third_party/psyq/lib/libc.a(c14.o)
                0x00000000800117a0                abs
 .text          0x00000000800117b0       0x10 third_party/psyq/lib/libc.a(c42.o)
                0x00000000800117b0                memcpy
 .text          0x00000000800117c0       0x10 third_party/psyq/lib/libc.a(c63.o)
                0x00000000800117c0                printf
 .text          0x00000000800117d0       0x80 third_party/psyq/lib/libetc.a(pad.o)
                0x00000000800117d0                PadInit
                0x000000008001181c                PadRead
 .text          0x0000000080011850       0x30 third_party/psyq/lib/libetc.a(vmode.o)
                0x0000000080011850                SetVideoMode
                0x0000000080011864                GetVideoMode
 .text          0x0000000080011880      0x210 third_party/psyq/lib/libetc.a(vsync.o)
                0x0000000080011880                VSync
 .text          0x0000000080011a90      0x6c0 third_party/psyq/lib/libetc.a(intr.o)
                0x0000000080011a90                ResetCallback
                0x0000000080011ac0                InterruptCallback
                0x0000000080011af0                DMACallback
                0x0000000080011b20                VSyncCallback
                0x0000000080011b54                VSyncCallbacks
                0x0000000080011b84                StopCallback
                0x0000000080011bb4                RestartCallback
                0x0000000080011be4                CheckCallback
                0x0000000080011bf4                GetIntrMask
                0x0000000080011c0c                SetIntrMask
 .text          0x0000000080012150      0x2a0 third_party/psyq/lib/libetc.a(intr_dma.o)
                0x0000000080012150                startIntrDMA
 .text          0x00000000800123f0      0x120 third_party/psyq/lib/libetc.a(intr_vb.o)
                0x00000000800123f0                startIntrVSync
 .text          0x0000000080012510      0xa80 third_party/psyq/lib/libgpu.a(font.o)
                0x0000000080012510                SetDumpFnt
                0x0000000080012550                FntLoad
                0x00000000800125f0                FntOpen
                0x00000000800128ac                FntFlush
                0x0000000080012bc8                FntPrint
 .text          0x0000000080012f90       0x40 third_party/psyq/lib/libgpu.a(p00.o)
                0x0000000080012f90                GetTPage
 .text          0x0000000080012fd0       0x40 third_party/psyq/lib/libgpu.a(p06.o)
                0x0000000080012fd0                AddPrim
 .text          0x0000000080013010       0x20 third_party/psyq/lib/libgpu.a(p09.o)
                0x0000000080013010                TermPrim
 .text          0x0000000080013030       0x30 third_party/psyq/lib/libgpu.a(p10.o)
                0x0000000080013030                SetSemiTrans
 .text          0x0000000080013060       0x20 third_party/psyq/lib/libgpu.a(p20.o)
                0x0000000080013060                SetSprt8
 .text          0x0000000080013080       0x20 third_party/psyq/lib/libgpu.a(p26.o)
                0x0000000080013080                SetTile
 .text          0x00000000800130a0       0x20 third_party/psyq/lib/libgpu.a(p27.o)
                0x00000000800130a0                SetLineF2
 .text          0x00000000800130c0       0xa0 third_party/psyq/lib/libgpu.a(p41.o)
                0x00000000800130c0                SetDrawMode
 .text          0x0000000080013160     0x2f00 third_party/psyq/lib/libgpu.a(sys.o)
                0x0000000080013160                ResetGraph
                0x00000000800132d4                SetGraphDebug
                0x0000000080013330                SetGraphQueue
                0x00000000800133d4                GetGraphDebug
                0x00000000800133e4                DrawSyncCallback
                0x0000000080013444                SetDispMask
                0x00000000800134dc                DrawSync
                0x0000000080013660                ClearImage
                0x00000000800136f0                ClearImage2
                0x0000000080013788                LoadImage
                0x00000000800137e8                StoreImage
                0x0000000080013848                MoveImage
                0x0000000080013900                ClearOTag
                0x00000000800139c8                ClearOTagR
                0x0000000080013a74                DrawPrim
                0x0000000080013ad0                DrawOTag
                0x0000000080013b40                PutDrawEnv
                0x0000000080013c00                DrawOTagEnv
                0x0000000080013cd8                GetDrawEnv
                0x0000000080013d0c                PutDispEnv
                0x0000000080014204                GetDispEnv
                0x0000000080014238                GetODE
                0x0000000080014268                SetDrawArea
                0x00000000800142e8                SetDrawOffset
                0x0000000080014328                SetDrawEnv
                0x0000000080015bf8                LoadImage2
                0x0000000080015ce4                StoreImage2
                0x0000000080015dd0                MoveImage2
                0x0000000080015f14                DrawOTag2
                0x0000000080016010                _GPU_ResetCallback
 .text          0x0000000080016060       0xf0 third_party/psyq/lib/libgpu.a(e00.o)
                0x0000000080016060                LoadTPage
 .text          0x0000000080016150       0x70 third_party/psyq/lib/libgpu.a(e02.o)
                0x0000000080016150                LoadClut2
 .text          0x00000000800161c0       0x20 third_party/psyq/lib/libgpu.a(p01.o)
                0x00000000800161c0                GetClut
 .text          0x00000000800161e0      0x500 third_party/psyq/lib/libgs.a(2d_sp0.o)
                0x00000000800161e0                GsSortSprite
 .text          0x00000000800166e0      0x550 third_party/psyq/lib/libgs.a(gs_001.o)
                0x00000000800166e0                GsInitGraph
                0x0000000080016870                GsInitGraph2
                0x0000000080016af8                GsSortClear
 .text          0x0000000080016c30       0x10 third_party/psyq/lib/libgs.a(gs_0021.o)
                0x0000000080016c30                GsGetActiveBuff
 .text          0x0000000080016c40      0x110 third_party/psyq/lib/libgs.a(gs_0022.o)
                0x0000000080016c40                GsSetDrawBuffOffset
 .text          0x0000000080016d50       0x80 third_party/psyq/lib/libgs.a(gs_003.o)
                0x0000000080016d50                GsSetDrawBuffClip
 .text          0x0000000080016dd0       0xb0 third_party/psyq/lib/libgs.a(gs_010.o)
                0x0000000080016dd0                GsSwapDispBuff
 .text          0x0000000080016e80       0xa0 third_party/psyq/lib/libgs.a(gs_103.o)
                0x0000000080016e80                GsDefDispBuff
 .text          0x0000000080016f20       0x30 third_party/psyq/lib/libgs.a(gs_111.o)
                0x0000000080016f20                GsDrawOt
 .text          0x0000000080016f50       0x60 third_party/psyq/lib/libgs.a(gs_113.o)
                0x0000000080016f50                GsClearOt
 .text          0x0000000080016fb0       0x50 third_party/psyq/lib/libgs.a(gs_121.o)
                0x0000000080016fb0                gte_init
 .text          0x0000000080017000       0xf0 third_party/psyq/lib/libgs.a(gs_122.o)
                0x0000000080017000                GsGetTimInfo
 .text          0x00000000800170f0       0x10 third_party/psyq/lib/libgs.a(gs_124.o)
                0x00000000800170f0                GsSetWorkBase
 .text          0x0000000080017100       0xa0 third_party/psyq/lib/libgs.a(2d_com1.o)
                0x0000000080017100                _make_packet
 .text          0x00000000800171a0       0x80 third_party/psyq/lib/libgte.a(cmb_00.o)
                0x00000000800171a0                RotTransPers4
 .text          0x0000000080017220      0x290 third_party/psyq/lib/libgte.a(fgo_01.o)
                0x0000000080017220                RotMatrix
 .text          0x00000000800174b0       0x90 third_party/psyq/lib/libgte.a(msc00.o)
                0x00000000800174b8                InitGeom
 .text          0x0000000080017540       0x30 third_party/psyq/lib/libgte.a(mtx_07.o)
                0x0000000080017540                TransMatrix
 .text          0x0000000080017570      0x140 third_party/psyq/lib/libgte.a(mtx_08.o)
                0x0000000080017570                ScaleMatrix
 .text          0x00000000800176b0       0x30 third_party/psyq/lib/libgte.a(mtx_09.o)
                0x00000000800176b0                SetRotMatrix
 .text          0x00000000800176e0       0x20 third_party/psyq/lib/libgte.a(mtx_12.o)
                0x00000000800176e0                SetTransMatrix
 .text          0x0000000080017700       0xe0 third_party/psyq/lib/libgte.a(patchgte.o)
                0x0000000080017700                _patch_gte
 .text          0x00000000800177e0       0x10 third_party/psyq/lib/libgte.a(reg09.o)
                0x00000000800177e0                ReadGeomScreen
 .text          0x00000000800177f0       0x20 third_party/psyq/lib/libgte.a(reg11.o)
                0x00000000800177f0                SetFarColor
 .text          0x0000000080017810       0x20 third_party/psyq/lib/libgte.a(reg12.o)
                0x0000000080017810                SetGeomOffset
 .text          0x0000000080017830       0x10 third_party/psyq/lib/libapi.a(a22.o)
                0x0000000080017830                PAD_dr
 .text          0x0000000080017840       0x10 third_party/psyq/lib/libapi.a(a23.o)
                0x0000000080017840                ReturnFromException
 .text          0x0000000080017850       0x10 third_party/psyq/lib/libapi.a(a24.o)
                0x0000000080017850                ResetEntryInt
 .text          0x0000000080017860       0x10 third_party/psyq/lib/libapi.a(a25.o)
                0x0000000080017860                HookEntryInt
 .text          0x0000000080017870       0x10 third_party/psyq/lib/libapi.a(a36.o)
                0x0000000080017870                EnterCriticalSection
 .text          0x0000000080017880       0x10 third_party/psyq/lib/libapi.a(a37.o)
                0x0000000080017880                ExitCriticalSection
 .text          0x0000000080017890       0x10 third_party/psyq/lib/libapi.a(a91.o)
                0x0000000080017890                ChangeClearPAD
 .text          0x00000000800178a0       0x20 third_party/psyq/lib/libapi.a(c114.o)
                0x00000000800178a8                _96_remove
 .text          0x00000000800178c0       0x10 third_party/psyq/lib/libapi.a(c68.o)
                0x00000000800178c0                FlushCache
 .text          0x00000000800178d0       0x10 third_party/psyq/lib/libapi.a(c73.o)
                0x00000000800178d0                GPU_cw
 .text          0x00000000800178e0       0x10 third_party/psyq/lib/libapi.a(l10.o)
                0x00000000800178e0                ChangeClearRCnt
 .text          0x00000000800178f0      0x290 third_party/psyq/lib/libapi.a(pad.o)
                0x00000000800178f0                SetInitPadFlag
                0x00000000800178fc                ReadInitPadFlag
                0x000000008001790c                PAD_init
                0x000000008001799c                InitPAD
                0x0000000080017a2c                StartPAD
 .text          0x0000000080017b80       0xa0 third_party/psyq/lib/libapi.a(patch.o)
                0x0000000080017b80                EnablePAD
                0x0000000080017b94                DisablePAD
                0x0000000080017ba8                _patch_pad
 .text          0x0000000080017c20       0x10 third_party/psyq/lib/libapi.a(a18.o)
                0x0000000080017c20                InitPAD2
 .text          0x0000000080017c30       0x10 third_party/psyq/lib/libapi.a(a19.o)
                0x0000000080017c30                StartPAD2
 .text          0x0000000080017c40       0x10 third_party/psyq/lib/libapi.a(a21.o)
                0x0000000080017c40                PAD_init2
 .text          0x0000000080017c50       0x70 third_party/psyq/lib/libapi.a(chclrpad.o)
                0x0000000080017c50                _remove_ChgclrPAD
 .text          0x0000000080017cc0       0x10 third_party/psyq/lib/libapi.a(l02.o)
                0x0000000080017cc0                SysEnqIntRP
 .text          0x0000000080017cd0       0x10 third_party/psyq/lib/libapi.a(l03.o)
                0x0000000080017cd0                SysDeqIntRP
 .text          0x0000000080017ce0       0x20 third_party/psyq/lib/libc.a(a63.o)
                0x0000000080017ce8                puts
 .text          0x0000000080017d00       0x10 third_party/psyq/lib/libc.a(c19.o)
                0x0000000080017d00                setjmp
 .text          0x0000000080017d10       0x10 third_party/psyq/lib/libc.a(c27.o)
                0x0000000080017d10                strlen
 .text          0x0000000080017d20       0x10 third_party/psyq/lib/libc.a(c43.o)
                0x0000000080017d20                memset
                0x0000000080017d30                . = ALIGN (0x10)
 *(.init)
                0x0000000080017d30                . = ALIGN (0x10)
 *(.fini)
                0x0000000080017d30                __ktty_src = .

.kttytext       0x000000000000c000        0x0 load address 0x0000000080017d30
                0x000000000000c000                __ktty_dest_start = ABSOLUTE (.)
 *(.kttytext)
                0x000000000000c000                __ktty_dest_end = ABSOLUTE (.)
                0x000000000000c000                . = ALIGN (0x10)
                0x000000000000c000                . = ALIGN (0x10)
                0x000000000000c000                __text_end = .
                0x000000000000c000                __ftext_end = ABSOLUTE (.)
                0x000000000000c000                __fdata_start = ABSOLUTE (.)

.rodata         0x0000000080017d30      0x534
 *(.rodata .rodata.* .rdata .rdata.* .gnu.linkonce.r.*)
 .rodata.str1.4
                0x0000000080017d30       0x50 main.o
 .rodata.str1.4
                0x0000000080017d80      0x11c basics.o
 *fill*         0x0000000080017e9c        0x4 
 .rdata         0x0000000080017ea0       0x10 third_party/psyq/lib/libetc.a(vsync.o)
 .rdata         0x0000000080017eb0       0x70 third_party/psyq/lib/libetc.a(intr.o)
 .rdata         0x0000000080017f20       0x30 third_party/psyq/lib/libetc.a(intr_dma.o)
 .rdata         0x0000000080017f50       0xa0 third_party/psyq/lib/libgpu.a(font.o)
 .rdata         0x0000000080017ff0      0x220 third_party/psyq/lib/libgpu.a(sys.o)
 .rdata         0x0000000080018210       0x30 third_party/psyq/lib/libgs.a(2d_com1.o)
                0x0000000080018240                . = ALIGN (0x10)
                0x0000000080018240                __preinit_array_start = .
 *(.preinit_array)
                0x0000000080018240                __preinit_array_end = .
                0x0000000080018240                . = ALIGN (0x10)
                0x0000000080018240                __init_array_start = .
 *(SORT_BY_NAME(.init_array.*))
 *(.init_array)
                0x0000000080018240                . = ALIGN (0x10)
 *crtbegin.o(.ctors)
 *(EXCLUDE_FILE(*crtend.o) .ctors)
 *(SORT_BY_NAME(.ctors.*))
 *crtend.o(.ctors)
                0x0000000080018240                __init_array_end = .
                0x0000000080018240                . = ALIGN (0x10)
                0x0000000080018240                __fini_array_start = .
 *(.fini_array)
 *(SORT_BY_NAME(.fini_array.*))
 *crtbegin.o(.dtors)
 *(EXCLUDE_FILE(*crtend.o) .dtors)
 *(SORT_BY_NAME(.dtors.*))
 *crtend.o(.dtors)
                0x0000000080018240                __fini_array_end = .
                0x0000000080018240                __build_id = .
 *(.note.gnu.build-id)
 .note.gnu.build-id
                0x0000000080018240       0x24 main.o
                0x0000000080018264                __build_id_end = .

.rel.dyn        0x0000000080018264        0x0
 .rel.dyn       0x0000000080018264        0x0 third_party/psyq/lib/libgpu.a(sys.o)

.rodata1
 *(.rodata1)
                0x0000000080018264                __data_start = .

.data           0x0000000080018270     0x6590
 *(.a0table)
 *(.data .data.* .gnu.linkonce.d.*)
 .data          0x0000000080018270      0x6a0 main.o
                0x0000000080018270                hit
                0x0000000080018274                ballRad
                0x0000000080018278                velY
                0x000000008001827c                velX
                0x0000000080018280                playerY
                0x0000000080018284                playerSize
                0x0000000080018288                yOff
                0x000000008001828c                xOff
                0x0000000080018290                brickSizeX
                0x0000000080018294                brickSizeY
                0x0000000080018298                brickSpacing
                0x000000008001829c                framing
                0x00000000800182a0                grid
                0x00000000800182dc                img_ball
                0x00000000800188fc                img_ball_height
                0x00000000800188fe                img_ball_width
                0x0000000080018900                img_ball_gpu_x
 .data          0x0000000080018910       0x10 third_party/psyq/lib/libetc.a(vmode.o)
 .data          0x0000000080018920       0x20 third_party/psyq/lib/libetc.a(vsync.o)
                0x0000000080018930                Hcount
 .data          0x0000000080018940     0x1100 third_party/psyq/lib/libetc.a(intr.o)
 .data          0x0000000080019a40       0x30 third_party/psyq/lib/libetc.a(intr_dma.o)
 .data          0x0000000080019a70       0x30 third_party/psyq/lib/libetc.a(intr_vb.o)
                0x0000000080019a90                Vcount
 .data          0x0000000080019aa0      0xb90 third_party/psyq/lib/libgpu.a(font.o)
                0x0000000080019aa0                Font
 .data          0x000000008001a630      0x1a0 third_party/psyq/lib/libgpu.a(sys.o)
                0x000000008001a67c                GPU_printf
                0x000000008001a680                GEnv
                0x000000008001a7a8                _qin
                0x000000008001a7ac                _qout
 .data          0x000000008001a7d0       0x10 third_party/psyq/lib/libgte.a(msc00.o)
 .data          0x000000008001a7e0     0x4000 third_party/psyq/lib/libgte.a(cstbl.o)
                0x000000008001a7e0                rcossin_tbl
 .data          0x000000008001e7e0       0x10 third_party/psyq/lib/libapi.a(pad.o)
 *(.data1)
 *(.got.plt)
 *(.got)
                0x000000008001e800                . = ALIGN (0x800)
 *fill*         0x000000008001e7f0       0x10 
                0x000000008001e800                . = ALIGN (0x4)
                0x000000008001e800                __data_end = .
                0x000000008001e800                __fdata_end = .
                0x000000008001e800                . = ALIGN (0x4)
                0x000000008001e800                __bss_start = .

.sbss           0x000000008001e800     0x6778
 *(.dynsbss)
 *(.sbss .sbss.* .gnu.linkonce.sb.*)
 *(.scommon)
 .scommon       0x000000008001e800        0xc main.o
                0x000000008001e800                ballX
                0x000000008001e804                cachedPadValue
                0x000000008001e808                ballY
 .scommon       0x000000008001e80c        0xa basics.o
                0x000000008001e80c                SCREEN_WIDTH
                0x000000008001e810                SCREEN_HEIGHT
                0x000000008001e814                currentBuffer
 *(.dynbss)
 *(.bss .bss.* .gnu.linkonce.b.*)
 *fill*         0x000000008001e816        0xa 
 .bss           0x000000008001e820       0x20 main.o
                0x000000008001e820                bricksLeft
                0x000000008001e824                bricksCounter
                0x000000008001e828                ballR
                0x000000008001e82c                motion
                0x000000008001e830                playerX
                0x000000008001e834                img_ball_gpu_y
 .bss           0x000000008001e840       0x14 third_party/psyq/lib/libetc.a(pad.o)
                0x000000008001e850                PadIdentifier
 *fill*         0x000000008001e854        0x4 
 .bss           0x000000008001e858     0x4410 third_party/psyq/lib/libgpu.a(font.o)
 .bss           0x0000000080022c68     0x1850 third_party/psyq/lib/libgpu.a(sys.o)
                0x0000000080022cb8                _que
 .bss           0x00000000800244b8       0x54 third_party/psyq/lib/libgs.a(global.o)
                0x00000000800244b8                GsOUT_PACKET_P
                0x00000000800244c0                GsMATE_C
                0x00000000800244c8                GsLMODE
                0x00000000800244d0                GsLIGNR
                0x00000000800244d8                GsLIOFF
                0x00000000800244e0                GsZOVER
                0x00000000800244e8                GsBACKC
                0x00000000800244f0                GsNDIV
                0x00000000800244f8                GsTRATE
                0x0000000080024500                GsTON
                0x0000000080024508                GsDISPON
 *fill*         0x000000008002450c        0x4 
 .bss           0x0000000080024510       0xea third_party/psyq/lib/libgs.a(gs_001.o)
                0x0000000080024530                PSDIDX
                0x0000000080024538                GsDRAWENV
                0x0000000080024598                GsDISPENV
                0x00000000800245b0                PSDGPU
                0x00000000800245b8                PSDBASEX
                0x00000000800245c0                PSDBASEY
                0x00000000800245c8                POSITION
                0x00000000800245d0                CLIP2
                0x00000000800245d8                PSDCNT
                0x00000000800245e0                PSDOFSX
                0x00000000800245e8                PSDOFSY
                0x00000000800245f0                GsORGOFSX
                0x00000000800245f8                GsORGOFSY
 *fill*         0x00000000800245fa        0x6 
 .bss           0x0000000080024600       0x24 third_party/psyq/lib/libgs.a(gs_104.o)
                0x0000000080024600                HWD0
                0x0000000080024608                VWD0
                0x0000000080024610                GsCLIP3near
                0x0000000080024618                GsLIGHT_MODE
                0x0000000080024620                GsCLIP3far
 *fill*         0x0000000080024624        0x4 
 .bss           0x0000000080024628       0x40 third_party/psyq/lib/libgs.a(gs_107.o)
                0x0000000080024628                GsLIGHTWSMATRIX
                0x0000000080024648                _LC
 .bss           0x0000000080024668       0x40 third_party/psyq/lib/libgs.a(gs_128.o)
                0x0000000080024668                GsIDMATRIX
                0x0000000080024688                GsIDMATRIX2
 .bss           0x00000000800246a8       0x10 third_party/psyq/lib/libgte.a(patchgte.o)
 .bss           0x00000000800246b8       0x10 third_party/psyq/lib/libapi.a(pad.o)
                0x00000000800246b8                _apiPadPatch
 .bss           0x00000000800246c8       0x10 third_party/psyq/lib/libapi.a(patch.o)
 .bss           0x00000000800246d8       0x10 third_party/psyq/lib/libapi.a(chclrpad.o)
 *(COMMON)
 COMMON         0x00000000800246e8      0x5f4 main.o
                0x00000000800246e8                player
                0x000000008002473c                bricks
                0x0000000080024c28                TrialTimer
                0x0000000080024c38                ballSprite
                0x0000000080024c88                frame
 COMMON         0x0000000080024cdc      0x29c basics.o
                0x0000000080024cdc                GPUOutputPacket
                0x0000000080024f34                systemBackgroundColor
                0x0000000080024f40                orderingTable
                0x0000000080024f68                minorOrderingTable
                0x0000000080024f78                . = ALIGN (0x4)
                0x0000000080024f78                __bss_end = .
                0x0000000080024f78                __heap_start = .
                0x0000000080024f78                __end = .

/DISCARD/
 *(.MIPS.abiflags)
 *(.rel.iplt)
 *(.rela.iplt)
 *(.rel.plt)
 *(.rela.plt)
 *(.plt)
 *(.iplt)
 *(.note.GNU-stack)
 *(.gnu_debuglink)
 *(.gnu.lto_*)
OUTPUT(cs50x.elf elf32-tradlittlemips)

.mdebug.abi32   0x0000000000000000        0x0
 .mdebug.abi32  0x0000000000000000        0x0 main.o
 .mdebug.abi32  0x0000000000000000        0x0 basics.o
 .mdebug.abi32  0x0000000000000000        0x0 timerz.o

.comment        0x0000000000000000       0x2a
 .comment       0x0000000000000000       0x2a main.o
                                         0x2b (size before relaxing)
 .comment       0x000000000000002a       0x2b basics.o
 .comment       0x000000000000002a       0x2b timerz.o

.gnu.attributes
                0x0000000000000000       0x10
 .gnu.attributes
                0x0000000000000000       0x10 main.o
 .gnu.attributes
                0x0000000000000010       0x10 basics.o
 .gnu.attributes
                0x0000000000000020       0x10 timerz.o
 .gnu.attributes
                0x0000000000000030       0x10 third_party/common/crt0/crt0.o

.pdr            0x0000000000000000        0x0
 .pdr           0x0000000000000000        0x0 third_party/common/crt0/crt0.o

.note           0x0000000000000000     0x22e4
 .note          0x0000000000000000       0x74 third_party/psyq/lib/libc.a(c14.o)
 .note          0x0000000000000074       0x74 third_party/psyq/lib/libc.a(c42.o)
 .note          0x00000000000000e8       0x74 third_party/psyq/lib/libc.a(c63.o)
 .note          0x000000000000015c       0x74 third_party/psyq/lib/libetc.a(pad.o)
 .note          0x00000000000001d0       0x74 third_party/psyq/lib/libetc.a(vmode.o)
 .note          0x0000000000000244       0x74 third_party/psyq/lib/libetc.a(vsync.o)
 .note          0x00000000000002b8       0x74 third_party/psyq/lib/libetc.a(intr.o)
 .note          0x000000000000032c       0x74 third_party/psyq/lib/libetc.a(intr_dma.o)
 .note          0x00000000000003a0       0x74 third_party/psyq/lib/libetc.a(intr_vb.o)
 .note          0x0000000000000414       0x74 third_party/psyq/lib/libgpu.a(font.o)
 .note          0x0000000000000488       0x74 third_party/psyq/lib/libgpu.a(p00.o)
 .note          0x00000000000004fc       0x74 third_party/psyq/lib/libgpu.a(p06.o)
 .note          0x0000000000000570       0x74 third_party/psyq/lib/libgpu.a(p09.o)
 .note          0x00000000000005e4       0x74 third_party/psyq/lib/libgpu.a(p10.o)
 .note          0x0000000000000658       0x74 third_party/psyq/lib/libgpu.a(p20.o)
 .note          0x00000000000006cc       0x74 third_party/psyq/lib/libgpu.a(p26.o)
 .note          0x0000000000000740       0x74 third_party/psyq/lib/libgpu.a(p27.o)
 .note          0x00000000000007b4       0x74 third_party/psyq/lib/libgpu.a(p41.o)
 .note          0x0000000000000828       0x74 third_party/psyq/lib/libgpu.a(sys.o)
 .note          0x000000000000089c       0x74 third_party/psyq/lib/libgpu.a(e00.o)
 .note          0x0000000000000910       0x74 third_party/psyq/lib/libgpu.a(e02.o)
 .note          0x0000000000000984       0x74 third_party/psyq/lib/libgpu.a(p01.o)
 .note          0x00000000000009f8       0x74 third_party/psyq/lib/libgs.a(2d_sp0.o)
 .note          0x0000000000000a6c       0x74 third_party/psyq/lib/libgs.a(global.o)
 .note          0x0000000000000ae0       0x74 third_party/psyq/lib/libgs.a(gs_001.o)
 .note          0x0000000000000b54       0x74 third_party/psyq/lib/libgs.a(gs_0021.o)
 .note          0x0000000000000bc8       0x74 third_party/psyq/lib/libgs.a(gs_0022.o)
 .note          0x0000000000000c3c       0x74 third_party/psyq/lib/libgs.a(gs_003.o)
 .note          0x0000000000000cb0       0x74 third_party/psyq/lib/libgs.a(gs_010.o)
 .note          0x0000000000000d24       0x74 third_party/psyq/lib/libgs.a(gs_103.o)
 .note          0x0000000000000d98       0x74 third_party/psyq/lib/libgs.a(gs_104.o)
 .note          0x0000000000000e0c       0x74 third_party/psyq/lib/libgs.a(gs_107.o)
 .note          0x0000000000000e80       0x74 third_party/psyq/lib/libgs.a(gs_111.o)
 .note          0x0000000000000ef4       0x74 third_party/psyq/lib/libgs.a(gs_113.o)
 .note          0x0000000000000f68       0x74 third_party/psyq/lib/libgs.a(gs_121.o)
 .note          0x0000000000000fdc       0x74 third_party/psyq/lib/libgs.a(gs_122.o)
 .note          0x0000000000001050       0x74 third_party/psyq/lib/libgs.a(gs_124.o)
 .note          0x00000000000010c4       0x74 third_party/psyq/lib/libgs.a(gs_128.o)
 .note          0x0000000000001138       0x74 third_party/psyq/lib/libgs.a(2d_com1.o)
 .note          0x00000000000011ac       0x74 third_party/psyq/lib/libgte.a(cmb_00.o)
 .note          0x0000000000001220       0x74 third_party/psyq/lib/libgte.a(fgo_01.o)
 .note          0x0000000000001294       0x74 third_party/psyq/lib/libgte.a(msc00.o)
 .note          0x0000000000001308       0x74 third_party/psyq/lib/libgte.a(msc01.o)
 .note          0x000000000000137c       0x74 third_party/psyq/lib/libgte.a(mtx_07.o)
 .note          0x00000000000013f0       0x74 third_party/psyq/lib/libgte.a(mtx_08.o)
 .note          0x0000000000001464       0x74 third_party/psyq/lib/libgte.a(mtx_09.o)
 .note          0x00000000000014d8       0x74 third_party/psyq/lib/libgte.a(mtx_11.o)
 .note          0x000000000000154c       0x74 third_party/psyq/lib/libgte.a(mtx_12.o)
 .note          0x00000000000015c0       0x74 third_party/psyq/lib/libgte.a(patchgte.o)
 .note          0x0000000000001634       0x74 third_party/psyq/lib/libgte.a(reg09.o)
 .note          0x00000000000016a8       0x74 third_party/psyq/lib/libgte.a(reg11.o)
 .note          0x000000000000171c       0x74 third_party/psyq/lib/libgte.a(reg12.o)
 .note          0x0000000000001790       0x74 third_party/psyq/lib/libgte.a(sqrtbl.o)
 .note          0x0000000000001804       0x74 third_party/psyq/lib/libgte.a(cstbl.o)
 .note          0x0000000000001878       0x74 third_party/psyq/lib/libapi.a(a22.o)
 .note          0x00000000000018ec       0x74 third_party/psyq/lib/libapi.a(a23.o)
 .note          0x0000000000001960       0x74 third_party/psyq/lib/libapi.a(a24.o)
 .note          0x00000000000019d4       0x74 third_party/psyq/lib/libapi.a(a25.o)
 .note          0x0000000000001a48       0x74 third_party/psyq/lib/libapi.a(a36.o)
 .note          0x0000000000001abc       0x74 third_party/psyq/lib/libapi.a(a37.o)
 .note          0x0000000000001b30       0x74 third_party/psyq/lib/libapi.a(a91.o)
 .note          0x0000000000001ba4       0x74 third_party/psyq/lib/libapi.a(c114.o)
 .note          0x0000000000001c18       0x74 third_party/psyq/lib/libapi.a(c68.o)
 .note          0x0000000000001c8c       0x74 third_party/psyq/lib/libapi.a(c73.o)
 .note          0x0000000000001d00       0x74 third_party/psyq/lib/libapi.a(l10.o)
 .note          0x0000000000001d74       0x74 third_party/psyq/lib/libapi.a(pad.o)
 .note          0x0000000000001de8       0x74 third_party/psyq/lib/libapi.a(patch.o)
 .note          0x0000000000001e5c       0x74 third_party/psyq/lib/libapi.a(a18.o)
 .note          0x0000000000001ed0       0x74 third_party/psyq/lib/libapi.a(a19.o)
 .note          0x0000000000001f44       0x74 third_party/psyq/lib/libapi.a(a21.o)
 .note          0x0000000000001fb8       0x74 third_party/psyq/lib/libapi.a(chclrpad.o)
 .note          0x000000000000202c       0x74 third_party/psyq/lib/libapi.a(l02.o)
 .note          0x00000000000020a0       0x74 third_party/psyq/lib/libapi.a(l03.o)
 .note          0x0000000000002114       0x74 third_party/psyq/lib/libc.a(a63.o)
 .note          0x0000000000002188       0x74 third_party/psyq/lib/libc.a(c19.o)
 .note          0x00000000000021fc       0x74 third_party/psyq/lib/libc.a(c27.o)
 .note          0x0000000000002270       0x74 third_party/psyq/lib/libc.a(c43.o)

.debug_info     0x0000000000000000     0x2a5e
 .debug_info    0x0000000000000000     0x10b1 main.o
 .debug_info    0x00000000000010b1     0x183c basics.o
 .debug_info    0x00000000000028ed      0x14b timerz.o
 .debug_info    0x0000000000002a38       0x26 third_party/common/crt0/crt0.o

.debug_abbrev   0x0000000000000000      0x757
 .debug_abbrev  0x0000000000000000      0x290 main.o
 .debug_abbrev  0x0000000000000290      0x38c basics.o
 .debug_abbrev  0x000000000000061c      0x127 timerz.o
 .debug_abbrev  0x0000000000000743       0x14 third_party/common/crt0/crt0.o

.debug_loc      0x0000000000000000      0xc85
 .debug_loc     0x0000000000000000      0x32b main.o
 .debug_loc     0x000000000000032b      0x838 basics.o
 .debug_loc     0x0000000000000b63      0x122 timerz.o

.debug_aranges  0x0000000000000000      0x150
 .debug_aranges
                0x0000000000000000       0x48 main.o
 .debug_aranges
                0x0000000000000048       0xc0 basics.o
 .debug_aranges
                0x0000000000000108       0x28 timerz.o
 .debug_aranges
                0x0000000000000130       0x20 third_party/common/crt0/crt0.o

.debug_ranges   0x0000000000000000      0x260
 .debug_ranges  0x0000000000000000      0x180 main.o
 .debug_ranges  0x0000000000000180       0xc8 basics.o
 .debug_ranges  0x0000000000000248       0x18 timerz.o

.debug_line     0x0000000000000000      0xf98
 .debug_line    0x0000000000000000      0x721 main.o
 .debug_line    0x0000000000000721      0x731 basics.o
 .debug_line    0x0000000000000e52       0xf0 timerz.o
 .debug_line    0x0000000000000f42       0x56 third_party/common/crt0/crt0.o

.debug_str      0x0000000000000000      0x879
 .debug_str     0x0000000000000000      0x5d3 main.o
                                        0x623 (size before relaxing)
 .debug_str     0x00000000000005d3      0x26c basics.o
                                        0x6dd (size before relaxing)
 .debug_str     0x000000000000083f        0xf timerz.o
                                        0x1d2 (size before relaxing)
 .debug_str     0x000000000000084e       0x2b third_party/common/crt0/crt0.o
                                         0x3c (size before relaxing)

.debug_frame    0x0000000000000000      0x41c
 .debug_frame   0x0000000000000000      0x124 main.o
 .debug_frame   0x0000000000000124      0x2ac basics.o
 .debug_frame   0x00000000000003d0       0x4c timerz.o
