Archive member included to satisfy reference by file (symbol)

../third_party/psyq/lib/libc.a(c14.o)
                              main.o (abs)
../third_party/psyq/lib/libc.a(c42.o)
                              main.o (memcpy)
../third_party/psyq/lib/libc.a(c63.o)
                              main.o (printf)
../third_party/psyq/lib/libetc.a(pad.o)
                              main.o (PadRead)
../third_party/psyq/lib/libetc.a(vmode.o)
                              basics.o (GetVideoMode)
../third_party/psyq/lib/libetc.a(vsync.o)
                              basics.o (VSync)
../third_party/psyq/lib/libetc.a(intr.o)
                              ../third_party/psyq/lib/libetc.a(pad.o) (ResetCallback)
../third_party/psyq/lib/libetc.a(intr_dma.o)
                              ../third_party/psyq/lib/libetc.a(intr.o) (startIntrDMA)
../third_party/psyq/lib/libetc.a(intr_vb.o)
                              ../third_party/psyq/lib/libetc.a(vsync.o) (Vcount)
../third_party/psyq/lib/libgpu.a(font.o)
                              basics.o (FntFlush)
../third_party/psyq/lib/libgpu.a(p00.o)
                              basics.o (GetTPage)
../third_party/psyq/lib/libgpu.a(p06.o)
                              ../third_party/psyq/lib/libgpu.a(font.o) (AddPrim)
../third_party/psyq/lib/libgpu.a(p09.o)
                              ../third_party/psyq/lib/libgpu.a(font.o) (TermPrim)
../third_party/psyq/lib/libgpu.a(p10.o)
                              ../third_party/psyq/lib/libgpu.a(font.o) (SetSemiTrans)
../third_party/psyq/lib/libgpu.a(p20.o)
                              ../third_party/psyq/lib/libgpu.a(font.o) (SetSprt8)
../third_party/psyq/lib/libgpu.a(p26.o)
                              ../third_party/psyq/lib/libgpu.a(font.o) (SetTile)
../third_party/psyq/lib/libgpu.a(p27.o)
                              basics.o (SetLineF2)
../third_party/psyq/lib/libgpu.a(p41.o)
                              ../third_party/psyq/lib/libgpu.a(font.o) (SetDrawMode)
../third_party/psyq/lib/libgpu.a(sys.o)
                              basics.o (ClearImage2)
../third_party/psyq/lib/libgpu.a(e00.o)
                              ../third_party/psyq/lib/libgpu.a(font.o) (LoadTPage)
../third_party/psyq/lib/libgpu.a(e02.o)
                              ../third_party/psyq/lib/libgpu.a(font.o) (LoadClut2)
../third_party/psyq/lib/libgpu.a(p01.o)
                              ../third_party/psyq/lib/libgpu.a(e02.o) (GetClut)
../third_party/psyq/lib/libgs.a(2d_sp0.o)
                              basics.o (GsSortSprite)
../third_party/psyq/lib/libgs.a(global.o)
                              ../third_party/psyq/lib/libgs.a(2d_sp0.o) (GsOUT_PACKET_P)
../third_party/psyq/lib/libgs.a(gs_001.o)
                              ../third_party/psyq/lib/libgs.a(2d_sp0.o) (GsORGOFSY)
../third_party/psyq/lib/libgs.a(gs_0021.o)
                              basics.o (GsGetActiveBuff)
../third_party/psyq/lib/libgs.a(gs_0022.o)
                              ../third_party/psyq/lib/libgs.a(gs_001.o) (GsSetDrawBuffOffset)
../third_party/psyq/lib/libgs.a(gs_003.o)
                              ../third_party/psyq/lib/libgs.a(gs_001.o) (GsSetDrawBuffClip)
../third_party/psyq/lib/libgs.a(gs_010.o)
                              basics.o (GsSwapDispBuff)
../third_party/psyq/lib/libgs.a(gs_103.o)
                              basics.o (GsDefDispBuff)
../third_party/psyq/lib/libgs.a(gs_104.o)
                              ../third_party/psyq/lib/libgs.a(gs_001.o) (HWD0)
../third_party/psyq/lib/libgs.a(gs_107.o)
                              ../third_party/psyq/lib/libgs.a(gs_001.o) (GsLIGHTWSMATRIX)
../third_party/psyq/lib/libgs.a(gs_111.o)
                              basics.o (GsDrawOt)
../third_party/psyq/lib/libgs.a(gs_113.o)
                              basics.o (GsClearOt)
../third_party/psyq/lib/libgs.a(gs_121.o)
                              ../third_party/psyq/lib/libgs.a(gs_001.o) (gte_init)
../third_party/psyq/lib/libgs.a(gs_122.o)
                              basics.o (GsGetTimInfo)
../third_party/psyq/lib/libgs.a(gs_124.o)
                              basics.o (GsSetWorkBase)
../third_party/psyq/lib/libgs.a(gs_128.o)
                              ../third_party/psyq/lib/libgs.a(2d_sp0.o) (GsIDMATRIX)
../third_party/psyq/lib/libgs.a(2d_com1.o)
                              ../third_party/psyq/lib/libgs.a(2d_sp0.o) (_make_packet)
../third_party/psyq/lib/libgte.a(cmb_00.o)
                              ../third_party/psyq/lib/libgs.a(2d_sp0.o) (RotTransPers4)
../third_party/psyq/lib/libgte.a(fgo_01.o)
                              ../third_party/psyq/lib/libgs.a(2d_sp0.o) (RotMatrix)
../third_party/psyq/lib/libgte.a(msc00.o)
                              ../third_party/psyq/lib/libgs.a(gs_121.o) (InitGeom)
../third_party/psyq/lib/libgte.a(msc01.o)
                              ../third_party/psyq/lib/libgs.a(gs_107.o) (SquareRoot0)
../third_party/psyq/lib/libgte.a(mtx_07.o)
                              ../third_party/psyq/lib/libgs.a(2d_sp0.o) (TransMatrix)
../third_party/psyq/lib/libgte.a(mtx_08.o)
                              ../third_party/psyq/lib/libgs.a(2d_sp0.o) (ScaleMatrix)
../third_party/psyq/lib/libgte.a(mtx_09.o)
                              ../third_party/psyq/lib/libgs.a(2d_sp0.o) (SetRotMatrix)
../third_party/psyq/lib/libgte.a(mtx_11.o)
                              ../third_party/psyq/lib/libgs.a(gs_107.o) (SetColorMatrix)
../third_party/psyq/lib/libgte.a(mtx_12.o)
                              ../third_party/psyq/lib/libgs.a(2d_sp0.o) (SetTransMatrix)
../third_party/psyq/lib/libgte.a(patchgte.o)
                              ../third_party/psyq/lib/libgte.a(msc00.o) (_patch_gte)
../third_party/psyq/lib/libgte.a(reg09.o)
                              ../third_party/psyq/lib/libgs.a(2d_sp0.o) (ReadGeomScreen)
../third_party/psyq/lib/libgte.a(reg11.o)
                              ../third_party/psyq/lib/libgs.a(gs_121.o) (SetFarColor)
../third_party/psyq/lib/libgte.a(reg12.o)
                              ../third_party/psyq/lib/libgs.a(gs_0022.o) (SetGeomOffset)
../third_party/psyq/lib/libgte.a(sqrtbl.o)
                              ../third_party/psyq/lib/libgte.a(msc01.o) (SQRT)
../third_party/psyq/lib/libgte.a(cstbl.o)
                              ../third_party/psyq/lib/libgte.a(fgo_01.o) (rcossin_tbl)
../third_party/psyq/lib/libapi.a(a22.o)
                              ../third_party/psyq/lib/libetc.a(pad.o) (PAD_dr)
../third_party/psyq/lib/libapi.a(a23.o)
                              ../third_party/psyq/lib/libetc.a(intr.o) (ReturnFromException)
../third_party/psyq/lib/libapi.a(a24.o)
                              ../third_party/psyq/lib/libetc.a(intr.o) (ResetEntryInt)
../third_party/psyq/lib/libapi.a(a25.o)
                              ../third_party/psyq/lib/libetc.a(intr.o) (HookEntryInt)
../third_party/psyq/lib/libapi.a(a36.o)
                              ../third_party/psyq/lib/libetc.a(intr.o) (EnterCriticalSection)
../third_party/psyq/lib/libapi.a(a37.o)
                              ../third_party/psyq/lib/libetc.a(intr.o) (ExitCriticalSection)
../third_party/psyq/lib/libapi.a(a91.o)
                              ../third_party/psyq/lib/libetc.a(pad.o) (ChangeClearPAD)
../third_party/psyq/lib/libapi.a(c114.o)
                              ../third_party/psyq/lib/libetc.a(intr.o) (_96_remove)
../third_party/psyq/lib/libapi.a(c68.o)
                              ../third_party/psyq/lib/libgte.a(patchgte.o) (FlushCache)
../third_party/psyq/lib/libapi.a(c73.o)
                              ../third_party/psyq/lib/libgpu.a(sys.o) (GPU_cw)
../third_party/psyq/lib/libapi.a(l10.o)
                              ../third_party/psyq/lib/libetc.a(vsync.o) (ChangeClearRCnt)
../third_party/psyq/lib/libapi.a(pad.o)
                              ../third_party/psyq/lib/libetc.a(pad.o) (PAD_init)
../third_party/psyq/lib/libapi.a(patch.o)
                              ../third_party/psyq/lib/libapi.a(pad.o) (_patch_pad)
../third_party/psyq/lib/libapi.a(a18.o)
                              ../third_party/psyq/lib/libapi.a(pad.o) (InitPAD2)
../third_party/psyq/lib/libapi.a(a19.o)
                              ../third_party/psyq/lib/libapi.a(pad.o) (StartPAD2)
../third_party/psyq/lib/libapi.a(a21.o)
                              ../third_party/psyq/lib/libapi.a(pad.o) (PAD_init2)
../third_party/psyq/lib/libapi.a(chclrpad.o)
                              ../third_party/psyq/lib/libapi.a(pad.o) (_remove_ChgclrPAD)
../third_party/psyq/lib/libapi.a(l02.o)
                              ../third_party/psyq/lib/libapi.a(pad.o) (SysEnqIntRP)
../third_party/psyq/lib/libapi.a(l03.o)
                              ../third_party/psyq/lib/libapi.a(pad.o) (SysDeqIntRP)
../third_party/psyq/lib/libc.a(a63.o)
                              ../third_party/psyq/lib/libetc.a(vsync.o) (puts)
../third_party/psyq/lib/libc.a(c19.o)
                              ../third_party/psyq/lib/libetc.a(intr.o) (setjmp)
../third_party/psyq/lib/libc.a(c27.o)
                              ../third_party/psyq/lib/libgpu.a(font.o) (strlen)
../third_party/psyq/lib/libc.a(c43.o)
                              ../third_party/psyq/lib/libgpu.a(font.o) (memset)

Allocating common symbols
Common symbol       size              file

playerSprite        0x50              main.o
player              0x54              main.o
grid                0x3c              main.o
bricks              0x4ec             main.o
SCREEN_WIDTH        0x4               basics.o
TrialTimer          0x10              main.o
GPUOutputPacket     0x258             basics.o
ballX               0x4               main.o
bgSprite            0x50              main.o
SCREEN_HEIGHT       0x4               basics.o
currentBuffer       0x2               basics.o
ballSprite          0x50              main.o
systemBackgroundColor
                    0xc               basics.o
frame               0x54              main.o
cachedPadValue      0x4               main.o
colourList          0x30              main.o
orderingTable       0x28              basics.o
ballY               0x4               main.o
minorOrderingTable  0x10              basics.o

Discarded input sections

 .text          0x0000000000000000        0x0 main.o
 .reginfo       0x0000000000000000       0x18 main.o
 .MIPS.abiflags
                0x0000000000000000       0x18 main.o
 .pdr           0x0000000000000000      0x140 main.o
 .text.drawWon  0x0000000000000000       0x2c main.o
 .text          0x0000000000000000        0x0 basics.o
 .data          0x0000000000000000        0x0 basics.o
 .bss           0x0000000000000000        0x0 basics.o
 .reginfo       0x0000000000000000       0x18 basics.o
 .MIPS.abiflags
                0x0000000000000000       0x18 basics.o
 .pdr           0x0000000000000000      0x2a0 basics.o
 .text.transposeBox
                0x0000000000000000       0x54 basics.o
 .text.drawLine
                0x0000000000000000       0x38 basics.o
 .text          0x0000000000000000        0x0 timerz.o
 .data          0x0000000000000000        0x0 timerz.o
 .bss           0x0000000000000000        0x0 timerz.o
 .reginfo       0x0000000000000000       0x18 timerz.o
 .MIPS.abiflags
                0x0000000000000000       0x18 timerz.o
 .pdr           0x0000000000000000       0x40 timerz.o
 .text          0x0000000000000000        0x0 ../third_party/common/syscalls/printf.o
 .data          0x0000000000000000        0x0 ../third_party/common/syscalls/printf.o
 .bss           0x0000000000000000        0x0 ../third_party/common/syscalls/printf.o
 .reginfo       0x0000000000000000       0x18 ../third_party/common/syscalls/printf.o
 .MIPS.abiflags
                0x0000000000000000       0x18 ../third_party/common/syscalls/printf.o
 .pdr           0x0000000000000000        0x0 ../third_party/common/syscalls/printf.o
 .ramtext       0x0000000000000000        0xc ../third_party/common/syscalls/printf.o
 .debug_line    0x0000000000000000       0x59 ../third_party/common/syscalls/printf.o
 .debug_info    0x0000000000000000       0x26 ../third_party/common/syscalls/printf.o
 .debug_abbrev  0x0000000000000000       0x14 ../third_party/common/syscalls/printf.o
 .debug_aranges
                0x0000000000000000       0x20 ../third_party/common/syscalls/printf.o
 .debug_str     0x0000000000000000       0x45 ../third_party/common/syscalls/printf.o
 .gnu.attributes
                0x0000000000000000       0x10 ../third_party/common/syscalls/printf.o
 .text          0x0000000000000000        0x0 ../third_party/common/crt0/crt0.o
 .data          0x0000000000000000        0x0 ../third_party/common/crt0/crt0.o
 .bss           0x0000000000000000        0x0 ../third_party/common/crt0/crt0.o
 .reginfo       0x0000000000000000       0x18 ../third_party/common/crt0/crt0.o
 .MIPS.abiflags
                0x0000000000000000       0x18 ../third_party/common/crt0/crt0.o
 .data          0x0000000000000000       0x10 ../third_party/psyq/lib/libgs.a(global.o)
 .data          0x0000000000000000       0x10 ../third_party/psyq/lib/libgs.a(gs_001.o)
 .text          0x0000000000000000       0x80 ../third_party/psyq/lib/libgs.a(gs_104.o)
 .text          0x0000000000000000      0x570 ../third_party/psyq/lib/libgs.a(gs_107.o)
 .text          0x0000000000000000       0x90 ../third_party/psyq/lib/libgte.a(msc01.o)
 .text          0x0000000000000000       0x30 ../third_party/psyq/lib/libgte.a(mtx_11.o)
 .data          0x0000000000000000      0x180 ../third_party/psyq/lib/libgte.a(sqrtbl.o)

Memory Configuration

Name             Origin             Length             Attributes
loader           0x000000008000f800 0x0000000000000800
ram              0x0000000080010000 0x00000000001f0000 xrw
dcache           0x000000001f800000 0x0000000000000400
kttyram          0x000000000000c000 0x0000000000002000 xrw
*default*        0x0000000000000000 0xffffffffffffffff

Linker script and memory map

LOAD main.o
LOAD basics.o
LOAD timerz.o
LOAD ../third_party/common/syscalls/printf.o
LOAD ../third_party/common/crt0/crt0.o
START GROUP
LOAD ../third_party/psyq/lib/libapi.a
LOAD ../third_party/psyq/lib/libc.a
LOAD ../third_party/psyq/lib/libc2.a
LOAD ../third_party/psyq/lib/libcard.a
LOAD ../third_party/psyq/lib/libcomb.a
LOAD ../third_party/psyq/lib/libds.a
LOAD ../third_party/psyq/lib/libetc.a
LOAD ../third_party/psyq/lib/libgpu.a
LOAD ../third_party/psyq/lib/libgs.a
LOAD ../third_party/psyq/lib/libgte.a
LOAD ../third_party/psyq/lib/libgpu.a
LOAD ../third_party/psyq/lib/libgun.a
LOAD ../third_party/psyq/lib/libhmd.a
LOAD ../third_party/psyq/lib/libmath.a
LOAD ../third_party/psyq/lib/libmcrd.a
LOAD ../third_party/psyq/lib/libmcx.a
LOAD ../third_party/psyq/lib/libpad.a
LOAD ../third_party/psyq/lib/libpress.a
LOAD ../third_party/psyq/lib/libsio.a
LOAD ../third_party/psyq/lib/libsnd.a
LOAD ../third_party/psyq/lib/libspu.a
LOAD ../third_party/psyq/lib/libtap.a
END GROUP
                0x0000000080010000                TLOAD_ADDR = DEFINED (TLOAD_ADDR)?TLOAD_ADDR:0x80010000
                0x0000000080200000                __ram_top = (ORIGIN (ram) + LENGTH (ram))
                0x00000000801fff00                __sp = (__ram_top - 0x100)
                0x000000001f800000                __dcache = ORIGIN (dcache)
                0x000000001f800400                __dcache_top = (ORIGIN (dcache) + LENGTH (dcache))
                0x0000000000006894                __bss_len = (__bss_end - __bss_start)
                0xffffffff7fffc000                __ftext_len = (__ftext_end - __ftext_start)
                0x0000000080018800                __fdata_len = (__fdata_end - __fdata_start)
                0x0000000080200000                __stack_start = (ORIGIN (ram) + LENGTH (ram))
                0x0000000000000000                __ktty_length = (__ktty_dest_end - __ktty_dest_start)

.PSX_EXE_Header
                0x000000008000f800      0x800
                0x000000008000f800        0x1 BYTE 0x50
                0x000000008000f801        0x1 BYTE 0x53
                0x000000008000f802        0x1 BYTE 0x2d
                0x000000008000f803        0x1 BYTE 0x58
                0x000000008000f804        0x1 BYTE 0x20
                0x000000008000f805        0x1 BYTE 0x45
                0x000000008000f806        0x1 BYTE 0x58
                0x000000008000f807        0x1 BYTE 0x45
                0x000000008000f808        0x4 LONG 0x0
                0x000000008000f80c        0x4 LONG 0x0
                0x000000008000f810        0x4 LONG 0x80010000 ABSOLUTE (_start)
                0x000000008000f814        0x4 LONG 0x0
                0x000000008000f818        0x4 LONG 0x80010000 TLOAD_ADDR
                0x000000008000f81c        0x4 LONG 0x14800 (__ftext_len + __fdata_len)
                0x000000008000f820        0x4 LONG 0x0
                0x000000008000f824        0x4 LONG 0x0
                0x000000008000f828        0x4 LONG 0x0
                0x000000008000f82c        0x4 LONG 0x0
                0x000000008000f830        0x4 LONG 0x801fff00 DEFINED (_sp)?ABSOLUTE (_sp):0x801fff00
                0x000000008000f834        0x4 LONG 0x0
                0x0000000080010000                . = (. + 0x7c8)
 *fill*         0x000000008000f838      0x7c8 
                0x0000000080010000                __ftext_start = ABSOLUTE (.)

.text           0x0000000080010000     0x97e0
 *(.start)
 .start         0x0000000080010000       0x38 ../third_party/common/crt0/crt0.o
                0x0000000080010000                _start
 *(.init)
 *(SORT_NONE(.fini))
 *(.text.unlikely .text.*_unlikely .text.unlikely.*)
 *(.text.exit .text.exit.*)
 *(.text.startup .text.startup.*)
 *(.text.hot .text.hot.*)
 *(.text .stub .text.* .gnu.linkonce.t.*)
 .text.main     0x0000000080010038       0xfc main.o
                0x0000000080010038                main
 .text.initialize
                0x0000000080010134      0x3f0 main.o
                0x0000000080010134                initialize
 .text.initialiseGame
                0x0000000080010524       0x48 main.o
                0x0000000080010524                initialiseGame
 .text.initialiseScene
                0x000000008001056c      0x1d4 main.o
                0x000000008001056c                initialiseScene
 .text.draw     0x0000000080010740      0x824 main.o
                0x0000000080010740                draw
 .text.updateControls
                0x0000000080010f64      0x254 main.o
                0x0000000080010f64                updateControls
 .text.ballMotion
                0x00000000800111b8      0xb94 main.o
                0x00000000800111b8                ballMotion
 .text.drawGameOver
                0x0000000080011d4c       0x2c main.o
                0x0000000080011d4c                drawGameOver
 .text.initialiseLevel
                0x0000000080011d78       0xf8 main.o
                0x0000000080011d78                initialiseLevel
 .text.createImage
                0x0000000080011e70      0x328 basics.o
                0x0000000080011e70                createImage
 .text.moveImage
                0x0000000080012198       0x7c basics.o
                0x0000000080012198                moveImage
 .text.scaleImage
                0x0000000080012214       0xbc basics.o
                0x0000000080012214                scaleImage
 .text.rotImage
                0x00000000800122d0       0x64 basics.o
                0x00000000800122d0                rotImage
 .text.drawImage
                0x0000000080012334       0x88 basics.o
                0x0000000080012334                drawImage
 .text.createColor
                0x00000000800123bc       0x64 basics.o
                0x00000000800123bc                createColor
 .text.createLine
                0x0000000080012420       0xec basics.o
                0x0000000080012420                createLine
 .text.createBox
                0x000000008001250c      0x22c basics.o
                0x000000008001250c                createBox
 .text.moveLine
                0x0000000080012738       0x98 basics.o
                0x0000000080012738                moveLine
 .text.moveBox  0x00000000800127d0      0x2b4 basics.o
                0x00000000800127d0                moveBox
 .text.drawBox  0x0000000080012a84       0x8c basics.o
                0x0000000080012a84                drawBox
 .text.setScreenMode
                0x0000000080012b10      0x17c basics.o
                0x0000000080012b10                setScreenMode
 .text.setBackgroundColor
                0x0000000080012c8c       0x3c basics.o
                0x0000000080012c8c                setBackgroundColor
 .text.initializeScreen
                0x0000000080012cc8      0x128 basics.o
                0x0000000080012cc8                initializeScreen
 .text.initializeDebugFont
                0x0000000080012df0       0x5c basics.o
                0x0000000080012df0                initializeDebugFont
 .text.initializeOrderingTable
                0x0000000080012e4c       0xcc basics.o
                0x0000000080012e4c                initializeOrderingTable
 .text.display  0x0000000080012f18       0xfc basics.o
                0x0000000080012f18                display
 .text.clearDisplay
                0x0000000080013014       0xc4 basics.o
                0x0000000080013014                clearDisplay
 .text.clearVRAM
                0x00000000800130d8       0x5c basics.o
                0x00000000800130d8                clearVRAM
 .text.createTimer
                0x0000000080013134       0x6c timerz.o
                0x0000000080013134                createTimer
 .text.incTimer
                0x00000000800131a0       0xa4 timerz.o
                0x00000000800131a0                incTimer
 *fill*         0x0000000080013244        0x4 
 .text          0x0000000080013248       0x10 ../third_party/psyq/lib/libc.a(c14.o)
                0x0000000080013248                abs
 .text          0x0000000080013258       0x10 ../third_party/psyq/lib/libc.a(c42.o)
                0x0000000080013258                memcpy
 .text          0x0000000080013268       0x10 ../third_party/psyq/lib/libc.a(c63.o)
                0x0000000080013268                printf
 .text          0x0000000080013278       0x80 ../third_party/psyq/lib/libetc.a(pad.o)
                0x0000000080013278                PadInit
                0x00000000800132c4                PadRead
 .text          0x00000000800132f8       0x30 ../third_party/psyq/lib/libetc.a(vmode.o)
                0x00000000800132f8                SetVideoMode
                0x000000008001330c                GetVideoMode
 .text          0x0000000080013328      0x210 ../third_party/psyq/lib/libetc.a(vsync.o)
                0x0000000080013328                VSync
 .text          0x0000000080013538      0x6c0 ../third_party/psyq/lib/libetc.a(intr.o)
                0x0000000080013538                ResetCallback
                0x0000000080013568                InterruptCallback
                0x0000000080013598                DMACallback
                0x00000000800135c8                VSyncCallback
                0x00000000800135fc                VSyncCallbacks
                0x000000008001362c                StopCallback
                0x000000008001365c                RestartCallback
                0x000000008001368c                CheckCallback
                0x000000008001369c                GetIntrMask
                0x00000000800136b4                SetIntrMask
 .text          0x0000000080013bf8      0x2a0 ../third_party/psyq/lib/libetc.a(intr_dma.o)
                0x0000000080013bf8                startIntrDMA
 .text          0x0000000080013e98      0x120 ../third_party/psyq/lib/libetc.a(intr_vb.o)
                0x0000000080013e98                startIntrVSync
 .text          0x0000000080013fb8      0xa80 ../third_party/psyq/lib/libgpu.a(font.o)
                0x0000000080013fb8                SetDumpFnt
                0x0000000080013ff8                FntLoad
                0x0000000080014098                FntOpen
                0x0000000080014354                FntFlush
                0x0000000080014670                FntPrint
 .text          0x0000000080014a38       0x40 ../third_party/psyq/lib/libgpu.a(p00.o)
                0x0000000080014a38                GetTPage
 .text          0x0000000080014a78       0x40 ../third_party/psyq/lib/libgpu.a(p06.o)
                0x0000000080014a78                AddPrim
 .text          0x0000000080014ab8       0x20 ../third_party/psyq/lib/libgpu.a(p09.o)
                0x0000000080014ab8                TermPrim
 .text          0x0000000080014ad8       0x30 ../third_party/psyq/lib/libgpu.a(p10.o)
                0x0000000080014ad8                SetSemiTrans
 .text          0x0000000080014b08       0x20 ../third_party/psyq/lib/libgpu.a(p20.o)
                0x0000000080014b08                SetSprt8
 .text          0x0000000080014b28       0x20 ../third_party/psyq/lib/libgpu.a(p26.o)
                0x0000000080014b28                SetTile
 .text          0x0000000080014b48       0x20 ../third_party/psyq/lib/libgpu.a(p27.o)
                0x0000000080014b48                SetLineF2
 .text          0x0000000080014b68       0xa0 ../third_party/psyq/lib/libgpu.a(p41.o)
                0x0000000080014b68                SetDrawMode
 .text          0x0000000080014c08     0x2f00 ../third_party/psyq/lib/libgpu.a(sys.o)
                0x0000000080014c08                ResetGraph
                0x0000000080014d7c                SetGraphDebug
                0x0000000080014dd8                SetGraphQueue
                0x0000000080014e7c                GetGraphDebug
                0x0000000080014e8c                DrawSyncCallback
                0x0000000080014eec                SetDispMask
                0x0000000080014f84                DrawSync
                0x0000000080015108                ClearImage
                0x0000000080015198                ClearImage2
                0x0000000080015230                LoadImage
                0x0000000080015290                StoreImage
                0x00000000800152f0                MoveImage
                0x00000000800153a8                ClearOTag
                0x0000000080015470                ClearOTagR
                0x000000008001551c                DrawPrim
                0x0000000080015578                DrawOTag
                0x00000000800155e8                PutDrawEnv
                0x00000000800156a8                DrawOTagEnv
                0x0000000080015780                GetDrawEnv
                0x00000000800157b4                PutDispEnv
                0x0000000080015cac                GetDispEnv
                0x0000000080015ce0                GetODE
                0x0000000080015d10                SetDrawArea
                0x0000000080015d90                SetDrawOffset
                0x0000000080015dd0                SetDrawEnv
                0x00000000800176a0                LoadImage2
                0x000000008001778c                StoreImage2
                0x0000000080017878                MoveImage2
                0x00000000800179bc                DrawOTag2
                0x0000000080017ab8                _GPU_ResetCallback
 .text          0x0000000080017b08       0xf0 ../third_party/psyq/lib/libgpu.a(e00.o)
                0x0000000080017b08                LoadTPage
 .text          0x0000000080017bf8       0x70 ../third_party/psyq/lib/libgpu.a(e02.o)
                0x0000000080017bf8                LoadClut2
 .text          0x0000000080017c68       0x20 ../third_party/psyq/lib/libgpu.a(p01.o)
                0x0000000080017c68                GetClut
 .text          0x0000000080017c88      0x500 ../third_party/psyq/lib/libgs.a(2d_sp0.o)
                0x0000000080017c88                GsSortSprite
 .text          0x0000000080018188      0x550 ../third_party/psyq/lib/libgs.a(gs_001.o)
                0x0000000080018188                GsInitGraph
                0x0000000080018318                GsInitGraph2
                0x00000000800185a0                GsSortClear
 .text          0x00000000800186d8       0x10 ../third_party/psyq/lib/libgs.a(gs_0021.o)
                0x00000000800186d8                GsGetActiveBuff
 .text          0x00000000800186e8      0x110 ../third_party/psyq/lib/libgs.a(gs_0022.o)
                0x00000000800186e8                GsSetDrawBuffOffset
 .text          0x00000000800187f8       0x80 ../third_party/psyq/lib/libgs.a(gs_003.o)
                0x00000000800187f8                GsSetDrawBuffClip
 .text          0x0000000080018878       0xb0 ../third_party/psyq/lib/libgs.a(gs_010.o)
                0x0000000080018878                GsSwapDispBuff
 .text          0x0000000080018928       0xa0 ../third_party/psyq/lib/libgs.a(gs_103.o)
                0x0000000080018928                GsDefDispBuff
 .text          0x00000000800189c8       0x30 ../third_party/psyq/lib/libgs.a(gs_111.o)
                0x00000000800189c8                GsDrawOt
 .text          0x00000000800189f8       0x60 ../third_party/psyq/lib/libgs.a(gs_113.o)
                0x00000000800189f8                GsClearOt
 .text          0x0000000080018a58       0x50 ../third_party/psyq/lib/libgs.a(gs_121.o)
                0x0000000080018a58                gte_init
 .text          0x0000000080018aa8       0xf0 ../third_party/psyq/lib/libgs.a(gs_122.o)
                0x0000000080018aa8                GsGetTimInfo
 .text          0x0000000080018b98       0x10 ../third_party/psyq/lib/libgs.a(gs_124.o)
                0x0000000080018b98                GsSetWorkBase
 .text          0x0000000080018ba8       0xa0 ../third_party/psyq/lib/libgs.a(2d_com1.o)
                0x0000000080018ba8                _make_packet
 .text          0x0000000080018c48       0x80 ../third_party/psyq/lib/libgte.a(cmb_00.o)
                0x0000000080018c48                RotTransPers4
 .text          0x0000000080018cc8      0x290 ../third_party/psyq/lib/libgte.a(fgo_01.o)
                0x0000000080018cc8                RotMatrix
 .text          0x0000000080018f58       0x90 ../third_party/psyq/lib/libgte.a(msc00.o)
                0x0000000080018f60                InitGeom
 .text          0x0000000080018fe8       0x30 ../third_party/psyq/lib/libgte.a(mtx_07.o)
                0x0000000080018fe8                TransMatrix
 .text          0x0000000080019018      0x140 ../third_party/psyq/lib/libgte.a(mtx_08.o)
                0x0000000080019018                ScaleMatrix
 .text          0x0000000080019158       0x30 ../third_party/psyq/lib/libgte.a(mtx_09.o)
                0x0000000080019158                SetRotMatrix
 .text          0x0000000080019188       0x20 ../third_party/psyq/lib/libgte.a(mtx_12.o)
                0x0000000080019188                SetTransMatrix
 .text          0x00000000800191a8       0xe0 ../third_party/psyq/lib/libgte.a(patchgte.o)
                0x00000000800191a8                _patch_gte
 .text          0x0000000080019288       0x10 ../third_party/psyq/lib/libgte.a(reg09.o)
                0x0000000080019288                ReadGeomScreen
 .text          0x0000000080019298       0x20 ../third_party/psyq/lib/libgte.a(reg11.o)
                0x0000000080019298                SetFarColor
 .text          0x00000000800192b8       0x20 ../third_party/psyq/lib/libgte.a(reg12.o)
                0x00000000800192b8                SetGeomOffset
 .text          0x00000000800192d8       0x10 ../third_party/psyq/lib/libapi.a(a22.o)
                0x00000000800192d8                PAD_dr
 .text          0x00000000800192e8       0x10 ../third_party/psyq/lib/libapi.a(a23.o)
                0x00000000800192e8                ReturnFromException
 .text          0x00000000800192f8       0x10 ../third_party/psyq/lib/libapi.a(a24.o)
                0x00000000800192f8                ResetEntryInt
 .text          0x0000000080019308       0x10 ../third_party/psyq/lib/libapi.a(a25.o)
                0x0000000080019308                HookEntryInt
 .text          0x0000000080019318       0x10 ../third_party/psyq/lib/libapi.a(a36.o)
                0x0000000080019318                EnterCriticalSection
 .text          0x0000000080019328       0x10 ../third_party/psyq/lib/libapi.a(a37.o)
                0x0000000080019328                ExitCriticalSection
 .text          0x0000000080019338       0x10 ../third_party/psyq/lib/libapi.a(a91.o)
                0x0000000080019338                ChangeClearPAD
 .text          0x0000000080019348       0x20 ../third_party/psyq/lib/libapi.a(c114.o)
                0x0000000080019350                _96_remove
 .text          0x0000000080019368       0x10 ../third_party/psyq/lib/libapi.a(c68.o)
                0x0000000080019368                FlushCache
 .text          0x0000000080019378       0x10 ../third_party/psyq/lib/libapi.a(c73.o)
                0x0000000080019378                GPU_cw
 .text          0x0000000080019388       0x10 ../third_party/psyq/lib/libapi.a(l10.o)
                0x0000000080019388                ChangeClearRCnt
 .text          0x0000000080019398      0x290 ../third_party/psyq/lib/libapi.a(pad.o)
                0x0000000080019398                SetInitPadFlag
                0x00000000800193a4                ReadInitPadFlag
                0x00000000800193b4                PAD_init
                0x0000000080019444                InitPAD
                0x00000000800194d4                StartPAD
 .text          0x0000000080019628       0xa0 ../third_party/psyq/lib/libapi.a(patch.o)
                0x0000000080019628                EnablePAD
                0x000000008001963c                DisablePAD
                0x0000000080019650                _patch_pad
 .text          0x00000000800196c8       0x10 ../third_party/psyq/lib/libapi.a(a18.o)
                0x00000000800196c8                InitPAD2
 .text          0x00000000800196d8       0x10 ../third_party/psyq/lib/libapi.a(a19.o)
                0x00000000800196d8                StartPAD2
 .text          0x00000000800196e8       0x10 ../third_party/psyq/lib/libapi.a(a21.o)
                0x00000000800196e8                PAD_init2
 .text          0x00000000800196f8       0x70 ../third_party/psyq/lib/libapi.a(chclrpad.o)
                0x00000000800196f8                _remove_ChgclrPAD
 .text          0x0000000080019768       0x10 ../third_party/psyq/lib/libapi.a(l02.o)
                0x0000000080019768                SysEnqIntRP
 .text          0x0000000080019778       0x10 ../third_party/psyq/lib/libapi.a(l03.o)
                0x0000000080019778                SysDeqIntRP
 .text          0x0000000080019788       0x20 ../third_party/psyq/lib/libc.a(a63.o)
                0x0000000080019790                puts
 .text          0x00000000800197a8       0x10 ../third_party/psyq/lib/libc.a(c19.o)
                0x00000000800197a8                setjmp
 .text          0x00000000800197b8       0x10 ../third_party/psyq/lib/libc.a(c27.o)
                0x00000000800197b8                strlen
 .text          0x00000000800197c8       0x10 ../third_party/psyq/lib/libc.a(c43.o)
                0x00000000800197c8                memset
                0x00000000800197e0                . = ALIGN (0x10)
 *fill*         0x00000000800197d8        0x8 
 *(.init)
                0x00000000800197e0                . = ALIGN (0x10)
 *(.fini)
                0x00000000800197e0                __ktty_src = .

.kttytext       0x000000000000c000        0x0 load address 0x00000000800197e0
                0x000000000000c000                __ktty_dest_start = ABSOLUTE (.)
 *(.kttytext)
                0x000000000000c000                __ktty_dest_end = ABSOLUTE (.)
                0x000000000000c000                . = ALIGN (0x10)
                0x000000000000c000                . = ALIGN (0x10)
                0x000000000000c000                __text_end = .
                0x000000000000c000                __ftext_end = ABSOLUTE (.)
                0x000000000000c000                __fdata_start = ABSOLUTE (.)

.rodata         0x00000000800197e0      0x524
 *(.rodata .rodata.* .rdata .rdata.* .gnu.linkonce.r.*)
 .rodata        0x00000000800197e0       0x40 main.o
 .rodata        0x0000000080019820      0x120 basics.o
 .rdata         0x0000000080019940       0x10 ../third_party/psyq/lib/libetc.a(vsync.o)
 .rdata         0x0000000080019950       0x70 ../third_party/psyq/lib/libetc.a(intr.o)
 .rdata         0x00000000800199c0       0x30 ../third_party/psyq/lib/libetc.a(intr_dma.o)
 .rdata         0x00000000800199f0       0xa0 ../third_party/psyq/lib/libgpu.a(font.o)
 .rdata         0x0000000080019a90      0x220 ../third_party/psyq/lib/libgpu.a(sys.o)
 .rdata         0x0000000080019cb0       0x30 ../third_party/psyq/lib/libgs.a(2d_com1.o)
                0x0000000080019ce0                . = ALIGN (0x10)
                0x0000000080019ce0                __preinit_array_start = .
 *(.preinit_array)
                0x0000000080019ce0                __preinit_array_end = .
                0x0000000080019ce0                . = ALIGN (0x10)
                0x0000000080019ce0                __init_array_start = .
 *(SORT_BY_NAME(.init_array.*))
 *(.init_array)
                0x0000000080019ce0                . = ALIGN (0x10)
 *crtbegin.o(.ctors)
 *(EXCLUDE_FILE(*crtend.o) .ctors)
 *(SORT_BY_NAME(.ctors.*))
 *crtend.o(.ctors)
                0x0000000080019ce0                __init_array_end = .
                0x0000000080019ce0                . = ALIGN (0x10)
                0x0000000080019ce0                __fini_array_start = .
 *(.fini_array)
 *(SORT_BY_NAME(.fini_array.*))
 *crtbegin.o(.dtors)
 *(EXCLUDE_FILE(*crtend.o) .dtors)
 *(SORT_BY_NAME(.dtors.*))
 *crtend.o(.dtors)
                0x0000000080019ce0                __fini_array_end = .
                0x0000000080019ce0                __build_id = .
 *(.note.gnu.build-id)
 .note.gnu.build-id
                0x0000000080019ce0       0x24 main.o
                0x0000000080019d04                __build_id_end = .

.rel.dyn        0x0000000080019d04        0x0
 .rel.dyn       0x0000000080019d04        0x0 ../third_party/psyq/lib/libgpu.a(sys.o)

.rodata1
 *(.rodata1)
                0x0000000080019d04                __data_start = .

.data           0x0000000080019d10     0xaaf0
 *(.a0table)
 *(.data .data.* .gnu.linkonce.d.*)
 .data          0x0000000080019d10     0x47e0 main.o
                0x0000000080019d10                img_ball_gpu_x
                0x0000000080019d12                img_playerBar_gpu_x
                0x0000000080019d14                img_wall1_gpu_x
                0x0000000080019d16                img_ball_width
                0x0000000080019d18                img_ball_height
                0x0000000080019d1a                img_playerBar_width
                0x0000000080019d1c                img_playerBar_height
                0x0000000080019d1e                img_wall1_width
                0x0000000080019d20                img_wall1_height
                0x0000000080019d24                img_ball
                0x000000008001a344                img_playerBar
                0x000000008001a758                img_wall1
                0x000000008001e3f8                gridMaster
                0x000000008001e4ac                maxLevel
                0x000000008001e4b0                framing
                0x000000008001e4b4                brickSpacing
                0x000000008001e4b8                brickSizeY
                0x000000008001e4bc                brickSizeX
                0x000000008001e4c0                xOff
                0x000000008001e4c4                yOff
                0x000000008001e4c8                playerSize
                0x000000008001e4cc                playerY
                0x000000008001e4d0                lives
                0x000000008001e4d4                velX
                0x000000008001e4d8                velY
                0x000000008001e4dc                ballRad
                0x000000008001e4e0                hit
 .data          0x000000008001e4f0       0x10 ../third_party/psyq/lib/libetc.a(vmode.o)
 .data          0x000000008001e500       0x20 ../third_party/psyq/lib/libetc.a(vsync.o)
                0x000000008001e510                Hcount
 .data          0x000000008001e520     0x1100 ../third_party/psyq/lib/libetc.a(intr.o)
 .data          0x000000008001f620       0x30 ../third_party/psyq/lib/libetc.a(intr_dma.o)
 .data          0x000000008001f650       0x30 ../third_party/psyq/lib/libetc.a(intr_vb.o)
                0x000000008001f670                Vcount
 .data          0x000000008001f680      0xb90 ../third_party/psyq/lib/libgpu.a(font.o)
                0x000000008001f680                Font
 .data          0x0000000080020210      0x1a0 ../third_party/psyq/lib/libgpu.a(sys.o)
                0x000000008002025c                GPU_printf
                0x0000000080020260                GEnv
                0x0000000080020388                _qin
                0x000000008002038c                _qout
 .data          0x00000000800203b0       0x10 ../third_party/psyq/lib/libgte.a(msc00.o)
 .data          0x00000000800203c0     0x4000 ../third_party/psyq/lib/libgte.a(cstbl.o)
                0x00000000800203c0                rcossin_tbl
 .data          0x00000000800243c0       0x10 ../third_party/psyq/lib/libapi.a(pad.o)
 *(.data1)
 *(.got.plt)
 *(.got)
                0x0000000080024800                . = ALIGN (0x800)
 *fill*         0x00000000800243d0      0x430 
                0x0000000080024800                . = ALIGN (0x4)
                0x0000000080024800                __data_end = .
                0x0000000080024800                __fdata_end = .
                0x0000000080024800                . = ALIGN (0x4)
                0x0000000080024800                __bss_start = .

.sbss           0x0000000080024800     0x6894
 *(.dynsbss)
 *(.sbss .sbss.* .gnu.linkonce.sb.*)
 *(.scommon)
 .scommon       0x0000000080024800        0xc main.o
                0x0000000080024800                ballX
                0x0000000080024804                cachedPadValue
                0x0000000080024808                ballY
 .scommon       0x000000008002480c        0xa basics.o
                0x000000008002480c                SCREEN_WIDTH
                0x0000000080024810                SCREEN_HEIGHT
                0x0000000080024814                currentBuffer
 *(.dynbss)
 *(.bss .bss.* .gnu.linkonce.b.*)
 *fill*         0x0000000080024816        0xa 
 .bss           0x0000000080024820       0x30 main.o
                0x0000000080024820                img_ball_gpu_y
                0x0000000080024822                img_playerBar_gpu_y
                0x0000000080024824                img_wall1_gpu_y
                0x0000000080024828                level
                0x000000008002482c                playerX
                0x0000000080024830                gameWon
                0x0000000080024834                motion
                0x0000000080024838                ballR
                0x000000008002483c                bricksCounter
                0x0000000080024840                bricksLeft
                0x0000000080024844                pause
 .bss           0x0000000080024850       0x14 ../third_party/psyq/lib/libetc.a(pad.o)
                0x0000000080024860                PadIdentifier
 *fill*         0x0000000080024864        0x4 
 .bss           0x0000000080024868     0x4410 ../third_party/psyq/lib/libgpu.a(font.o)
 .bss           0x0000000080028c78     0x1850 ../third_party/psyq/lib/libgpu.a(sys.o)
                0x0000000080028cc8                _que
 .bss           0x000000008002a4c8       0x54 ../third_party/psyq/lib/libgs.a(global.o)
                0x000000008002a4c8                GsOUT_PACKET_P
                0x000000008002a4d0                GsMATE_C
                0x000000008002a4d8                GsLMODE
                0x000000008002a4e0                GsLIGNR
                0x000000008002a4e8                GsLIOFF
                0x000000008002a4f0                GsZOVER
                0x000000008002a4f8                GsBACKC
                0x000000008002a500                GsNDIV
                0x000000008002a508                GsTRATE
                0x000000008002a510                GsTON
                0x000000008002a518                GsDISPON
 *fill*         0x000000008002a51c        0x4 
 .bss           0x000000008002a520       0xea ../third_party/psyq/lib/libgs.a(gs_001.o)
                0x000000008002a540                PSDIDX
                0x000000008002a548                GsDRAWENV
                0x000000008002a5a8                GsDISPENV
                0x000000008002a5c0                PSDGPU
                0x000000008002a5c8                PSDBASEX
                0x000000008002a5d0                PSDBASEY
                0x000000008002a5d8                POSITION
                0x000000008002a5e0                CLIP2
                0x000000008002a5e8                PSDCNT
                0x000000008002a5f0                PSDOFSX
                0x000000008002a5f8                PSDOFSY
                0x000000008002a600                GsORGOFSX
                0x000000008002a608                GsORGOFSY
 *fill*         0x000000008002a60a        0x6 
 .bss           0x000000008002a610       0x24 ../third_party/psyq/lib/libgs.a(gs_104.o)
                0x000000008002a610                HWD0
                0x000000008002a618                VWD0
                0x000000008002a620                GsCLIP3near
                0x000000008002a628                GsLIGHT_MODE
                0x000000008002a630                GsCLIP3far
 *fill*         0x000000008002a634        0x4 
 .bss           0x000000008002a638       0x40 ../third_party/psyq/lib/libgs.a(gs_107.o)
                0x000000008002a638                GsLIGHTWSMATRIX
                0x000000008002a658                _LC
 .bss           0x000000008002a678       0x40 ../third_party/psyq/lib/libgs.a(gs_128.o)
                0x000000008002a678                GsIDMATRIX
                0x000000008002a698                GsIDMATRIX2
 .bss           0x000000008002a6b8       0x10 ../third_party/psyq/lib/libgte.a(patchgte.o)
 .bss           0x000000008002a6c8       0x10 ../third_party/psyq/lib/libapi.a(pad.o)
                0x000000008002a6c8                _apiPadPatch
 .bss           0x000000008002a6d8       0x10 ../third_party/psyq/lib/libapi.a(patch.o)
 .bss           0x000000008002a6e8       0x10 ../third_party/psyq/lib/libapi.a(chclrpad.o)
 *(COMMON)
 COMMON         0x000000008002a6f8      0x700 main.o
                0x000000008002a6f8                playerSprite
                0x000000008002a748                player
                0x000000008002a79c                grid
                0x000000008002a7d8                bricks
                0x000000008002acc4                TrialTimer
                0x000000008002acd4                bgSprite
                0x000000008002ad24                ballSprite
                0x000000008002ad74                frame
                0x000000008002adc8                colourList
 COMMON         0x000000008002adf8      0x29c basics.o
                0x000000008002adf8                GPUOutputPacket
                0x000000008002b050                systemBackgroundColor
                0x000000008002b05c                orderingTable
                0x000000008002b084                minorOrderingTable
                0x000000008002b094                . = ALIGN (0x4)
                0x000000008002b094                __bss_end = .
                0x000000008002b094                __heap_start = .
                0x000000008002b094                __end = .

/DISCARD/
 *(.MIPS.abiflags)
 *(.rel.iplt)
 *(.rela.iplt)
 *(.rel.plt)
 *(.rela.plt)
 *(.plt)
 *(.iplt)
 *(.note.GNU-stack)
 *(.gnu_debuglink)
 *(.gnu.lto_*)
OUTPUT(cs50x.elf elf32-tradlittlemips)

.mdebug.abi32   0x0000000000000000        0x0
 .mdebug.abi32  0x0000000000000000        0x0 main.o
 .mdebug.abi32  0x0000000000000000        0x0 basics.o
 .mdebug.abi32  0x0000000000000000        0x0 timerz.o

.comment        0x0000000000000000       0x2a
 .comment       0x0000000000000000       0x2a main.o
                                         0x2b (size before relaxing)
 .comment       0x000000000000002a       0x2b basics.o
 .comment       0x000000000000002a       0x2b timerz.o

.gnu.attributes
                0x0000000000000000       0x10
 .gnu.attributes
                0x0000000000000000       0x10 main.o
 .gnu.attributes
                0x0000000000000010       0x10 basics.o
 .gnu.attributes
                0x0000000000000020       0x10 timerz.o
 .gnu.attributes
                0x0000000000000030       0x10 ../third_party/common/crt0/crt0.o

.pdr            0x0000000000000000        0x0
 .pdr           0x0000000000000000        0x0 ../third_party/common/crt0/crt0.o

.note           0x0000000000000000     0x22e4
 .note          0x0000000000000000       0x74 ../third_party/psyq/lib/libc.a(c14.o)
 .note          0x0000000000000074       0x74 ../third_party/psyq/lib/libc.a(c42.o)
 .note          0x00000000000000e8       0x74 ../third_party/psyq/lib/libc.a(c63.o)
 .note          0x000000000000015c       0x74 ../third_party/psyq/lib/libetc.a(pad.o)
 .note          0x00000000000001d0       0x74 ../third_party/psyq/lib/libetc.a(vmode.o)
 .note          0x0000000000000244       0x74 ../third_party/psyq/lib/libetc.a(vsync.o)
 .note          0x00000000000002b8       0x74 ../third_party/psyq/lib/libetc.a(intr.o)
 .note          0x000000000000032c       0x74 ../third_party/psyq/lib/libetc.a(intr_dma.o)
 .note          0x00000000000003a0       0x74 ../third_party/psyq/lib/libetc.a(intr_vb.o)
 .note          0x0000000000000414       0x74 ../third_party/psyq/lib/libgpu.a(font.o)
 .note          0x0000000000000488       0x74 ../third_party/psyq/lib/libgpu.a(p00.o)
 .note          0x00000000000004fc       0x74 ../third_party/psyq/lib/libgpu.a(p06.o)
 .note          0x0000000000000570       0x74 ../third_party/psyq/lib/libgpu.a(p09.o)
 .note          0x00000000000005e4       0x74 ../third_party/psyq/lib/libgpu.a(p10.o)
 .note          0x0000000000000658       0x74 ../third_party/psyq/lib/libgpu.a(p20.o)
 .note          0x00000000000006cc       0x74 ../third_party/psyq/lib/libgpu.a(p26.o)
 .note          0x0000000000000740       0x74 ../third_party/psyq/lib/libgpu.a(p27.o)
 .note          0x00000000000007b4       0x74 ../third_party/psyq/lib/libgpu.a(p41.o)
 .note          0x0000000000000828       0x74 ../third_party/psyq/lib/libgpu.a(sys.o)
 .note          0x000000000000089c       0x74 ../third_party/psyq/lib/libgpu.a(e00.o)
 .note          0x0000000000000910       0x74 ../third_party/psyq/lib/libgpu.a(e02.o)
 .note          0x0000000000000984       0x74 ../third_party/psyq/lib/libgpu.a(p01.o)
 .note          0x00000000000009f8       0x74 ../third_party/psyq/lib/libgs.a(2d_sp0.o)
 .note          0x0000000000000a6c       0x74 ../third_party/psyq/lib/libgs.a(global.o)
 .note          0x0000000000000ae0       0x74 ../third_party/psyq/lib/libgs.a(gs_001.o)
 .note          0x0000000000000b54       0x74 ../third_party/psyq/lib/libgs.a(gs_0021.o)
 .note          0x0000000000000bc8       0x74 ../third_party/psyq/lib/libgs.a(gs_0022.o)
 .note          0x0000000000000c3c       0x74 ../third_party/psyq/lib/libgs.a(gs_003.o)
 .note          0x0000000000000cb0       0x74 ../third_party/psyq/lib/libgs.a(gs_010.o)
 .note          0x0000000000000d24       0x74 ../third_party/psyq/lib/libgs.a(gs_103.o)
 .note          0x0000000000000d98       0x74 ../third_party/psyq/lib/libgs.a(gs_104.o)
 .note          0x0000000000000e0c       0x74 ../third_party/psyq/lib/libgs.a(gs_107.o)
 .note          0x0000000000000e80       0x74 ../third_party/psyq/lib/libgs.a(gs_111.o)
 .note          0x0000000000000ef4       0x74 ../third_party/psyq/lib/libgs.a(gs_113.o)
 .note          0x0000000000000f68       0x74 ../third_party/psyq/lib/libgs.a(gs_121.o)
 .note          0x0000000000000fdc       0x74 ../third_party/psyq/lib/libgs.a(gs_122.o)
 .note          0x0000000000001050       0x74 ../third_party/psyq/lib/libgs.a(gs_124.o)
 .note          0x00000000000010c4       0x74 ../third_party/psyq/lib/libgs.a(gs_128.o)
 .note          0x0000000000001138       0x74 ../third_party/psyq/lib/libgs.a(2d_com1.o)
 .note          0x00000000000011ac       0x74 ../third_party/psyq/lib/libgte.a(cmb_00.o)
 .note          0x0000000000001220       0x74 ../third_party/psyq/lib/libgte.a(fgo_01.o)
 .note          0x0000000000001294       0x74 ../third_party/psyq/lib/libgte.a(msc00.o)
 .note          0x0000000000001308       0x74 ../third_party/psyq/lib/libgte.a(msc01.o)
 .note          0x000000000000137c       0x74 ../third_party/psyq/lib/libgte.a(mtx_07.o)
 .note          0x00000000000013f0       0x74 ../third_party/psyq/lib/libgte.a(mtx_08.o)
 .note          0x0000000000001464       0x74 ../third_party/psyq/lib/libgte.a(mtx_09.o)
 .note          0x00000000000014d8       0x74 ../third_party/psyq/lib/libgte.a(mtx_11.o)
 .note          0x000000000000154c       0x74 ../third_party/psyq/lib/libgte.a(mtx_12.o)
 .note          0x00000000000015c0       0x74 ../third_party/psyq/lib/libgte.a(patchgte.o)
 .note          0x0000000000001634       0x74 ../third_party/psyq/lib/libgte.a(reg09.o)
 .note          0x00000000000016a8       0x74 ../third_party/psyq/lib/libgte.a(reg11.o)
 .note          0x000000000000171c       0x74 ../third_party/psyq/lib/libgte.a(reg12.o)
 .note          0x0000000000001790       0x74 ../third_party/psyq/lib/libgte.a(sqrtbl.o)
 .note          0x0000000000001804       0x74 ../third_party/psyq/lib/libgte.a(cstbl.o)
 .note          0x0000000000001878       0x74 ../third_party/psyq/lib/libapi.a(a22.o)
 .note          0x00000000000018ec       0x74 ../third_party/psyq/lib/libapi.a(a23.o)
 .note          0x0000000000001960       0x74 ../third_party/psyq/lib/libapi.a(a24.o)
 .note          0x00000000000019d4       0x74 ../third_party/psyq/lib/libapi.a(a25.o)
 .note          0x0000000000001a48       0x74 ../third_party/psyq/lib/libapi.a(a36.o)
 .note          0x0000000000001abc       0x74 ../third_party/psyq/lib/libapi.a(a37.o)
 .note          0x0000000000001b30       0x74 ../third_party/psyq/lib/libapi.a(a91.o)
 .note          0x0000000000001ba4       0x74 ../third_party/psyq/lib/libapi.a(c114.o)
 .note          0x0000000000001c18       0x74 ../third_party/psyq/lib/libapi.a(c68.o)
 .note          0x0000000000001c8c       0x74 ../third_party/psyq/lib/libapi.a(c73.o)
 .note          0x0000000000001d00       0x74 ../third_party/psyq/lib/libapi.a(l10.o)
 .note          0x0000000000001d74       0x74 ../third_party/psyq/lib/libapi.a(pad.o)
 .note          0x0000000000001de8       0x74 ../third_party/psyq/lib/libapi.a(patch.o)
 .note          0x0000000000001e5c       0x74 ../third_party/psyq/lib/libapi.a(a18.o)
 .note          0x0000000000001ed0       0x74 ../third_party/psyq/lib/libapi.a(a19.o)
 .note          0x0000000000001f44       0x74 ../third_party/psyq/lib/libapi.a(a21.o)
 .note          0x0000000000001fb8       0x74 ../third_party/psyq/lib/libapi.a(chclrpad.o)
 .note          0x000000000000202c       0x74 ../third_party/psyq/lib/libapi.a(l02.o)
 .note          0x00000000000020a0       0x74 ../third_party/psyq/lib/libapi.a(l03.o)
 .note          0x0000000000002114       0x74 ../third_party/psyq/lib/libc.a(a63.o)
 .note          0x0000000000002188       0x74 ../third_party/psyq/lib/libc.a(c19.o)
 .note          0x00000000000021fc       0x74 ../third_party/psyq/lib/libc.a(c27.o)
 .note          0x0000000000002270       0x74 ../third_party/psyq/lib/libc.a(c43.o)

.debug_info     0x0000000000000000     0x1cbc
 .debug_info    0x0000000000000000      0xdae main.o
 .debug_info    0x0000000000000dae      0xde0 basics.o
 .debug_info    0x0000000000001b8e      0x108 timerz.o
 .debug_info    0x0000000000001c96       0x26 ../third_party/common/crt0/crt0.o

.debug_abbrev   0x0000000000000000      0x559
 .debug_abbrev  0x0000000000000000      0x21c main.o
 .debug_abbrev  0x000000000000021c      0x250 basics.o
 .debug_abbrev  0x000000000000046c       0xd9 timerz.o
 .debug_abbrev  0x0000000000000545       0x14 ../third_party/common/crt0/crt0.o

.debug_aranges  0x0000000000000000      0x170
 .debug_aranges
                0x0000000000000000       0x68 main.o
 .debug_aranges
                0x0000000000000068       0xc0 basics.o
 .debug_aranges
                0x0000000000000128       0x28 timerz.o
 .debug_aranges
                0x0000000000000150       0x20 ../third_party/common/crt0/crt0.o

.debug_ranges   0x0000000000000000      0x120
 .debug_ranges  0x0000000000000000       0x58 main.o
 .debug_ranges  0x0000000000000058       0xb0 basics.o
 .debug_ranges  0x0000000000000108       0x18 timerz.o

.debug_line     0x0000000000000000      0xccd
 .debug_line    0x0000000000000000      0x6a6 main.o
 .debug_line    0x00000000000006a6      0x50e basics.o
 .debug_line    0x0000000000000bb4       0xc0 timerz.o
 .debug_line    0x0000000000000c74       0x59 ../third_party/common/crt0/crt0.o

.debug_str      0x0000000000000000      0x86f
 .debug_str     0x0000000000000000      0x620 main.o
                                        0x668 (size before relaxing)
 .debug_str     0x0000000000000620      0x1fd basics.o
                                        0x5a8 (size before relaxing)
 .debug_str     0x000000000000081d       0x24 timerz.o
                                        0x1ad (size before relaxing)
 .debug_str     0x0000000000000841       0x2e ../third_party/common/crt0/crt0.o
                                         0x3f (size before relaxing)

.debug_frame    0x0000000000000000      0x3b0
 .debug_frame   0x0000000000000000      0x12c main.o
 .debug_frame   0x000000000000012c      0x248 basics.o
 .debug_frame   0x0000000000000374       0x3c timerz.o
