Archive member included to satisfy reference by file (symbol)

../psyq/lib/libc.a(c42.o)     main.o (memcpy)
../psyq/lib/libc.a(c63.o)     main.o (printf)
../psyq/lib/libetc.a(pad.o)   main.o (PadInit)
../psyq/lib/libetc.a(vmode.o)
                              basics.o (GetVideoMode)
../psyq/lib/libetc.a(vsync.o)
                              basics.o (VSync)
../psyq/lib/libetc.a(intr.o)  ../psyq/lib/libetc.a(pad.o) (ResetCallback)
../psyq/lib/libetc.a(intr_dma.o)
                              ../psyq/lib/libetc.a(intr.o) (startIntrDMA)
../psyq/lib/libetc.a(intr_vb.o)
                              ../psyq/lib/libetc.a(vsync.o) (Vcount)
../psyq/lib/libgpu.a(font.o)  basics.o (FntFlush)
../psyq/lib/libgpu.a(p00.o)   basics.o (GetTPage)
../psyq/lib/libgpu.a(p06.o)   ../psyq/lib/libgpu.a(font.o) (AddPrim)
../psyq/lib/libgpu.a(p09.o)   ../psyq/lib/libgpu.a(font.o) (TermPrim)
../psyq/lib/libgpu.a(p10.o)   ../psyq/lib/libgpu.a(font.o) (SetSemiTrans)
../psyq/lib/libgpu.a(p20.o)   ../psyq/lib/libgpu.a(font.o) (SetSprt8)
../psyq/lib/libgpu.a(p26.o)   ../psyq/lib/libgpu.a(font.o) (SetTile)
../psyq/lib/libgpu.a(p27.o)   basics.o (SetLineF2)
../psyq/lib/libgpu.a(p41.o)   ../psyq/lib/libgpu.a(font.o) (SetDrawMode)
../psyq/lib/libgpu.a(sys.o)   basics.o (LoadImage)
../psyq/lib/libgpu.a(e00.o)   ../psyq/lib/libgpu.a(font.o) (LoadTPage)
../psyq/lib/libgpu.a(e02.o)   ../psyq/lib/libgpu.a(font.o) (LoadClut2)
../psyq/lib/libgpu.a(p01.o)   ../psyq/lib/libgpu.a(e02.o) (GetClut)
../psyq/lib/libgs.a(2d_sp0.o)
                              basics.o (GsSortSprite)
../psyq/lib/libgs.a(global.o)
                              ../psyq/lib/libgs.a(2d_sp0.o) (GsOUT_PACKET_P)
../psyq/lib/libgs.a(gs_001.o)
                              ../psyq/lib/libgs.a(2d_sp0.o) (GsORGOFSY)
../psyq/lib/libgs.a(gs_0021.o)
                              basics.o (GsGetActiveBuff)
../psyq/lib/libgs.a(gs_0022.o)
                              ../psyq/lib/libgs.a(gs_001.o) (GsSetDrawBuffOffset)
../psyq/lib/libgs.a(gs_003.o)
                              ../psyq/lib/libgs.a(gs_001.o) (GsSetDrawBuffClip)
../psyq/lib/libgs.a(gs_010.o)
                              basics.o (GsSwapDispBuff)
../psyq/lib/libgs.a(gs_103.o)
                              basics.o (GsDefDispBuff)
../psyq/lib/libgs.a(gs_104.o)
                              ../psyq/lib/libgs.a(gs_001.o) (HWD0)
../psyq/lib/libgs.a(gs_107.o)
                              ../psyq/lib/libgs.a(gs_001.o) (GsLIGHTWSMATRIX)
../psyq/lib/libgs.a(gs_111.o)
                              basics.o (GsDrawOt)
../psyq/lib/libgs.a(gs_113.o)
                              basics.o (GsClearOt)
../psyq/lib/libgs.a(gs_121.o)
                              ../psyq/lib/libgs.a(gs_001.o) (gte_init)
../psyq/lib/libgs.a(gs_122.o)
                              basics.o (GsGetTimInfo)
../psyq/lib/libgs.a(gs_128.o)
                              ../psyq/lib/libgs.a(2d_sp0.o) (GsIDMATRIX)
../psyq/lib/libgs.a(2d_com1.o)
                              ../psyq/lib/libgs.a(2d_sp0.o) (_make_packet)
../psyq/lib/libgte.a(cmb_00.o)
                              ../psyq/lib/libgs.a(2d_sp0.o) (RotTransPers4)
../psyq/lib/libgte.a(fgo_01.o)
                              ../psyq/lib/libgs.a(2d_sp0.o) (RotMatrix)
../psyq/lib/libgte.a(msc00.o)
                              ../psyq/lib/libgs.a(gs_121.o) (InitGeom)
../psyq/lib/libgte.a(msc01.o)
                              ../psyq/lib/libgs.a(gs_107.o) (SquareRoot0)
../psyq/lib/libgte.a(mtx_07.o)
                              ../psyq/lib/libgs.a(2d_sp0.o) (TransMatrix)
../psyq/lib/libgte.a(mtx_08.o)
                              ../psyq/lib/libgs.a(2d_sp0.o) (ScaleMatrix)
../psyq/lib/libgte.a(mtx_09.o)
                              ../psyq/lib/libgs.a(2d_sp0.o) (SetRotMatrix)
../psyq/lib/libgte.a(mtx_11.o)
                              ../psyq/lib/libgs.a(gs_107.o) (SetColorMatrix)
../psyq/lib/libgte.a(mtx_12.o)
                              ../psyq/lib/libgs.a(2d_sp0.o) (SetTransMatrix)
../psyq/lib/libgte.a(patchgte.o)
                              ../psyq/lib/libgte.a(msc00.o) (_patch_gte)
../psyq/lib/libgte.a(reg09.o)
                              ../psyq/lib/libgs.a(2d_sp0.o) (ReadGeomScreen)
../psyq/lib/libgte.a(reg11.o)
                              ../psyq/lib/libgs.a(gs_121.o) (SetFarColor)
../psyq/lib/libgte.a(reg12.o)
                              ../psyq/lib/libgs.a(gs_0022.o) (SetGeomOffset)
../psyq/lib/libgte.a(sqrtbl.o)
                              ../psyq/lib/libgte.a(msc01.o) (SQRT)
../psyq/lib/libgte.a(cstbl.o)
                              ../psyq/lib/libgte.a(fgo_01.o) (rcossin_tbl)
../psyq/lib/libapi.a(a22.o)   ../psyq/lib/libetc.a(pad.o) (PAD_dr)
../psyq/lib/libapi.a(a23.o)   ../psyq/lib/libetc.a(intr.o) (ReturnFromException)
../psyq/lib/libapi.a(a24.o)   ../psyq/lib/libetc.a(intr.o) (ResetEntryInt)
../psyq/lib/libapi.a(a25.o)   ../psyq/lib/libetc.a(intr.o) (HookEntryInt)
../psyq/lib/libapi.a(a36.o)   ../psyq/lib/libetc.a(intr.o) (EnterCriticalSection)
../psyq/lib/libapi.a(a37.o)   ../psyq/lib/libetc.a(intr.o) (ExitCriticalSection)
../psyq/lib/libapi.a(a91.o)   ../psyq/lib/libetc.a(pad.o) (ChangeClearPAD)
../psyq/lib/libapi.a(c114.o)  ../psyq/lib/libetc.a(intr.o) (_96_remove)
../psyq/lib/libapi.a(c68.o)   ../psyq/lib/libgte.a(patchgte.o) (FlushCache)
../psyq/lib/libapi.a(c73.o)   ../psyq/lib/libgpu.a(sys.o) (GPU_cw)
../psyq/lib/libapi.a(l10.o)   ../psyq/lib/libetc.a(vsync.o) (ChangeClearRCnt)
../psyq/lib/libapi.a(pad.o)   ../psyq/lib/libetc.a(pad.o) (PAD_init)
../psyq/lib/libapi.a(patch.o)
                              ../psyq/lib/libapi.a(pad.o) (_patch_pad)
../psyq/lib/libapi.a(a18.o)   ../psyq/lib/libapi.a(pad.o) (InitPAD2)
../psyq/lib/libapi.a(a19.o)   ../psyq/lib/libapi.a(pad.o) (StartPAD2)
../psyq/lib/libapi.a(a21.o)   ../psyq/lib/libapi.a(pad.o) (PAD_init2)
../psyq/lib/libapi.a(chclrpad.o)
                              ../psyq/lib/libapi.a(pad.o) (_remove_ChgclrPAD)
../psyq/lib/libapi.a(l02.o)   ../psyq/lib/libapi.a(pad.o) (SysEnqIntRP)
../psyq/lib/libapi.a(l03.o)   ../psyq/lib/libapi.a(pad.o) (SysDeqIntRP)
../psyq/lib/libc.a(a63.o)     ../psyq/lib/libetc.a(vsync.o) (puts)
../psyq/lib/libc.a(c19.o)     ../psyq/lib/libetc.a(intr.o) (setjmp)
../psyq/lib/libc.a(c27.o)     ../psyq/lib/libgpu.a(font.o) (strlen)
../psyq/lib/libc.a(c43.o)     ../psyq/lib/libgpu.a(font.o) (memset)

Allocating common symbols
Common symbol       size              file

player              0x54              main.o
box                 0x54              main.o
bricks              0x4ec             main.o
SCREEN_WIDTH        0x4               main.o
TrialTimer          0x10              main.o
GPUOutputPacket     0x258             main.o
SCREEN_HEIGHT       0x4               main.o
currentBuffer       0x2               main.o
systemBackgroundColor
                    0xc               main.o
frame               0x54              main.o
orderingTable       0x28              main.o
minorOrderingTable  0x10              main.o

Discarded input sections

 .text          0x0000000000000000        0x0 main.o
 .bss           0x0000000000000000        0x0 main.o
 .reginfo       0x0000000000000000       0x18 main.o
 .MIPS.abiflags
                0x0000000000000000       0x18 main.o
 .pdr           0x0000000000000000       0x80 main.o
 .text.update   0x0000000000000000        0x8 main.o
 .text          0x0000000000000000        0x0 basics.o
 .data          0x0000000000000000        0x0 basics.o
 .bss           0x0000000000000000        0x0 basics.o
 .reginfo       0x0000000000000000       0x18 basics.o
 .MIPS.abiflags
                0x0000000000000000       0x18 basics.o
 .pdr           0x0000000000000000      0x220 basics.o
 .text.createImage
                0x0000000000000000      0x168 basics.o
 .text.moveImage
                0x0000000000000000       0x44 basics.o
 .text.moveLine
                0x0000000000000000       0x50 basics.o
 .text.moveBox  0x0000000000000000      0x1a4 basics.o
 .text.transposeBox
                0x0000000000000000       0x34 basics.o
 .text.drawLine
                0x0000000000000000       0x30 basics.o
 .text.drawImage
                0x0000000000000000       0x60 basics.o
 .text.initializeOrderingTable
                0x0000000000000000       0x80 basics.o
 .text          0x0000000000000000        0x0 timerz.o
 .data          0x0000000000000000        0x0 timerz.o
 .bss           0x0000000000000000        0x0 timerz.o
 .reginfo       0x0000000000000000       0x18 timerz.o
 .MIPS.abiflags
                0x0000000000000000       0x18 timerz.o
 .pdr           0x0000000000000000       0x40 timerz.o
 .text          0x0000000000000000        0x0 ../common/syscalls/printf.o
 .data          0x0000000000000000        0x0 ../common/syscalls/printf.o
 .bss           0x0000000000000000        0x0 ../common/syscalls/printf.o
 .reginfo       0x0000000000000000       0x18 ../common/syscalls/printf.o
 .MIPS.abiflags
                0x0000000000000000       0x18 ../common/syscalls/printf.o
 .pdr           0x0000000000000000        0x0 ../common/syscalls/printf.o
 .ramtext       0x0000000000000000        0xc ../common/syscalls/printf.o
 .debug_line    0x0000000000000000       0x4d ../common/syscalls/printf.o
 .debug_info    0x0000000000000000       0x26 ../common/syscalls/printf.o
 .debug_abbrev  0x0000000000000000       0x14 ../common/syscalls/printf.o
 .debug_aranges
                0x0000000000000000       0x20 ../common/syscalls/printf.o
 .debug_str     0x0000000000000000       0x46 ../common/syscalls/printf.o
 .gnu.attributes
                0x0000000000000000       0x10 ../common/syscalls/printf.o
 .text          0x0000000000000000        0x0 ../common/crt0/crt0.o
 .data          0x0000000000000000        0x0 ../common/crt0/crt0.o
 .bss           0x0000000000000000        0x0 ../common/crt0/crt0.o
 .reginfo       0x0000000000000000       0x18 ../common/crt0/crt0.o
 .MIPS.abiflags
                0x0000000000000000       0x18 ../common/crt0/crt0.o
 .text          0x0000000000000000      0x500 ../psyq/lib/libgs.a(2d_sp0.o)
 .bss           0x0000000000000000       0x54 ../psyq/lib/libgs.a(global.o)
 .data          0x0000000000000000       0x10 ../psyq/lib/libgs.a(global.o)
 .data          0x0000000000000000       0x10 ../psyq/lib/libgs.a(gs_001.o)
 .text          0x0000000000000000       0x80 ../psyq/lib/libgs.a(gs_104.o)
 .text          0x0000000000000000      0x570 ../psyq/lib/libgs.a(gs_107.o)
 .text          0x0000000000000000       0xf0 ../psyq/lib/libgs.a(gs_122.o)
 .rdata         0x0000000000000000       0x30 ../psyq/lib/libgs.a(2d_com1.o)
 .text          0x0000000000000000       0xa0 ../psyq/lib/libgs.a(2d_com1.o)
 .text          0x0000000000000000       0x80 ../psyq/lib/libgte.a(cmb_00.o)
 .text          0x0000000000000000      0x290 ../psyq/lib/libgte.a(fgo_01.o)
 .text          0x0000000000000000       0x90 ../psyq/lib/libgte.a(msc01.o)
 .text          0x0000000000000000       0x30 ../psyq/lib/libgte.a(mtx_07.o)
 .text          0x0000000000000000      0x140 ../psyq/lib/libgte.a(mtx_08.o)
 .text          0x0000000000000000       0x30 ../psyq/lib/libgte.a(mtx_09.o)
 .text          0x0000000000000000       0x30 ../psyq/lib/libgte.a(mtx_11.o)
 .text          0x0000000000000000       0x20 ../psyq/lib/libgte.a(mtx_12.o)
 .text          0x0000000000000000       0x10 ../psyq/lib/libgte.a(reg09.o)
 .data          0x0000000000000000      0x180 ../psyq/lib/libgte.a(sqrtbl.o)
 .data          0x0000000000000000     0x4000 ../psyq/lib/libgte.a(cstbl.o)

Memory Configuration

Name             Origin             Length             Attributes
loader           0x000000008000f800 0x0000000000000800
ram              0x0000000080010000 0x00000000001f0000 xrw
dcache           0x000000001f800000 0x0000000000000400
*default*        0x0000000000000000 0xffffffffffffffff

Linker script and memory map

LOAD main.o
LOAD basics.o
LOAD timerz.o
LOAD ../common/syscalls/printf.o
LOAD ../common/crt0/crt0.o
START GROUP
LOAD ../psyq/lib/libapi.a
LOAD ../psyq/lib/libc.a
LOAD ../psyq/lib/libc2.a
LOAD ../psyq/lib/libcard.a
LOAD ../psyq/lib/libcomb.a
LOAD ../psyq/lib/libds.a
LOAD ../psyq/lib/libetc.a
LOAD ../psyq/lib/libgpu.a
LOAD ../psyq/lib/libgs.a
LOAD ../psyq/lib/libgte.a
LOAD ../psyq/lib/libgpu.a
LOAD ../psyq/lib/libgun.a
LOAD ../psyq/lib/libhmd.a
LOAD ../psyq/lib/libmath.a
LOAD ../psyq/lib/libmcrd.a
LOAD ../psyq/lib/libmcx.a
LOAD ../psyq/lib/libpad.a
LOAD ../psyq/lib/libpress.a
LOAD ../psyq/lib/libsio.a
LOAD ../psyq/lib/libsnd.a
LOAD ../psyq/lib/libspu.a
LOAD ../psyq/lib/libtap.a
END GROUP
                0x0000000080010000                TLOAD_ADDR = DEFINED (TLOAD_ADDR)?TLOAD_ADDR:0x80010000
                0x0000000080200000                __ram_top = (ORIGIN (ram) + LENGTH (ram))
                0x00000000801fff00                __sp = (__ram_top - 0x100)
                0x000000001f800000                __dcache = ORIGIN (dcache)
                0x000000001f800400                __dcache_top = (ORIGIN (dcache) + LENGTH (dcache))
                0x00000000000066f4                __bss_len = (__bss_end - __bss_start)
                0x00000000000064b0                __ftext_len = (__ftext_end - __ftext_start)
                0x0000000000002b50                __fdata_len = (__fdata_end - __fdata_start)
                0x0000000080200000                __stack_start = (ORIGIN (ram) + LENGTH (ram))

.PSX_EXE_Header
                0x000000008000f800      0x800
                0x000000008000f800        0x1 BYTE 0x50
                0x000000008000f801        0x1 BYTE 0x53
                0x000000008000f802        0x1 BYTE 0x2d
                0x000000008000f803        0x1 BYTE 0x58
                0x000000008000f804        0x1 BYTE 0x20
                0x000000008000f805        0x1 BYTE 0x45
                0x000000008000f806        0x1 BYTE 0x58
                0x000000008000f807        0x1 BYTE 0x45
                0x000000008000f808        0x4 LONG 0x0
                0x000000008000f80c        0x4 LONG 0x0
                0x000000008000f810        0x4 LONG 0x80010000 ABSOLUTE (_start)
                0x000000008000f814        0x4 LONG 0x0
                0x000000008000f818        0x4 LONG 0x80010000 TLOAD_ADDR
                0x000000008000f81c        0x4 LONG 0x9000 (__ftext_len + __fdata_len)
                0x000000008000f820        0x4 LONG 0x0
                0x000000008000f824        0x4 LONG 0x0
                0x000000008000f828        0x4 LONG 0x0
                0x000000008000f82c        0x4 LONG 0x0
                0x000000008000f830        0x4 LONG 0x801fff00 DEFINED (_sp)?ABSOLUTE (_sp):0x801fff00
                0x000000008000f834        0x4 LONG 0x0
                0x0000000080010000                . = (. + 0x7c8)
 *fill*         0x000000008000f838      0x7c8 
                0x0000000080010000                __ftext_start = ABSOLUTE (.)

.text           0x0000000080010000     0x64b0
 *(.start)
 .start         0x0000000080010000       0x64 ../common/crt0/crt0.o
                0x0000000080010000                _start
 *(.init)
 *(SORT_NONE(.fini))
 *(.text.unlikely .text.*_unlikely .text.unlikely.*)
 *(.text.exit .text.exit.*)
 *(.text.startup .text.startup.*)
 .text.startup.main
                0x0000000080010064       0x60 main.o
                0x0000000080010064                main
 *(.text.hot .text.hot.*)
 *(.text .stub .text.* .gnu.linkonce.t.*)
 .text.initialize
                0x00000000800100c4      0x2d0 main.o
                0x00000000800100c4                initialize
 .text.draw     0x0000000080010394      0x1d8 main.o
                0x0000000080010394                draw
 .text.createColor
                0x000000008001056c       0x14 basics.o
                0x000000008001056c                createColor
 .text.createLine
                0x0000000080010580       0x8c basics.o
                0x0000000080010580                createLine
 .text.createBox
                0x000000008001060c      0x12c basics.o
                0x000000008001060c                createBox
 .text.drawBox  0x0000000080010738       0x48 basics.o
                0x0000000080010738                drawBox
 .text.setScreenMode
                0x0000000080010780       0xd8 basics.o
                0x0000000080010780                setScreenMode
 .text.setBackgroundColor
                0x0000000080010858       0x24 basics.o
                0x0000000080010858                setBackgroundColor
 .text.initializeScreen
                0x000000008001087c       0x88 basics.o
                0x000000008001087c                initializeScreen
 .text.initializeDebugFont
                0x0000000080010904       0x44 basics.o
                0x0000000080010904                initializeDebugFont
 .text.display  0x0000000080010948       0xbc basics.o
                0x0000000080010948                display
 .text.createTimer
                0x0000000080010a04       0x44 timerz.o
                0x0000000080010a04                createTimer
 .text.incTimer
                0x0000000080010a48       0x5c timerz.o
                0x0000000080010a48                incTimer
 *fill*         0x0000000080010aa4        0x4 
 .text          0x0000000080010aa8       0x10 ../psyq/lib/libc.a(c42.o)
                0x0000000080010aa8                memcpy
 .text          0x0000000080010ab8       0x10 ../psyq/lib/libc.a(c63.o)
                0x0000000080010ab8                printf
 .text          0x0000000080010ac8       0x80 ../psyq/lib/libetc.a(pad.o)
                0x0000000080010ac8                PadInit
                0x0000000080010b14                PadRead
 .text          0x0000000080010b48       0x30 ../psyq/lib/libetc.a(vmode.o)
                0x0000000080010b48                SetVideoMode
                0x0000000080010b5c                GetVideoMode
 .text          0x0000000080010b78      0x210 ../psyq/lib/libetc.a(vsync.o)
                0x0000000080010b78                VSync
 .text          0x0000000080010d88      0x6c0 ../psyq/lib/libetc.a(intr.o)
                0x0000000080010d88                ResetCallback
                0x0000000080010db8                InterruptCallback
                0x0000000080010de8                DMACallback
                0x0000000080010e18                VSyncCallback
                0x0000000080010e4c                VSyncCallbacks
                0x0000000080010e7c                StopCallback
                0x0000000080010eac                RestartCallback
                0x0000000080010edc                CheckCallback
                0x0000000080010eec                GetIntrMask
                0x0000000080010f04                SetIntrMask
 .text          0x0000000080011448      0x2a0 ../psyq/lib/libetc.a(intr_dma.o)
                0x0000000080011448                startIntrDMA
 .text          0x00000000800116e8      0x120 ../psyq/lib/libetc.a(intr_vb.o)
                0x00000000800116e8                startIntrVSync
 .text          0x0000000080011808      0xa80 ../psyq/lib/libgpu.a(font.o)
                0x0000000080011808                SetDumpFnt
                0x0000000080011848                FntLoad
                0x00000000800118e8                FntOpen
                0x0000000080011ba4                FntFlush
                0x0000000080011ec0                FntPrint
 .text          0x0000000080012288       0x40 ../psyq/lib/libgpu.a(p00.o)
                0x0000000080012288                GetTPage
 .text          0x00000000800122c8       0x40 ../psyq/lib/libgpu.a(p06.o)
                0x00000000800122c8                AddPrim
 .text          0x0000000080012308       0x20 ../psyq/lib/libgpu.a(p09.o)
                0x0000000080012308                TermPrim
 .text          0x0000000080012328       0x30 ../psyq/lib/libgpu.a(p10.o)
                0x0000000080012328                SetSemiTrans
 .text          0x0000000080012358       0x20 ../psyq/lib/libgpu.a(p20.o)
                0x0000000080012358                SetSprt8
 .text          0x0000000080012378       0x20 ../psyq/lib/libgpu.a(p26.o)
                0x0000000080012378                SetTile
 .text          0x0000000080012398       0x20 ../psyq/lib/libgpu.a(p27.o)
                0x0000000080012398                SetLineF2
 .text          0x00000000800123b8       0xa0 ../psyq/lib/libgpu.a(p41.o)
                0x00000000800123b8                SetDrawMode
 .text          0x0000000080012458     0x2f00 ../psyq/lib/libgpu.a(sys.o)
                0x0000000080012458                ResetGraph
                0x00000000800125cc                SetGraphDebug
                0x0000000080012628                SetGraphQueue
                0x00000000800126cc                GetGraphDebug
                0x00000000800126dc                DrawSyncCallback
                0x000000008001273c                SetDispMask
                0x00000000800127d4                DrawSync
                0x0000000080012958                ClearImage
                0x00000000800129e8                ClearImage2
                0x0000000080012a80                LoadImage
                0x0000000080012ae0                StoreImage
                0x0000000080012b40                MoveImage
                0x0000000080012bf8                ClearOTag
                0x0000000080012cc0                ClearOTagR
                0x0000000080012d6c                DrawPrim
                0x0000000080012dc8                DrawOTag
                0x0000000080012e38                PutDrawEnv
                0x0000000080012ef8                DrawOTagEnv
                0x0000000080012fd0                GetDrawEnv
                0x0000000080013004                PutDispEnv
                0x00000000800134fc                GetDispEnv
                0x0000000080013530                GetODE
                0x0000000080013560                SetDrawArea
                0x00000000800135e0                SetDrawOffset
                0x0000000080013620                SetDrawEnv
                0x0000000080014ef0                LoadImage2
                0x0000000080014fdc                StoreImage2
                0x00000000800150c8                MoveImage2
                0x000000008001520c                DrawOTag2
                0x0000000080015308                _GPU_ResetCallback
 .text          0x0000000080015358       0xf0 ../psyq/lib/libgpu.a(e00.o)
                0x0000000080015358                LoadTPage
 .text          0x0000000080015448       0x70 ../psyq/lib/libgpu.a(e02.o)
                0x0000000080015448                LoadClut2
 .text          0x00000000800154b8       0x20 ../psyq/lib/libgpu.a(p01.o)
                0x00000000800154b8                GetClut
 .text          0x00000000800154d8      0x550 ../psyq/lib/libgs.a(gs_001.o)
                0x00000000800154d8                GsInitGraph
                0x0000000080015668                GsInitGraph2
                0x00000000800158f0                GsSortClear
 .text          0x0000000080015a28       0x10 ../psyq/lib/libgs.a(gs_0021.o)
                0x0000000080015a28                GsGetActiveBuff
 .text          0x0000000080015a38      0x110 ../psyq/lib/libgs.a(gs_0022.o)
                0x0000000080015a38                GsSetDrawBuffOffset
 .text          0x0000000080015b48       0x80 ../psyq/lib/libgs.a(gs_003.o)
                0x0000000080015b48                GsSetDrawBuffClip
 .text          0x0000000080015bc8       0xb0 ../psyq/lib/libgs.a(gs_010.o)
                0x0000000080015bc8                GsSwapDispBuff
 .text          0x0000000080015c78       0xa0 ../psyq/lib/libgs.a(gs_103.o)
                0x0000000080015c78                GsDefDispBuff
 .text          0x0000000080015d18       0x30 ../psyq/lib/libgs.a(gs_111.o)
                0x0000000080015d18                GsDrawOt
 .text          0x0000000080015d48       0x60 ../psyq/lib/libgs.a(gs_113.o)
                0x0000000080015d48                GsClearOt
 .text          0x0000000080015da8       0x50 ../psyq/lib/libgs.a(gs_121.o)
                0x0000000080015da8                gte_init
 .text          0x0000000080015df8       0x90 ../psyq/lib/libgte.a(msc00.o)
                0x0000000080015e00                InitGeom
 .text          0x0000000080015e88       0xe0 ../psyq/lib/libgte.a(patchgte.o)
                0x0000000080015e88                _patch_gte
 .text          0x0000000080015f68       0x20 ../psyq/lib/libgte.a(reg11.o)
                0x0000000080015f68                SetFarColor
 .text          0x0000000080015f88       0x20 ../psyq/lib/libgte.a(reg12.o)
                0x0000000080015f88                SetGeomOffset
 .text          0x0000000080015fa8       0x10 ../psyq/lib/libapi.a(a22.o)
                0x0000000080015fa8                PAD_dr
 .text          0x0000000080015fb8       0x10 ../psyq/lib/libapi.a(a23.o)
                0x0000000080015fb8                ReturnFromException
 .text          0x0000000080015fc8       0x10 ../psyq/lib/libapi.a(a24.o)
                0x0000000080015fc8                ResetEntryInt
 .text          0x0000000080015fd8       0x10 ../psyq/lib/libapi.a(a25.o)
                0x0000000080015fd8                HookEntryInt
 .text          0x0000000080015fe8       0x10 ../psyq/lib/libapi.a(a36.o)
                0x0000000080015fe8                EnterCriticalSection
 .text          0x0000000080015ff8       0x10 ../psyq/lib/libapi.a(a37.o)
                0x0000000080015ff8                ExitCriticalSection
 .text          0x0000000080016008       0x10 ../psyq/lib/libapi.a(a91.o)
                0x0000000080016008                ChangeClearPAD
 .text          0x0000000080016018       0x20 ../psyq/lib/libapi.a(c114.o)
                0x0000000080016020                _96_remove
 .text          0x0000000080016038       0x10 ../psyq/lib/libapi.a(c68.o)
                0x0000000080016038                FlushCache
 .text          0x0000000080016048       0x10 ../psyq/lib/libapi.a(c73.o)
                0x0000000080016048                GPU_cw
 .text          0x0000000080016058       0x10 ../psyq/lib/libapi.a(l10.o)
                0x0000000080016058                ChangeClearRCnt
 .text          0x0000000080016068      0x290 ../psyq/lib/libapi.a(pad.o)
                0x0000000080016068                SetInitPadFlag
                0x0000000080016074                ReadInitPadFlag
                0x0000000080016084                PAD_init
                0x0000000080016114                InitPAD
                0x00000000800161a4                StartPAD
 .text          0x00000000800162f8       0xa0 ../psyq/lib/libapi.a(patch.o)
                0x00000000800162f8                EnablePAD
                0x000000008001630c                DisablePAD
                0x0000000080016320                _patch_pad
 .text          0x0000000080016398       0x10 ../psyq/lib/libapi.a(a18.o)
                0x0000000080016398                InitPAD2
 .text          0x00000000800163a8       0x10 ../psyq/lib/libapi.a(a19.o)
                0x00000000800163a8                StartPAD2
 .text          0x00000000800163b8       0x10 ../psyq/lib/libapi.a(a21.o)
                0x00000000800163b8                PAD_init2
 .text          0x00000000800163c8       0x70 ../psyq/lib/libapi.a(chclrpad.o)
                0x00000000800163c8                _remove_ChgclrPAD
 .text          0x0000000080016438       0x10 ../psyq/lib/libapi.a(l02.o)
                0x0000000080016438                SysEnqIntRP
 .text          0x0000000080016448       0x10 ../psyq/lib/libapi.a(l03.o)
                0x0000000080016448                SysDeqIntRP
 .text          0x0000000080016458       0x20 ../psyq/lib/libc.a(a63.o)
                0x0000000080016460                puts
 .text          0x0000000080016478       0x10 ../psyq/lib/libc.a(c19.o)
                0x0000000080016478                setjmp
 .text          0x0000000080016488       0x10 ../psyq/lib/libc.a(c27.o)
                0x0000000080016488                strlen
 .text          0x0000000080016498       0x10 ../psyq/lib/libc.a(c43.o)
                0x0000000080016498                memset
                0x00000000800164b0                . = ALIGN (0x10)
 *fill*         0x00000000800164a8        0x8 
 *(.init)
                0x00000000800164b0                . = ALIGN (0x10)
 *(.fini)
                0x00000000800164b0                . = ALIGN (0x10)
                0x00000000800164b0                __text_end = .
                0x00000000800164b0                __ftext_end = ABSOLUTE (.)
                0x00000000800164b0                __fdata_start = ABSOLUTE (.)

.rodata         0x00000000800164b0      0x504
 *(.rodata .rodata.* .rdata .rdata.* .gnu.linkonce.r.*)
 .rodata.str1.4
                0x00000000800164b0       0x3a main.o
                                         0x3c (size before relaxing)
 *fill*         0x00000000800164ea        0x2 
 .rodata.str1.4
                0x00000000800164ec      0x11c basics.o
 .rodata        0x0000000080016608       0x10 ../common/crt0/crt0.o
 .rdata         0x0000000080016618       0x10 ../psyq/lib/libetc.a(vsync.o)
 .rdata         0x0000000080016628       0x70 ../psyq/lib/libetc.a(intr.o)
 .rdata         0x0000000080016698       0x30 ../psyq/lib/libetc.a(intr_dma.o)
 .rdata         0x00000000800166c8       0xa0 ../psyq/lib/libgpu.a(font.o)
 .rdata         0x0000000080016768      0x220 ../psyq/lib/libgpu.a(sys.o)
                0x0000000080016990                . = ALIGN (0x10)
 *fill*         0x0000000080016988        0x8 
                0x0000000080016990                __preinit_array_start = .
 *(.preinit_array)
                0x0000000080016990                __preinit_array_end = .
                0x0000000080016990                . = ALIGN (0x10)
                0x0000000080016990                __init_array_start = .
 *(SORT_BY_NAME(.init_array.*))
 *(.init_array)
                0x0000000080016990                . = ALIGN (0x10)
 *crtbegin.o(.ctors)
 *(EXCLUDE_FILE(*crtend.o) .ctors)
 *(SORT_BY_NAME(.ctors.*))
 *crtend.o(.ctors)
                0x0000000080016990                __init_array_end = .
                0x0000000080016990                . = ALIGN (0x10)
                0x0000000080016990                __fini_array_start = .
 *(.fini_array)
 *(SORT_BY_NAME(.fini_array.*))
 *crtbegin.o(.dtors)
 *(EXCLUDE_FILE(*crtend.o) .dtors)
 *(SORT_BY_NAME(.dtors.*))
 *crtend.o(.dtors)
                0x0000000080016990                __fini_array_end = .
                0x0000000080016990                __build_id = .
 *(.note.gnu.build-id)
 .note.gnu.build-id
                0x0000000080016990       0x24 main.o
                0x00000000800169b4                __build_id_end = .

.rel.dyn        0x00000000800169b4        0x0
 .rel.dyn       0x00000000800169b4        0x0 ../psyq/lib/libgpu.a(sys.o)

.rodata1
 *(.rodata1)
                0x00000000800169b4                __data_start = .

.data           0x00000000800169c0     0x2640
 *(.a0table)
 *(.data .data.* .gnu.linkonce.d.*)
 .data          0x00000000800169c0       0x60 main.o
                0x00000000800169c0                playerY
                0x00000000800169c4                playerX
                0x00000000800169c8                yOff
                0x00000000800169cc                xOff
                0x00000000800169d0                brickSizeX
                0x00000000800169d4                brickSizeY
                0x00000000800169d8                brickSpacing
                0x00000000800169dc                grid
 .data          0x0000000080016a20       0x10 ../psyq/lib/libetc.a(vmode.o)
 .data          0x0000000080016a30       0x20 ../psyq/lib/libetc.a(vsync.o)
                0x0000000080016a40                Hcount
 .data          0x0000000080016a50     0x1100 ../psyq/lib/libetc.a(intr.o)
 .data          0x0000000080017b50       0x30 ../psyq/lib/libetc.a(intr_dma.o)
 .data          0x0000000080017b80       0x30 ../psyq/lib/libetc.a(intr_vb.o)
                0x0000000080017ba0                Vcount
 .data          0x0000000080017bb0      0xb90 ../psyq/lib/libgpu.a(font.o)
                0x0000000080017bb0                Font
 .data          0x0000000080018740      0x1a0 ../psyq/lib/libgpu.a(sys.o)
                0x000000008001878c                GPU_printf
                0x0000000080018790                GEnv
                0x00000000800188b8                _qin
                0x00000000800188bc                _qout
 .data          0x00000000800188e0       0x10 ../psyq/lib/libgte.a(msc00.o)
 .data          0x00000000800188f0       0x10 ../psyq/lib/libapi.a(pad.o)
 *(.data1)
 *(.got.plt)
 *(.got)
                0x0000000080019000                . = ALIGN (0x800)
 *fill*         0x0000000080018900      0x700 
                0x0000000080019000                __data_end = .
                0x0000000080019000                __fdata_end = .
                0x0000000080019000                __bss_start = .

.sbss           0x0000000080019000     0x66f4
 *(.dynsbss)
 *(.sbss .sbss.* .gnu.linkonce.sb.*)
 *(.scommon)
 .scommon       0x0000000080019000        0xa main.o
                0x0000000080019000                SCREEN_WIDTH
                0x0000000080019004                SCREEN_HEIGHT
                0x0000000080019008                currentBuffer
 .scommon       0x000000008001900a        0x0 basics.o
 *(.dynbss)
 *(.bss .bss.* .gnu.linkonce.b.*)
 *fill*         0x000000008001900a        0x6 
 .bss           0x0000000080019010       0x14 ../psyq/lib/libetc.a(pad.o)
                0x0000000080019020                PadIdentifier
 *fill*         0x0000000080019024        0x4 
 .bss           0x0000000080019028     0x4410 ../psyq/lib/libgpu.a(font.o)
 .bss           0x000000008001d438     0x1850 ../psyq/lib/libgpu.a(sys.o)
                0x000000008001d488                _que
 .bss           0x000000008001ec88       0xea ../psyq/lib/libgs.a(gs_001.o)
                0x000000008001eca8                PSDIDX
                0x000000008001ecb0                GsDRAWENV
                0x000000008001ed10                GsDISPENV
                0x000000008001ed28                PSDGPU
                0x000000008001ed30                PSDBASEX
                0x000000008001ed38                PSDBASEY
                0x000000008001ed40                POSITION
                0x000000008001ed48                CLIP2
                0x000000008001ed50                PSDCNT
                0x000000008001ed58                PSDOFSX
                0x000000008001ed60                PSDOFSY
                0x000000008001ed68                GsORGOFSX
                0x000000008001ed70                GsORGOFSY
 *fill*         0x000000008001ed72        0x6 
 .bss           0x000000008001ed78       0x24 ../psyq/lib/libgs.a(gs_104.o)
                0x000000008001ed78                HWD0
                0x000000008001ed80                VWD0
                0x000000008001ed88                GsCLIP3near
                0x000000008001ed90                GsLIGHT_MODE
                0x000000008001ed98                GsCLIP3far
 *fill*         0x000000008001ed9c        0x4 
 .bss           0x000000008001eda0       0x40 ../psyq/lib/libgs.a(gs_107.o)
                0x000000008001eda0                GsLIGHTWSMATRIX
                0x000000008001edc0                _LC
 .bss           0x000000008001ede0       0x40 ../psyq/lib/libgs.a(gs_128.o)
                0x000000008001ede0                GsIDMATRIX
                0x000000008001ee00                GsIDMATRIX2
 .bss           0x000000008001ee20       0x10 ../psyq/lib/libgte.a(patchgte.o)
 .bss           0x000000008001ee30       0x10 ../psyq/lib/libapi.a(pad.o)
                0x000000008001ee30                _apiPadPatch
 .bss           0x000000008001ee40       0x10 ../psyq/lib/libapi.a(patch.o)
 .bss           0x000000008001ee50       0x10 ../psyq/lib/libapi.a(chclrpad.o)
 *(COMMON)
 COMMON         0x000000008001ee60      0x894 main.o
                0x000000008001ee60                player
                0x000000008001eeb4                box
                0x000000008001ef08                bricks
                0x000000008001f3f4                TrialTimer
                0x000000008001f404                GPUOutputPacket
                0x000000008001f65c                systemBackgroundColor
                0x000000008001f668                frame
                0x000000008001f6bc                orderingTable
                0x000000008001f6e4                minorOrderingTable
                0x000000008001f6f4                . = ALIGN (0x4)
                0x000000008001f6f4                __bss_end = .
                0x000000008001f6f4                __heap_start = .
                0x000000008001f6f4                __end = .

/DISCARD/
 *(.MIPS.abiflags)
 *(.rel.iplt)
 *(.rela.iplt)
 *(.rel.plt)
 *(.rela.plt)
 *(.plt)
 *(.iplt)
 *(.note.GNU-stack)
 *(.gnu_debuglink)
 *(.gnu.lto_*)
OUTPUT(cs50x.elf elf32-tradlittlemips)

.mdebug.abi32   0x0000000000000000        0x0
 .mdebug.abi32  0x0000000000000000        0x0 main.o
 .mdebug.abi32  0x0000000000000000        0x0 basics.o
 .mdebug.abi32  0x0000000000000000        0x0 timerz.o

.comment        0x0000000000000000       0x2a
 .comment       0x0000000000000000       0x2a main.o
                                         0x2b (size before relaxing)
 .comment       0x000000000000002a       0x2b basics.o
 .comment       0x000000000000002a       0x2b timerz.o

.gnu.attributes
                0x0000000000000000       0x10
 .gnu.attributes
                0x0000000000000000       0x10 main.o
 .gnu.attributes
                0x0000000000000010       0x10 basics.o
 .gnu.attributes
                0x0000000000000020       0x10 timerz.o
 .gnu.attributes
                0x0000000000000030       0x10 ../common/crt0/crt0.o

.pdr            0x0000000000000000        0x0
 .pdr           0x0000000000000000        0x0 ../common/crt0/crt0.o

.note           0x0000000000000000     0x21fc
 .note          0x0000000000000000       0x74 ../psyq/lib/libc.a(c42.o)
 .note          0x0000000000000074       0x74 ../psyq/lib/libc.a(c63.o)
 .note          0x00000000000000e8       0x74 ../psyq/lib/libetc.a(pad.o)
 .note          0x000000000000015c       0x74 ../psyq/lib/libetc.a(vmode.o)
 .note          0x00000000000001d0       0x74 ../psyq/lib/libetc.a(vsync.o)
 .note          0x0000000000000244       0x74 ../psyq/lib/libetc.a(intr.o)
 .note          0x00000000000002b8       0x74 ../psyq/lib/libetc.a(intr_dma.o)
 .note          0x000000000000032c       0x74 ../psyq/lib/libetc.a(intr_vb.o)
 .note          0x00000000000003a0       0x74 ../psyq/lib/libgpu.a(font.o)
 .note          0x0000000000000414       0x74 ../psyq/lib/libgpu.a(p00.o)
 .note          0x0000000000000488       0x74 ../psyq/lib/libgpu.a(p06.o)
 .note          0x00000000000004fc       0x74 ../psyq/lib/libgpu.a(p09.o)
 .note          0x0000000000000570       0x74 ../psyq/lib/libgpu.a(p10.o)
 .note          0x00000000000005e4       0x74 ../psyq/lib/libgpu.a(p20.o)
 .note          0x0000000000000658       0x74 ../psyq/lib/libgpu.a(p26.o)
 .note          0x00000000000006cc       0x74 ../psyq/lib/libgpu.a(p27.o)
 .note          0x0000000000000740       0x74 ../psyq/lib/libgpu.a(p41.o)
 .note          0x00000000000007b4       0x74 ../psyq/lib/libgpu.a(sys.o)
 .note          0x0000000000000828       0x74 ../psyq/lib/libgpu.a(e00.o)
 .note          0x000000000000089c       0x74 ../psyq/lib/libgpu.a(e02.o)
 .note          0x0000000000000910       0x74 ../psyq/lib/libgpu.a(p01.o)
 .note          0x0000000000000984       0x74 ../psyq/lib/libgs.a(2d_sp0.o)
 .note          0x00000000000009f8       0x74 ../psyq/lib/libgs.a(global.o)
 .note          0x0000000000000a6c       0x74 ../psyq/lib/libgs.a(gs_001.o)
 .note          0x0000000000000ae0       0x74 ../psyq/lib/libgs.a(gs_0021.o)
 .note          0x0000000000000b54       0x74 ../psyq/lib/libgs.a(gs_0022.o)
 .note          0x0000000000000bc8       0x74 ../psyq/lib/libgs.a(gs_003.o)
 .note          0x0000000000000c3c       0x74 ../psyq/lib/libgs.a(gs_010.o)
 .note          0x0000000000000cb0       0x74 ../psyq/lib/libgs.a(gs_103.o)
 .note          0x0000000000000d24       0x74 ../psyq/lib/libgs.a(gs_104.o)
 .note          0x0000000000000d98       0x74 ../psyq/lib/libgs.a(gs_107.o)
 .note          0x0000000000000e0c       0x74 ../psyq/lib/libgs.a(gs_111.o)
 .note          0x0000000000000e80       0x74 ../psyq/lib/libgs.a(gs_113.o)
 .note          0x0000000000000ef4       0x74 ../psyq/lib/libgs.a(gs_121.o)
 .note          0x0000000000000f68       0x74 ../psyq/lib/libgs.a(gs_122.o)
 .note          0x0000000000000fdc       0x74 ../psyq/lib/libgs.a(gs_128.o)
 .note          0x0000000000001050       0x74 ../psyq/lib/libgs.a(2d_com1.o)
 .note          0x00000000000010c4       0x74 ../psyq/lib/libgte.a(cmb_00.o)
 .note          0x0000000000001138       0x74 ../psyq/lib/libgte.a(fgo_01.o)
 .note          0x00000000000011ac       0x74 ../psyq/lib/libgte.a(msc00.o)
 .note          0x0000000000001220       0x74 ../psyq/lib/libgte.a(msc01.o)
 .note          0x0000000000001294       0x74 ../psyq/lib/libgte.a(mtx_07.o)
 .note          0x0000000000001308       0x74 ../psyq/lib/libgte.a(mtx_08.o)
 .note          0x000000000000137c       0x74 ../psyq/lib/libgte.a(mtx_09.o)
 .note          0x00000000000013f0       0x74 ../psyq/lib/libgte.a(mtx_11.o)
 .note          0x0000000000001464       0x74 ../psyq/lib/libgte.a(mtx_12.o)
 .note          0x00000000000014d8       0x74 ../psyq/lib/libgte.a(patchgte.o)
 .note          0x000000000000154c       0x74 ../psyq/lib/libgte.a(reg09.o)
 .note          0x00000000000015c0       0x74 ../psyq/lib/libgte.a(reg11.o)
 .note          0x0000000000001634       0x74 ../psyq/lib/libgte.a(reg12.o)
 .note          0x00000000000016a8       0x74 ../psyq/lib/libgte.a(sqrtbl.o)
 .note          0x000000000000171c       0x74 ../psyq/lib/libgte.a(cstbl.o)
 .note          0x0000000000001790       0x74 ../psyq/lib/libapi.a(a22.o)
 .note          0x0000000000001804       0x74 ../psyq/lib/libapi.a(a23.o)
 .note          0x0000000000001878       0x74 ../psyq/lib/libapi.a(a24.o)
 .note          0x00000000000018ec       0x74 ../psyq/lib/libapi.a(a25.o)
 .note          0x0000000000001960       0x74 ../psyq/lib/libapi.a(a36.o)
 .note          0x00000000000019d4       0x74 ../psyq/lib/libapi.a(a37.o)
 .note          0x0000000000001a48       0x74 ../psyq/lib/libapi.a(a91.o)
 .note          0x0000000000001abc       0x74 ../psyq/lib/libapi.a(c114.o)
 .note          0x0000000000001b30       0x74 ../psyq/lib/libapi.a(c68.o)
 .note          0x0000000000001ba4       0x74 ../psyq/lib/libapi.a(c73.o)
 .note          0x0000000000001c18       0x74 ../psyq/lib/libapi.a(l10.o)
 .note          0x0000000000001c8c       0x74 ../psyq/lib/libapi.a(pad.o)
 .note          0x0000000000001d00       0x74 ../psyq/lib/libapi.a(patch.o)
 .note          0x0000000000001d74       0x74 ../psyq/lib/libapi.a(a18.o)
 .note          0x0000000000001de8       0x74 ../psyq/lib/libapi.a(a19.o)
 .note          0x0000000000001e5c       0x74 ../psyq/lib/libapi.a(a21.o)
 .note          0x0000000000001ed0       0x74 ../psyq/lib/libapi.a(chclrpad.o)
 .note          0x0000000000001f44       0x74 ../psyq/lib/libapi.a(l02.o)
 .note          0x0000000000001fb8       0x74 ../psyq/lib/libapi.a(l03.o)
 .note          0x000000000000202c       0x74 ../psyq/lib/libc.a(a63.o)
 .note          0x00000000000020a0       0x74 ../psyq/lib/libc.a(c19.o)
 .note          0x0000000000002114       0x74 ../psyq/lib/libc.a(c27.o)
 .note          0x0000000000002188       0x74 ../psyq/lib/libc.a(c43.o)

.debug_info     0x0000000000000000     0x24bd
 .debug_info    0x0000000000000000      0xca4 main.o
 .debug_info    0x0000000000000ca4     0x16a8 basics.o
 .debug_info    0x000000000000234c      0x14b timerz.o
 .debug_info    0x0000000000002497       0x26 ../common/crt0/crt0.o

.debug_abbrev   0x0000000000000000      0x73d
 .debug_abbrev  0x0000000000000000      0x265 main.o
 .debug_abbrev  0x0000000000000265      0x39d basics.o
 .debug_abbrev  0x0000000000000602      0x127 timerz.o
 .debug_abbrev  0x0000000000000729       0x14 ../common/crt0/crt0.o

.debug_loc      0x0000000000000000      0x9d7
 .debug_loc     0x0000000000000000       0xc2 main.o
 .debug_loc     0x00000000000000c2      0x7f3 basics.o
 .debug_loc     0x00000000000008b5      0x122 timerz.o

.debug_aranges  0x0000000000000000      0x120
 .debug_aranges
                0x0000000000000000       0x38 main.o
 .debug_aranges
                0x0000000000000038       0xa0 basics.o
 .debug_aranges
                0x00000000000000d8       0x28 timerz.o
 .debug_aranges
                0x0000000000000100       0x20 ../common/crt0/crt0.o

.debug_ranges   0x0000000000000000      0x150
 .debug_ranges  0x0000000000000000       0x80 main.o
 .debug_ranges  0x0000000000000080       0xb8 basics.o
 .debug_ranges  0x0000000000000138       0x18 timerz.o

.debug_line     0x0000000000000000      0xa33
 .debug_line    0x0000000000000000      0x2c5 main.o
 .debug_line    0x00000000000002c5      0x630 basics.o
 .debug_line    0x00000000000008f5       0xe7 timerz.o
 .debug_line    0x00000000000009dc       0x57 ../common/crt0/crt0.o

.debug_str      0x0000000000000000      0x706
 .debug_str     0x0000000000000000      0x4d5 main.o
                                        0x520 (size before relaxing)
 .debug_str     0x00000000000004d5      0x200 basics.o
                                        0x670 (size before relaxing)
 .debug_str     0x00000000000006d5        0xf timerz.o
                                        0x1df (size before relaxing)
 .debug_str     0x00000000000006e4       0x22 ../common/crt0/crt0.o
                                         0x40 (size before relaxing)

.debug_frame    0x0000000000000000      0x328
 .debug_frame   0x0000000000000000       0xac main.o
 .debug_frame   0x00000000000000ac      0x230 basics.o
 .debug_frame   0x00000000000002dc       0x4c timerz.o
