Archive member included to satisfy reference by file (symbol)

../third_party/psyq/lib/libc.a(c14.o)
                              main.o (abs)
../third_party/psyq/lib/libc.a(c42.o)
                              main.o (memcpy)
../third_party/psyq/lib/libc.a(c63.o)
                              basics.o (printf)
../third_party/psyq/lib/libetc.a(pad.o)
                              main.o (PadRead)
../third_party/psyq/lib/libetc.a(vmode.o)
                              basics.o (GetVideoMode)
../third_party/psyq/lib/libetc.a(vsync.o)
                              basics.o (VSync)
../third_party/psyq/lib/libetc.a(intr.o)
                              ../third_party/psyq/lib/libetc.a(pad.o) (ResetCallback)
../third_party/psyq/lib/libetc.a(intr_dma.o)
                              ../third_party/psyq/lib/libetc.a(intr.o) (startIntrDMA)
../third_party/psyq/lib/libetc.a(intr_vb.o)
                              ../third_party/psyq/lib/libetc.a(vsync.o) (Vcount)
../third_party/psyq/lib/libgpu.a(font.o)
                              basics.o (FntFlush)
../third_party/psyq/lib/libgpu.a(p00.o)
                              basics.o (GetTPage)
../third_party/psyq/lib/libgpu.a(p06.o)
                              ../third_party/psyq/lib/libgpu.a(font.o) (AddPrim)
../third_party/psyq/lib/libgpu.a(p09.o)
                              ../third_party/psyq/lib/libgpu.a(font.o) (TermPrim)
../third_party/psyq/lib/libgpu.a(p10.o)
                              ../third_party/psyq/lib/libgpu.a(font.o) (SetSemiTrans)
../third_party/psyq/lib/libgpu.a(p20.o)
                              ../third_party/psyq/lib/libgpu.a(font.o) (SetSprt8)
../third_party/psyq/lib/libgpu.a(p26.o)
                              ../third_party/psyq/lib/libgpu.a(font.o) (SetTile)
../third_party/psyq/lib/libgpu.a(p27.o)
                              basics.o (SetLineF2)
../third_party/psyq/lib/libgpu.a(p41.o)
                              ../third_party/psyq/lib/libgpu.a(font.o) (SetDrawMode)
../third_party/psyq/lib/libgpu.a(sys.o)
                              basics.o (ClearImage2)
../third_party/psyq/lib/libgpu.a(e00.o)
                              ../third_party/psyq/lib/libgpu.a(font.o) (LoadTPage)
../third_party/psyq/lib/libgpu.a(e02.o)
                              ../third_party/psyq/lib/libgpu.a(font.o) (LoadClut2)
../third_party/psyq/lib/libgpu.a(p01.o)
                              ../third_party/psyq/lib/libgpu.a(e02.o) (GetClut)
../third_party/psyq/lib/libgs.a(2d_sp0.o)
                              basics.o (GsSortSprite)
../third_party/psyq/lib/libgs.a(global.o)
                              ../third_party/psyq/lib/libgs.a(2d_sp0.o) (GsOUT_PACKET_P)
../third_party/psyq/lib/libgs.a(gs_001.o)
                              ../third_party/psyq/lib/libgs.a(2d_sp0.o) (GsORGOFSY)
../third_party/psyq/lib/libgs.a(gs_0021.o)
                              basics.o (GsGetActiveBuff)
../third_party/psyq/lib/libgs.a(gs_0022.o)
                              ../third_party/psyq/lib/libgs.a(gs_001.o) (GsSetDrawBuffOffset)
../third_party/psyq/lib/libgs.a(gs_003.o)
                              ../third_party/psyq/lib/libgs.a(gs_001.o) (GsSetDrawBuffClip)
../third_party/psyq/lib/libgs.a(gs_010.o)
                              basics.o (GsSwapDispBuff)
../third_party/psyq/lib/libgs.a(gs_103.o)
                              basics.o (GsDefDispBuff)
../third_party/psyq/lib/libgs.a(gs_104.o)
                              ../third_party/psyq/lib/libgs.a(gs_001.o) (HWD0)
../third_party/psyq/lib/libgs.a(gs_107.o)
                              ../third_party/psyq/lib/libgs.a(gs_001.o) (GsLIGHTWSMATRIX)
../third_party/psyq/lib/libgs.a(gs_111.o)
                              basics.o (GsDrawOt)
../third_party/psyq/lib/libgs.a(gs_113.o)
                              basics.o (GsClearOt)
../third_party/psyq/lib/libgs.a(gs_121.o)
                              ../third_party/psyq/lib/libgs.a(gs_001.o) (gte_init)
../third_party/psyq/lib/libgs.a(gs_122.o)
                              basics.o (GsGetTimInfo)
../third_party/psyq/lib/libgs.a(gs_124.o)
                              basics.o (GsSetWorkBase)
../third_party/psyq/lib/libgs.a(gs_128.o)
                              ../third_party/psyq/lib/libgs.a(2d_sp0.o) (GsIDMATRIX)
../third_party/psyq/lib/libgs.a(2d_com1.o)
                              ../third_party/psyq/lib/libgs.a(2d_sp0.o) (_make_packet)
../third_party/psyq/lib/libgte.a(cmb_00.o)
                              ../third_party/psyq/lib/libgs.a(2d_sp0.o) (RotTransPers4)
../third_party/psyq/lib/libgte.a(fgo_01.o)
                              ../third_party/psyq/lib/libgs.a(2d_sp0.o) (RotMatrix)
../third_party/psyq/lib/libgte.a(msc00.o)
                              ../third_party/psyq/lib/libgs.a(gs_121.o) (InitGeom)
../third_party/psyq/lib/libgte.a(msc01.o)
                              ../third_party/psyq/lib/libgs.a(gs_107.o) (SquareRoot0)
../third_party/psyq/lib/libgte.a(mtx_07.o)
                              ../third_party/psyq/lib/libgs.a(2d_sp0.o) (TransMatrix)
../third_party/psyq/lib/libgte.a(mtx_08.o)
                              ../third_party/psyq/lib/libgs.a(2d_sp0.o) (ScaleMatrix)
../third_party/psyq/lib/libgte.a(mtx_09.o)
                              ../third_party/psyq/lib/libgs.a(2d_sp0.o) (SetRotMatrix)
../third_party/psyq/lib/libgte.a(mtx_11.o)
                              ../third_party/psyq/lib/libgs.a(gs_107.o) (SetColorMatrix)
../third_party/psyq/lib/libgte.a(mtx_12.o)
                              ../third_party/psyq/lib/libgs.a(2d_sp0.o) (SetTransMatrix)
../third_party/psyq/lib/libgte.a(patchgte.o)
                              ../third_party/psyq/lib/libgte.a(msc00.o) (_patch_gte)
../third_party/psyq/lib/libgte.a(reg09.o)
                              ../third_party/psyq/lib/libgs.a(2d_sp0.o) (ReadGeomScreen)
../third_party/psyq/lib/libgte.a(reg11.o)
                              ../third_party/psyq/lib/libgs.a(gs_121.o) (SetFarColor)
../third_party/psyq/lib/libgte.a(reg12.o)
                              ../third_party/psyq/lib/libgs.a(gs_0022.o) (SetGeomOffset)
../third_party/psyq/lib/libgte.a(sqrtbl.o)
                              ../third_party/psyq/lib/libgte.a(msc01.o) (SQRT)
../third_party/psyq/lib/libgte.a(cstbl.o)
                              ../third_party/psyq/lib/libgte.a(fgo_01.o) (rcossin_tbl)
../third_party/psyq/lib/libapi.a(a22.o)
                              ../third_party/psyq/lib/libetc.a(pad.o) (PAD_dr)
../third_party/psyq/lib/libapi.a(a23.o)
                              ../third_party/psyq/lib/libetc.a(intr.o) (ReturnFromException)
../third_party/psyq/lib/libapi.a(a24.o)
                              ../third_party/psyq/lib/libetc.a(intr.o) (ResetEntryInt)
../third_party/psyq/lib/libapi.a(a25.o)
                              ../third_party/psyq/lib/libetc.a(intr.o) (HookEntryInt)
../third_party/psyq/lib/libapi.a(a36.o)
                              ../third_party/psyq/lib/libetc.a(intr.o) (EnterCriticalSection)
../third_party/psyq/lib/libapi.a(a37.o)
                              ../third_party/psyq/lib/libetc.a(intr.o) (ExitCriticalSection)
../third_party/psyq/lib/libapi.a(a91.o)
                              ../third_party/psyq/lib/libetc.a(pad.o) (ChangeClearPAD)
../third_party/psyq/lib/libapi.a(c114.o)
                              ../third_party/psyq/lib/libetc.a(intr.o) (_96_remove)
../third_party/psyq/lib/libapi.a(c68.o)
                              ../third_party/psyq/lib/libgte.a(patchgte.o) (FlushCache)
../third_party/psyq/lib/libapi.a(c73.o)
                              ../third_party/psyq/lib/libgpu.a(sys.o) (GPU_cw)
../third_party/psyq/lib/libapi.a(l10.o)
                              ../third_party/psyq/lib/libetc.a(vsync.o) (ChangeClearRCnt)
../third_party/psyq/lib/libapi.a(pad.o)
                              ../third_party/psyq/lib/libetc.a(pad.o) (PAD_init)
../third_party/psyq/lib/libapi.a(patch.o)
                              ../third_party/psyq/lib/libapi.a(pad.o) (_patch_pad)
../third_party/psyq/lib/libapi.a(a18.o)
                              ../third_party/psyq/lib/libapi.a(pad.o) (InitPAD2)
../third_party/psyq/lib/libapi.a(a19.o)
                              ../third_party/psyq/lib/libapi.a(pad.o) (StartPAD2)
../third_party/psyq/lib/libapi.a(a21.o)
                              ../third_party/psyq/lib/libapi.a(pad.o) (PAD_init2)
../third_party/psyq/lib/libapi.a(chclrpad.o)
                              ../third_party/psyq/lib/libapi.a(pad.o) (_remove_ChgclrPAD)
../third_party/psyq/lib/libapi.a(l02.o)
                              ../third_party/psyq/lib/libapi.a(pad.o) (SysEnqIntRP)
../third_party/psyq/lib/libapi.a(l03.o)
                              ../third_party/psyq/lib/libapi.a(pad.o) (SysDeqIntRP)
../third_party/psyq/lib/libc.a(a63.o)
                              ../third_party/psyq/lib/libetc.a(vsync.o) (puts)
../third_party/psyq/lib/libc.a(c19.o)
                              ../third_party/psyq/lib/libetc.a(intr.o) (setjmp)
../third_party/psyq/lib/libc.a(c27.o)
                              ../third_party/psyq/lib/libgpu.a(font.o) (strlen)
../third_party/psyq/lib/libc.a(c43.o)
                              ../third_party/psyq/lib/libgpu.a(font.o) (memset)

Allocating common symbols
Common symbol       size              file

player              0x54              main.o
grid                0x3c              main.o
bricks              0x4ec             main.o
SCREEN_WIDTH        0x4               basics.o
TrialTimer          0x10              main.o
GPUOutputPacket     0x258             basics.o
ballX               0x4               main.o
SCREEN_HEIGHT       0x4               basics.o
currentBuffer       0x2               basics.o
ballSprite          0x50              main.o
systemBackgroundColor
                    0xc               basics.o
frame               0x54              main.o
cachedPadValue      0x4               main.o
colourList          0x30              main.o
orderingTable       0x28              basics.o
ballY               0x4               main.o
minorOrderingTable  0x10              basics.o

Discarded input sections

 .text          0x0000000000000000        0x0 main.o
 .reginfo       0x0000000000000000       0x18 main.o
 .MIPS.abiflags
                0x0000000000000000       0x18 main.o
 .pdr           0x0000000000000000      0x140 main.o
 .text.drawWon  0x0000000000000000        0x8 main.o
 .text          0x0000000000000000        0x0 basics.o
 .data          0x0000000000000000        0x0 basics.o
 .bss           0x0000000000000000        0x0 basics.o
 .reginfo       0x0000000000000000       0x18 basics.o
 .MIPS.abiflags
                0x0000000000000000       0x18 basics.o
 .pdr           0x0000000000000000      0x2a0 basics.o
 .text.moveLine
                0x0000000000000000       0x50 basics.o
 .text.transposeBox
                0x0000000000000000       0x34 basics.o
 .text.drawLine
                0x0000000000000000       0x30 basics.o
 .text          0x0000000000000000        0x0 timerz.o
 .data          0x0000000000000000        0x0 timerz.o
 .bss           0x0000000000000000        0x0 timerz.o
 .reginfo       0x0000000000000000       0x18 timerz.o
 .MIPS.abiflags
                0x0000000000000000       0x18 timerz.o
 .pdr           0x0000000000000000       0x40 timerz.o
 .text          0x0000000000000000        0x0 ../third_party/common/syscalls/printf.o
 .data          0x0000000000000000        0x0 ../third_party/common/syscalls/printf.o
 .bss           0x0000000000000000        0x0 ../third_party/common/syscalls/printf.o
 .reginfo       0x0000000000000000       0x18 ../third_party/common/syscalls/printf.o
 .MIPS.abiflags
                0x0000000000000000       0x18 ../third_party/common/syscalls/printf.o
 .pdr           0x0000000000000000        0x0 ../third_party/common/syscalls/printf.o
 .ramtext       0x0000000000000000        0xc ../third_party/common/syscalls/printf.o
 .debug_line    0x0000000000000000       0x59 ../third_party/common/syscalls/printf.o
 .debug_info    0x0000000000000000       0x26 ../third_party/common/syscalls/printf.o
 .debug_abbrev  0x0000000000000000       0x14 ../third_party/common/syscalls/printf.o
 .debug_aranges
                0x0000000000000000       0x20 ../third_party/common/syscalls/printf.o
 .debug_str     0x0000000000000000       0x45 ../third_party/common/syscalls/printf.o
 .gnu.attributes
                0x0000000000000000       0x10 ../third_party/common/syscalls/printf.o
 .text          0x0000000000000000        0x0 ../third_party/common/crt0/crt0.o
 .data          0x0000000000000000        0x0 ../third_party/common/crt0/crt0.o
 .bss           0x0000000000000000        0x0 ../third_party/common/crt0/crt0.o
 .reginfo       0x0000000000000000       0x18 ../third_party/common/crt0/crt0.o
 .MIPS.abiflags
                0x0000000000000000       0x18 ../third_party/common/crt0/crt0.o
 .data          0x0000000000000000       0x10 ../third_party/psyq/lib/libgs.a(global.o)
 .data          0x0000000000000000       0x10 ../third_party/psyq/lib/libgs.a(gs_001.o)
 .text          0x0000000000000000       0x80 ../third_party/psyq/lib/libgs.a(gs_104.o)
 .text          0x0000000000000000      0x570 ../third_party/psyq/lib/libgs.a(gs_107.o)
 .text          0x0000000000000000       0x90 ../third_party/psyq/lib/libgte.a(msc01.o)
 .text          0x0000000000000000       0x30 ../third_party/psyq/lib/libgte.a(mtx_11.o)
 .data          0x0000000000000000      0x180 ../third_party/psyq/lib/libgte.a(sqrtbl.o)

Memory Configuration

Name             Origin             Length             Attributes
loader           0x000000008000f800 0x0000000000000800
ram              0x0000000080010000 0x00000000001f0000 xrw
dcache           0x000000001f800000 0x0000000000000400
kttyram          0x000000000000c000 0x0000000000002000 xrw
*default*        0x0000000000000000 0xffffffffffffffff

Linker script and memory map

LOAD main.o
LOAD basics.o
LOAD timerz.o
LOAD ../third_party/common/syscalls/printf.o
LOAD ../third_party/common/crt0/crt0.o
START GROUP
LOAD ../third_party/psyq/lib/libapi.a
LOAD ../third_party/psyq/lib/libc.a
LOAD ../third_party/psyq/lib/libc2.a
LOAD ../third_party/psyq/lib/libcard.a
LOAD ../third_party/psyq/lib/libcomb.a
LOAD ../third_party/psyq/lib/libds.a
LOAD ../third_party/psyq/lib/libetc.a
LOAD ../third_party/psyq/lib/libgpu.a
LOAD ../third_party/psyq/lib/libgs.a
LOAD ../third_party/psyq/lib/libgte.a
LOAD ../third_party/psyq/lib/libgpu.a
LOAD ../third_party/psyq/lib/libgun.a
LOAD ../third_party/psyq/lib/libhmd.a
LOAD ../third_party/psyq/lib/libmath.a
LOAD ../third_party/psyq/lib/libmcrd.a
LOAD ../third_party/psyq/lib/libmcx.a
LOAD ../third_party/psyq/lib/libpad.a
LOAD ../third_party/psyq/lib/libpress.a
LOAD ../third_party/psyq/lib/libsio.a
LOAD ../third_party/psyq/lib/libsnd.a
LOAD ../third_party/psyq/lib/libspu.a
LOAD ../third_party/psyq/lib/libtap.a
END GROUP
                0x0000000080010000                TLOAD_ADDR = DEFINED (TLOAD_ADDR)?TLOAD_ADDR:0x80010000
                0x0000000080200000                __ram_top = (ORIGIN (ram) + LENGTH (ram))
                0x00000000801fff00                __sp = (__ram_top - 0x100)
                0x000000001f800000                __dcache = ORIGIN (dcache)
                0x000000001f800400                __dcache_top = (ORIGIN (dcache) + LENGTH (dcache))
                0x00000000000067e4                __bss_len = (__bss_end - __bss_start)
                0xffffffff7fffc000                __ftext_len = (__ftext_end - __ftext_start)
                0x0000000080013000                __fdata_len = (__fdata_end - __fdata_start)
                0x0000000080200000                __stack_start = (ORIGIN (ram) + LENGTH (ram))
                0x0000000000000000                __ktty_length = (__ktty_dest_end - __ktty_dest_start)

.PSX_EXE_Header
                0x000000008000f800      0x800
                0x000000008000f800        0x1 BYTE 0x50
                0x000000008000f801        0x1 BYTE 0x53
                0x000000008000f802        0x1 BYTE 0x2d
                0x000000008000f803        0x1 BYTE 0x58
                0x000000008000f804        0x1 BYTE 0x20
                0x000000008000f805        0x1 BYTE 0x45
                0x000000008000f806        0x1 BYTE 0x58
                0x000000008000f807        0x1 BYTE 0x45
                0x000000008000f808        0x4 LONG 0x0
                0x000000008000f80c        0x4 LONG 0x0
                0x000000008000f810        0x4 LONG 0x80010000 ABSOLUTE (_start)
                0x000000008000f814        0x4 LONG 0x0
                0x000000008000f818        0x4 LONG 0x80010000 TLOAD_ADDR
                0x000000008000f81c        0x4 LONG 0xf000 (__ftext_len + __fdata_len)
                0x000000008000f820        0x4 LONG 0x0
                0x000000008000f824        0x4 LONG 0x0
                0x000000008000f828        0x4 LONG 0x0
                0x000000008000f82c        0x4 LONG 0x0
                0x000000008000f830        0x4 LONG 0x801fff00 DEFINED (_sp)?ABSOLUTE (_sp):0x801fff00
                0x000000008000f834        0x4 LONG 0x0
                0x0000000080010000                . = (. + 0x7c8)
 *fill*         0x000000008000f838      0x7c8 
                0x0000000080010000                __ftext_start = ABSOLUTE (.)

.text           0x0000000080010000     0x7f50
 *(.start)
 .start         0x0000000080010000       0x38 ../third_party/common/crt0/crt0.o
                0x0000000080010000                _start
 *(.init)
 *(SORT_NONE(.fini))
 *(.text.unlikely .text.*_unlikely .text.unlikely.*)
 *(.text.exit .text.exit.*)
 *(.text.startup .text.startup.*)
 .text.startup.main
                0x0000000080010038       0xb0 main.o
                0x0000000080010038                main
 *(.text.hot .text.hot.*)
 *(.text .stub .text.* .gnu.linkonce.t.*)
 .text.initialiseScene
                0x00000000800100e8      0x124 main.o
                0x00000000800100e8                initialiseScene
 .text.updateControls
                0x000000008001020c       0xb4 main.o
                0x000000008001020c                updateControls
 .text.initialiseLevel
                0x00000000800102c0       0x5c main.o
                0x00000000800102c0                initialiseLevel
 .text.initialize
                0x000000008001031c      0x1a8 main.o
                0x000000008001031c                initialize
 .text.initialiseGame
                0x00000000800104c4       0x38 main.o
                0x00000000800104c4                initialiseGame
 .text.drawGameOver
                0x00000000800104fc       0x1c main.o
                0x00000000800104fc                drawGameOver
 .text.ballMotion
                0x0000000080010518      0x550 main.o
                0x0000000080010518                ballMotion
 .text.draw     0x0000000080010a68      0x478 main.o
                0x0000000080010a68                draw
 .text.createImage
                0x0000000080010ee0      0x170 basics.o
                0x0000000080010ee0                createImage
 .text.moveImage
                0x0000000080011050       0x44 basics.o
                0x0000000080011050                moveImage
 .text.scaleImage
                0x0000000080011094       0x74 basics.o
                0x0000000080011094                scaleImage
 .text.rotImage
                0x0000000080011108       0x40 basics.o
                0x0000000080011108                rotImage
 .text.drawImage
                0x0000000080011148       0x60 basics.o
                0x0000000080011148                drawImage
 .text.createColor
                0x00000000800111a8       0x14 basics.o
                0x00000000800111a8                createColor
 .text.createLine
                0x00000000800111bc       0x8c basics.o
                0x00000000800111bc                createLine
 .text.createBox
                0x0000000080011248      0x12c basics.o
                0x0000000080011248                createBox
 .text.moveBox  0x0000000080011374      0x1a8 basics.o
                0x0000000080011374                moveBox
 .text.drawBox  0x000000008001151c       0x48 basics.o
                0x000000008001151c                drawBox
 .text.setScreenMode
                0x0000000080011564       0xd8 basics.o
                0x0000000080011564                setScreenMode
 .text.setBackgroundColor
                0x000000008001163c       0x24 basics.o
                0x000000008001163c                setBackgroundColor
 .text.initializeDebugFont
                0x0000000080011660       0x44 basics.o
                0x0000000080011660                initializeDebugFont
 .text.initializeOrderingTable
                0x00000000800116a4       0x90 basics.o
                0x00000000800116a4                initializeOrderingTable
 .text.display  0x0000000080011734       0x90 basics.o
                0x0000000080011734                display
 .text.clearDisplay
                0x00000000800117c4       0x74 basics.o
                0x00000000800117c4                clearDisplay
 .text.clearVRAM
                0x0000000080011838       0x44 basics.o
                0x0000000080011838                clearVRAM
 .text.initializeScreen
                0x000000008001187c       0xa0 basics.o
                0x000000008001187c                initializeScreen
 .text.createTimer
                0x000000008001191c       0x44 timerz.o
                0x000000008001191c                createTimer
 .text.incTimer
                0x0000000080011960       0x5c timerz.o
                0x0000000080011960                incTimer
 *fill*         0x00000000800119bc        0x4 
 .text          0x00000000800119c0       0x10 ../third_party/psyq/lib/libc.a(c14.o)
                0x00000000800119c0                abs
 .text          0x00000000800119d0       0x10 ../third_party/psyq/lib/libc.a(c42.o)
                0x00000000800119d0                memcpy
 .text          0x00000000800119e0       0x10 ../third_party/psyq/lib/libc.a(c63.o)
                0x00000000800119e0                printf
 .text          0x00000000800119f0       0x80 ../third_party/psyq/lib/libetc.a(pad.o)
                0x00000000800119f0                PadInit
                0x0000000080011a3c                PadRead
 .text          0x0000000080011a70       0x30 ../third_party/psyq/lib/libetc.a(vmode.o)
                0x0000000080011a70                SetVideoMode
                0x0000000080011a84                GetVideoMode
 .text          0x0000000080011aa0      0x210 ../third_party/psyq/lib/libetc.a(vsync.o)
                0x0000000080011aa0                VSync
 .text          0x0000000080011cb0      0x6c0 ../third_party/psyq/lib/libetc.a(intr.o)
                0x0000000080011cb0                ResetCallback
                0x0000000080011ce0                InterruptCallback
                0x0000000080011d10                DMACallback
                0x0000000080011d40                VSyncCallback
                0x0000000080011d74                VSyncCallbacks
                0x0000000080011da4                StopCallback
                0x0000000080011dd4                RestartCallback
                0x0000000080011e04                CheckCallback
                0x0000000080011e14                GetIntrMask
                0x0000000080011e2c                SetIntrMask
 .text          0x0000000080012370      0x2a0 ../third_party/psyq/lib/libetc.a(intr_dma.o)
                0x0000000080012370                startIntrDMA
 .text          0x0000000080012610      0x120 ../third_party/psyq/lib/libetc.a(intr_vb.o)
                0x0000000080012610                startIntrVSync
 .text          0x0000000080012730      0xa80 ../third_party/psyq/lib/libgpu.a(font.o)
                0x0000000080012730                SetDumpFnt
                0x0000000080012770                FntLoad
                0x0000000080012810                FntOpen
                0x0000000080012acc                FntFlush
                0x0000000080012de8                FntPrint
 .text          0x00000000800131b0       0x40 ../third_party/psyq/lib/libgpu.a(p00.o)
                0x00000000800131b0                GetTPage
 .text          0x00000000800131f0       0x40 ../third_party/psyq/lib/libgpu.a(p06.o)
                0x00000000800131f0                AddPrim
 .text          0x0000000080013230       0x20 ../third_party/psyq/lib/libgpu.a(p09.o)
                0x0000000080013230                TermPrim
 .text          0x0000000080013250       0x30 ../third_party/psyq/lib/libgpu.a(p10.o)
                0x0000000080013250                SetSemiTrans
 .text          0x0000000080013280       0x20 ../third_party/psyq/lib/libgpu.a(p20.o)
                0x0000000080013280                SetSprt8
 .text          0x00000000800132a0       0x20 ../third_party/psyq/lib/libgpu.a(p26.o)
                0x00000000800132a0                SetTile
 .text          0x00000000800132c0       0x20 ../third_party/psyq/lib/libgpu.a(p27.o)
                0x00000000800132c0                SetLineF2
 .text          0x00000000800132e0       0xa0 ../third_party/psyq/lib/libgpu.a(p41.o)
                0x00000000800132e0                SetDrawMode
 .text          0x0000000080013380     0x2f00 ../third_party/psyq/lib/libgpu.a(sys.o)
                0x0000000080013380                ResetGraph
                0x00000000800134f4                SetGraphDebug
                0x0000000080013550                SetGraphQueue
                0x00000000800135f4                GetGraphDebug
                0x0000000080013604                DrawSyncCallback
                0x0000000080013664                SetDispMask
                0x00000000800136fc                DrawSync
                0x0000000080013880                ClearImage
                0x0000000080013910                ClearImage2
                0x00000000800139a8                LoadImage
                0x0000000080013a08                StoreImage
                0x0000000080013a68                MoveImage
                0x0000000080013b20                ClearOTag
                0x0000000080013be8                ClearOTagR
                0x0000000080013c94                DrawPrim
                0x0000000080013cf0                DrawOTag
                0x0000000080013d60                PutDrawEnv
                0x0000000080013e20                DrawOTagEnv
                0x0000000080013ef8                GetDrawEnv
                0x0000000080013f2c                PutDispEnv
                0x0000000080014424                GetDispEnv
                0x0000000080014458                GetODE
                0x0000000080014488                SetDrawArea
                0x0000000080014508                SetDrawOffset
                0x0000000080014548                SetDrawEnv
                0x0000000080015e18                LoadImage2
                0x0000000080015f04                StoreImage2
                0x0000000080015ff0                MoveImage2
                0x0000000080016134                DrawOTag2
                0x0000000080016230                _GPU_ResetCallback
 .text          0x0000000080016280       0xf0 ../third_party/psyq/lib/libgpu.a(e00.o)
                0x0000000080016280                LoadTPage
 .text          0x0000000080016370       0x70 ../third_party/psyq/lib/libgpu.a(e02.o)
                0x0000000080016370                LoadClut2
 .text          0x00000000800163e0       0x20 ../third_party/psyq/lib/libgpu.a(p01.o)
                0x00000000800163e0                GetClut
 .text          0x0000000080016400      0x500 ../third_party/psyq/lib/libgs.a(2d_sp0.o)
                0x0000000080016400                GsSortSprite
 .text          0x0000000080016900      0x550 ../third_party/psyq/lib/libgs.a(gs_001.o)
                0x0000000080016900                GsInitGraph
                0x0000000080016a90                GsInitGraph2
                0x0000000080016d18                GsSortClear
 .text          0x0000000080016e50       0x10 ../third_party/psyq/lib/libgs.a(gs_0021.o)
                0x0000000080016e50                GsGetActiveBuff
 .text          0x0000000080016e60      0x110 ../third_party/psyq/lib/libgs.a(gs_0022.o)
                0x0000000080016e60                GsSetDrawBuffOffset
 .text          0x0000000080016f70       0x80 ../third_party/psyq/lib/libgs.a(gs_003.o)
                0x0000000080016f70                GsSetDrawBuffClip
 .text          0x0000000080016ff0       0xb0 ../third_party/psyq/lib/libgs.a(gs_010.o)
                0x0000000080016ff0                GsSwapDispBuff
 .text          0x00000000800170a0       0xa0 ../third_party/psyq/lib/libgs.a(gs_103.o)
                0x00000000800170a0                GsDefDispBuff
 .text          0x0000000080017140       0x30 ../third_party/psyq/lib/libgs.a(gs_111.o)
                0x0000000080017140                GsDrawOt
 .text          0x0000000080017170       0x60 ../third_party/psyq/lib/libgs.a(gs_113.o)
                0x0000000080017170                GsClearOt
 .text          0x00000000800171d0       0x50 ../third_party/psyq/lib/libgs.a(gs_121.o)
                0x00000000800171d0                gte_init
 .text          0x0000000080017220       0xf0 ../third_party/psyq/lib/libgs.a(gs_122.o)
                0x0000000080017220                GsGetTimInfo
 .text          0x0000000080017310       0x10 ../third_party/psyq/lib/libgs.a(gs_124.o)
                0x0000000080017310                GsSetWorkBase
 .text          0x0000000080017320       0xa0 ../third_party/psyq/lib/libgs.a(2d_com1.o)
                0x0000000080017320                _make_packet
 .text          0x00000000800173c0       0x80 ../third_party/psyq/lib/libgte.a(cmb_00.o)
                0x00000000800173c0                RotTransPers4
 .text          0x0000000080017440      0x290 ../third_party/psyq/lib/libgte.a(fgo_01.o)
                0x0000000080017440                RotMatrix
 .text          0x00000000800176d0       0x90 ../third_party/psyq/lib/libgte.a(msc00.o)
                0x00000000800176d8                InitGeom
 .text          0x0000000080017760       0x30 ../third_party/psyq/lib/libgte.a(mtx_07.o)
                0x0000000080017760                TransMatrix
 .text          0x0000000080017790      0x140 ../third_party/psyq/lib/libgte.a(mtx_08.o)
                0x0000000080017790                ScaleMatrix
 .text          0x00000000800178d0       0x30 ../third_party/psyq/lib/libgte.a(mtx_09.o)
                0x00000000800178d0                SetRotMatrix
 .text          0x0000000080017900       0x20 ../third_party/psyq/lib/libgte.a(mtx_12.o)
                0x0000000080017900                SetTransMatrix
 .text          0x0000000080017920       0xe0 ../third_party/psyq/lib/libgte.a(patchgte.o)
                0x0000000080017920                _patch_gte
 .text          0x0000000080017a00       0x10 ../third_party/psyq/lib/libgte.a(reg09.o)
                0x0000000080017a00                ReadGeomScreen
 .text          0x0000000080017a10       0x20 ../third_party/psyq/lib/libgte.a(reg11.o)
                0x0000000080017a10                SetFarColor
 .text          0x0000000080017a30       0x20 ../third_party/psyq/lib/libgte.a(reg12.o)
                0x0000000080017a30                SetGeomOffset
 .text          0x0000000080017a50       0x10 ../third_party/psyq/lib/libapi.a(a22.o)
                0x0000000080017a50                PAD_dr
 .text          0x0000000080017a60       0x10 ../third_party/psyq/lib/libapi.a(a23.o)
                0x0000000080017a60                ReturnFromException
 .text          0x0000000080017a70       0x10 ../third_party/psyq/lib/libapi.a(a24.o)
                0x0000000080017a70                ResetEntryInt
 .text          0x0000000080017a80       0x10 ../third_party/psyq/lib/libapi.a(a25.o)
                0x0000000080017a80                HookEntryInt
 .text          0x0000000080017a90       0x10 ../third_party/psyq/lib/libapi.a(a36.o)
                0x0000000080017a90                EnterCriticalSection
 .text          0x0000000080017aa0       0x10 ../third_party/psyq/lib/libapi.a(a37.o)
                0x0000000080017aa0                ExitCriticalSection
 .text          0x0000000080017ab0       0x10 ../third_party/psyq/lib/libapi.a(a91.o)
                0x0000000080017ab0                ChangeClearPAD
 .text          0x0000000080017ac0       0x20 ../third_party/psyq/lib/libapi.a(c114.o)
                0x0000000080017ac8                _96_remove
 .text          0x0000000080017ae0       0x10 ../third_party/psyq/lib/libapi.a(c68.o)
                0x0000000080017ae0                FlushCache
 .text          0x0000000080017af0       0x10 ../third_party/psyq/lib/libapi.a(c73.o)
                0x0000000080017af0                GPU_cw
 .text          0x0000000080017b00       0x10 ../third_party/psyq/lib/libapi.a(l10.o)
                0x0000000080017b00                ChangeClearRCnt
 .text          0x0000000080017b10      0x290 ../third_party/psyq/lib/libapi.a(pad.o)
                0x0000000080017b10                SetInitPadFlag
                0x0000000080017b1c                ReadInitPadFlag
                0x0000000080017b2c                PAD_init
                0x0000000080017bbc                InitPAD
                0x0000000080017c4c                StartPAD
 .text          0x0000000080017da0       0xa0 ../third_party/psyq/lib/libapi.a(patch.o)
                0x0000000080017da0                EnablePAD
                0x0000000080017db4                DisablePAD
                0x0000000080017dc8                _patch_pad
 .text          0x0000000080017e40       0x10 ../third_party/psyq/lib/libapi.a(a18.o)
                0x0000000080017e40                InitPAD2
 .text          0x0000000080017e50       0x10 ../third_party/psyq/lib/libapi.a(a19.o)
                0x0000000080017e50                StartPAD2
 .text          0x0000000080017e60       0x10 ../third_party/psyq/lib/libapi.a(a21.o)
                0x0000000080017e60                PAD_init2
 .text          0x0000000080017e70       0x70 ../third_party/psyq/lib/libapi.a(chclrpad.o)
                0x0000000080017e70                _remove_ChgclrPAD
 .text          0x0000000080017ee0       0x10 ../third_party/psyq/lib/libapi.a(l02.o)
                0x0000000080017ee0                SysEnqIntRP
 .text          0x0000000080017ef0       0x10 ../third_party/psyq/lib/libapi.a(l03.o)
                0x0000000080017ef0                SysDeqIntRP
 .text          0x0000000080017f00       0x20 ../third_party/psyq/lib/libc.a(a63.o)
                0x0000000080017f08                puts
 .text          0x0000000080017f20       0x10 ../third_party/psyq/lib/libc.a(c19.o)
                0x0000000080017f20                setjmp
 .text          0x0000000080017f30       0x10 ../third_party/psyq/lib/libc.a(c27.o)
                0x0000000080017f30                strlen
 .text          0x0000000080017f40       0x10 ../third_party/psyq/lib/libc.a(c43.o)
                0x0000000080017f40                memset
                0x0000000080017f50                . = ALIGN (0x10)
 *(.init)
                0x0000000080017f50                . = ALIGN (0x10)
 *(.fini)
                0x0000000080017f50                __ktty_src = .

.kttytext       0x000000000000c000        0x0 load address 0x0000000080017f50
                0x000000000000c000                __ktty_dest_start = ABSOLUTE (.)
 *(.kttytext)
                0x000000000000c000                __ktty_dest_end = ABSOLUTE (.)
                0x000000000000c000                . = ALIGN (0x10)
                0x000000000000c000                . = ALIGN (0x10)
                0x000000000000c000                __text_end = .
                0x000000000000c000                __ftext_end = ABSOLUTE (.)
                0x000000000000c000                __fdata_start = ABSOLUTE (.)

.rodata         0x0000000080017f50      0x504
 *(.rodata .rodata.* .rdata .rdata.* .gnu.linkonce.r.*)
 .rodata.str1.4
                0x0000000080017f50       0x23 main.o
                                         0x24 (size before relaxing)
 *fill*         0x0000000080017f73        0x1 
 .rodata.str1.4
                0x0000000080017f74      0x11c basics.o
 .rdata         0x0000000080018090       0x10 ../third_party/psyq/lib/libetc.a(vsync.o)
 .rdata         0x00000000800180a0       0x70 ../third_party/psyq/lib/libetc.a(intr.o)
 .rdata         0x0000000080018110       0x30 ../third_party/psyq/lib/libetc.a(intr_dma.o)
 .rdata         0x0000000080018140       0xa0 ../third_party/psyq/lib/libgpu.a(font.o)
 .rdata         0x00000000800181e0      0x220 ../third_party/psyq/lib/libgpu.a(sys.o)
 .rdata         0x0000000080018400       0x30 ../third_party/psyq/lib/libgs.a(2d_com1.o)
                0x0000000080018430                . = ALIGN (0x10)
                0x0000000080018430                __preinit_array_start = .
 *(.preinit_array)
                0x0000000080018430                __preinit_array_end = .
                0x0000000080018430                . = ALIGN (0x10)
                0x0000000080018430                __init_array_start = .
 *(SORT_BY_NAME(.init_array.*))
 *(.init_array)
                0x0000000080018430                . = ALIGN (0x10)
 *crtbegin.o(.ctors)
 *(EXCLUDE_FILE(*crtend.o) .ctors)
 *(SORT_BY_NAME(.ctors.*))
 *crtend.o(.ctors)
                0x0000000080018430                __init_array_end = .
                0x0000000080018430                . = ALIGN (0x10)
                0x0000000080018430                __fini_array_start = .
 *(.fini_array)
 *(SORT_BY_NAME(.fini_array.*))
 *crtbegin.o(.dtors)
 *(EXCLUDE_FILE(*crtend.o) .dtors)
 *(SORT_BY_NAME(.dtors.*))
 *crtend.o(.dtors)
                0x0000000080018430                __fini_array_end = .
                0x0000000080018430                __build_id = .
 *(.note.gnu.build-id)
 .note.gnu.build-id
                0x0000000080018430       0x24 main.o
                0x0000000080018454                __build_id_end = .

.rel.dyn        0x0000000080018454        0x0
 .rel.dyn       0x0000000080018454        0x0 ../third_party/psyq/lib/libgpu.a(sys.o)

.rodata1
 *(.rodata1)
                0x0000000080018454                __data_start = .

.data           0x0000000080018460     0x6ba0
 *(.a0table)
 *(.data .data.* .gnu.linkonce.d.*)
 .data          0x0000000080018460      0x720 main.o
                0x0000000080018460                hit
                0x0000000080018464                ballRad
                0x0000000080018468                velY
                0x000000008001846c                velX
                0x0000000080018470                lives
                0x0000000080018474                playerY
                0x0000000080018478                playerSize
                0x000000008001847c                yOff
                0x0000000080018480                xOff
                0x0000000080018484                brickSizeX
                0x0000000080018488                brickSizeY
                0x000000008001848c                brickSpacing
                0x0000000080018490                framing
                0x0000000080018494                maxLevel
                0x0000000080018498                gridMaster
                0x000000008001854c                img_ball
                0x0000000080018b6c                img_ball_height
                0x0000000080018b6e                img_ball_width
                0x0000000080018b70                img_ball_gpu_x
 .data          0x0000000080018b80       0x10 ../third_party/psyq/lib/libetc.a(vmode.o)
 .data          0x0000000080018b90       0x20 ../third_party/psyq/lib/libetc.a(vsync.o)
                0x0000000080018ba0                Hcount
 .data          0x0000000080018bb0     0x1100 ../third_party/psyq/lib/libetc.a(intr.o)
 .data          0x0000000080019cb0       0x30 ../third_party/psyq/lib/libetc.a(intr_dma.o)
 .data          0x0000000080019ce0       0x30 ../third_party/psyq/lib/libetc.a(intr_vb.o)
                0x0000000080019d00                Vcount
 .data          0x0000000080019d10      0xb90 ../third_party/psyq/lib/libgpu.a(font.o)
                0x0000000080019d10                Font
 .data          0x000000008001a8a0      0x1a0 ../third_party/psyq/lib/libgpu.a(sys.o)
                0x000000008001a8ec                GPU_printf
                0x000000008001a8f0                GEnv
                0x000000008001aa18                _qin
                0x000000008001aa1c                _qout
 .data          0x000000008001aa40       0x10 ../third_party/psyq/lib/libgte.a(msc00.o)
 .data          0x000000008001aa50     0x4000 ../third_party/psyq/lib/libgte.a(cstbl.o)
                0x000000008001aa50                rcossin_tbl
 .data          0x000000008001ea50       0x10 ../third_party/psyq/lib/libapi.a(pad.o)
 *(.data1)
 *(.got.plt)
 *(.got)
                0x000000008001f000                . = ALIGN (0x800)
 *fill*         0x000000008001ea60      0x5a0 
                0x000000008001f000                . = ALIGN (0x4)
                0x000000008001f000                __data_end = .
                0x000000008001f000                __fdata_end = .
                0x000000008001f000                . = ALIGN (0x4)
                0x000000008001f000                __bss_start = .

.sbss           0x000000008001f000     0x67e4
 *(.dynsbss)
 *(.sbss .sbss.* .gnu.linkonce.sb.*)
 *(.scommon)
 .scommon       0x000000008001f000        0xc main.o
                0x000000008001f000                ballX
                0x000000008001f004                cachedPadValue
                0x000000008001f008                ballY
 .scommon       0x000000008001f00c        0xa basics.o
                0x000000008001f00c                SCREEN_WIDTH
                0x000000008001f010                SCREEN_HEIGHT
                0x000000008001f014                currentBuffer
 *(.dynbss)
 *(.bss .bss.* .gnu.linkonce.b.*)
 *fill*         0x000000008001f016        0xa 
 .bss           0x000000008001f020       0x20 main.o
                0x000000008001f020                bricksLeft
                0x000000008001f024                bricksCounter
                0x000000008001f028                ballR
                0x000000008001f02c                motion
                0x000000008001f030                gameWon
                0x000000008001f034                playerX
                0x000000008001f038                level
                0x000000008001f03c                img_ball_gpu_y
 .bss           0x000000008001f040       0x14 ../third_party/psyq/lib/libetc.a(pad.o)
                0x000000008001f050                PadIdentifier
 *fill*         0x000000008001f054        0x4 
 .bss           0x000000008001f058     0x4410 ../third_party/psyq/lib/libgpu.a(font.o)
 .bss           0x0000000080023468     0x1850 ../third_party/psyq/lib/libgpu.a(sys.o)
                0x00000000800234b8                _que
 .bss           0x0000000080024cb8       0x54 ../third_party/psyq/lib/libgs.a(global.o)
                0x0000000080024cb8                GsOUT_PACKET_P
                0x0000000080024cc0                GsMATE_C
                0x0000000080024cc8                GsLMODE
                0x0000000080024cd0                GsLIGNR
                0x0000000080024cd8                GsLIOFF
                0x0000000080024ce0                GsZOVER
                0x0000000080024ce8                GsBACKC
                0x0000000080024cf0                GsNDIV
                0x0000000080024cf8                GsTRATE
                0x0000000080024d00                GsTON
                0x0000000080024d08                GsDISPON
 *fill*         0x0000000080024d0c        0x4 
 .bss           0x0000000080024d10       0xea ../third_party/psyq/lib/libgs.a(gs_001.o)
                0x0000000080024d30                PSDIDX
                0x0000000080024d38                GsDRAWENV
                0x0000000080024d98                GsDISPENV
                0x0000000080024db0                PSDGPU
                0x0000000080024db8                PSDBASEX
                0x0000000080024dc0                PSDBASEY
                0x0000000080024dc8                POSITION
                0x0000000080024dd0                CLIP2
                0x0000000080024dd8                PSDCNT
                0x0000000080024de0                PSDOFSX
                0x0000000080024de8                PSDOFSY
                0x0000000080024df0                GsORGOFSX
                0x0000000080024df8                GsORGOFSY
 *fill*         0x0000000080024dfa        0x6 
 .bss           0x0000000080024e00       0x24 ../third_party/psyq/lib/libgs.a(gs_104.o)
                0x0000000080024e00                HWD0
                0x0000000080024e08                VWD0
                0x0000000080024e10                GsCLIP3near
                0x0000000080024e18                GsLIGHT_MODE
                0x0000000080024e20                GsCLIP3far
 *fill*         0x0000000080024e24        0x4 
 .bss           0x0000000080024e28       0x40 ../third_party/psyq/lib/libgs.a(gs_107.o)
                0x0000000080024e28                GsLIGHTWSMATRIX
                0x0000000080024e48                _LC
 .bss           0x0000000080024e68       0x40 ../third_party/psyq/lib/libgs.a(gs_128.o)
                0x0000000080024e68                GsIDMATRIX
                0x0000000080024e88                GsIDMATRIX2
 .bss           0x0000000080024ea8       0x10 ../third_party/psyq/lib/libgte.a(patchgte.o)
 .bss           0x0000000080024eb8       0x10 ../third_party/psyq/lib/libapi.a(pad.o)
                0x0000000080024eb8                _apiPadPatch
 .bss           0x0000000080024ec8       0x10 ../third_party/psyq/lib/libapi.a(patch.o)
 .bss           0x0000000080024ed8       0x10 ../third_party/psyq/lib/libapi.a(chclrpad.o)
 *(COMMON)
 COMMON         0x0000000080024ee8      0x660 main.o
                0x0000000080024ee8                player
                0x0000000080024f3c                grid
                0x0000000080024f78                bricks
                0x0000000080025464                TrialTimer
                0x0000000080025474                ballSprite
                0x00000000800254c4                frame
                0x0000000080025518                colourList
 COMMON         0x0000000080025548      0x29c basics.o
                0x0000000080025548                GPUOutputPacket
                0x00000000800257a0                systemBackgroundColor
                0x00000000800257ac                orderingTable
                0x00000000800257d4                minorOrderingTable
                0x00000000800257e4                . = ALIGN (0x4)
                0x00000000800257e4                __bss_end = .
                0x00000000800257e4                __heap_start = .
                0x00000000800257e4                __end = .

/DISCARD/
 *(.MIPS.abiflags)
 *(.rel.iplt)
 *(.rela.iplt)
 *(.rel.plt)
 *(.rela.plt)
 *(.plt)
 *(.iplt)
 *(.note.GNU-stack)
 *(.gnu_debuglink)
 *(.gnu.lto_*)
OUTPUT(cs50x.elf elf32-tradlittlemips)

.mdebug.abi32   0x0000000000000000        0x0
 .mdebug.abi32  0x0000000000000000        0x0 main.o
 .mdebug.abi32  0x0000000000000000        0x0 basics.o
 .mdebug.abi32  0x0000000000000000        0x0 timerz.o

.comment        0x0000000000000000       0x2a
 .comment       0x0000000000000000       0x2a main.o
                                         0x2b (size before relaxing)
 .comment       0x000000000000002a       0x2b basics.o
 .comment       0x000000000000002a       0x2b timerz.o

.gnu.attributes
                0x0000000000000000       0x10
 .gnu.attributes
                0x0000000000000000       0x10 main.o
 .gnu.attributes
                0x0000000000000010       0x10 basics.o
 .gnu.attributes
                0x0000000000000020       0x10 timerz.o
 .gnu.attributes
                0x0000000000000030       0x10 ../third_party/common/crt0/crt0.o

.pdr            0x0000000000000000        0x0
 .pdr           0x0000000000000000        0x0 ../third_party/common/crt0/crt0.o

.note           0x0000000000000000     0x22e4
 .note          0x0000000000000000       0x74 ../third_party/psyq/lib/libc.a(c14.o)
 .note          0x0000000000000074       0x74 ../third_party/psyq/lib/libc.a(c42.o)
 .note          0x00000000000000e8       0x74 ../third_party/psyq/lib/libc.a(c63.o)
 .note          0x000000000000015c       0x74 ../third_party/psyq/lib/libetc.a(pad.o)
 .note          0x00000000000001d0       0x74 ../third_party/psyq/lib/libetc.a(vmode.o)
 .note          0x0000000000000244       0x74 ../third_party/psyq/lib/libetc.a(vsync.o)
 .note          0x00000000000002b8       0x74 ../third_party/psyq/lib/libetc.a(intr.o)
 .note          0x000000000000032c       0x74 ../third_party/psyq/lib/libetc.a(intr_dma.o)
 .note          0x00000000000003a0       0x74 ../third_party/psyq/lib/libetc.a(intr_vb.o)
 .note          0x0000000000000414       0x74 ../third_party/psyq/lib/libgpu.a(font.o)
 .note          0x0000000000000488       0x74 ../third_party/psyq/lib/libgpu.a(p00.o)
 .note          0x00000000000004fc       0x74 ../third_party/psyq/lib/libgpu.a(p06.o)
 .note          0x0000000000000570       0x74 ../third_party/psyq/lib/libgpu.a(p09.o)
 .note          0x00000000000005e4       0x74 ../third_party/psyq/lib/libgpu.a(p10.o)
 .note          0x0000000000000658       0x74 ../third_party/psyq/lib/libgpu.a(p20.o)
 .note          0x00000000000006cc       0x74 ../third_party/psyq/lib/libgpu.a(p26.o)
 .note          0x0000000000000740       0x74 ../third_party/psyq/lib/libgpu.a(p27.o)
 .note          0x00000000000007b4       0x74 ../third_party/psyq/lib/libgpu.a(p41.o)
 .note          0x0000000000000828       0x74 ../third_party/psyq/lib/libgpu.a(sys.o)
 .note          0x000000000000089c       0x74 ../third_party/psyq/lib/libgpu.a(e00.o)
 .note          0x0000000000000910       0x74 ../third_party/psyq/lib/libgpu.a(e02.o)
 .note          0x0000000000000984       0x74 ../third_party/psyq/lib/libgpu.a(p01.o)
 .note          0x00000000000009f8       0x74 ../third_party/psyq/lib/libgs.a(2d_sp0.o)
 .note          0x0000000000000a6c       0x74 ../third_party/psyq/lib/libgs.a(global.o)
 .note          0x0000000000000ae0       0x74 ../third_party/psyq/lib/libgs.a(gs_001.o)
 .note          0x0000000000000b54       0x74 ../third_party/psyq/lib/libgs.a(gs_0021.o)
 .note          0x0000000000000bc8       0x74 ../third_party/psyq/lib/libgs.a(gs_0022.o)
 .note          0x0000000000000c3c       0x74 ../third_party/psyq/lib/libgs.a(gs_003.o)
 .note          0x0000000000000cb0       0x74 ../third_party/psyq/lib/libgs.a(gs_010.o)
 .note          0x0000000000000d24       0x74 ../third_party/psyq/lib/libgs.a(gs_103.o)
 .note          0x0000000000000d98       0x74 ../third_party/psyq/lib/libgs.a(gs_104.o)
 .note          0x0000000000000e0c       0x74 ../third_party/psyq/lib/libgs.a(gs_107.o)
 .note          0x0000000000000e80       0x74 ../third_party/psyq/lib/libgs.a(gs_111.o)
 .note          0x0000000000000ef4       0x74 ../third_party/psyq/lib/libgs.a(gs_113.o)
 .note          0x0000000000000f68       0x74 ../third_party/psyq/lib/libgs.a(gs_121.o)
 .note          0x0000000000000fdc       0x74 ../third_party/psyq/lib/libgs.a(gs_122.o)
 .note          0x0000000000001050       0x74 ../third_party/psyq/lib/libgs.a(gs_124.o)
 .note          0x00000000000010c4       0x74 ../third_party/psyq/lib/libgs.a(gs_128.o)
 .note          0x0000000000001138       0x74 ../third_party/psyq/lib/libgs.a(2d_com1.o)
 .note          0x00000000000011ac       0x74 ../third_party/psyq/lib/libgte.a(cmb_00.o)
 .note          0x0000000000001220       0x74 ../third_party/psyq/lib/libgte.a(fgo_01.o)
 .note          0x0000000000001294       0x74 ../third_party/psyq/lib/libgte.a(msc00.o)
 .note          0x0000000000001308       0x74 ../third_party/psyq/lib/libgte.a(msc01.o)
 .note          0x000000000000137c       0x74 ../third_party/psyq/lib/libgte.a(mtx_07.o)
 .note          0x00000000000013f0       0x74 ../third_party/psyq/lib/libgte.a(mtx_08.o)
 .note          0x0000000000001464       0x74 ../third_party/psyq/lib/libgte.a(mtx_09.o)
 .note          0x00000000000014d8       0x74 ../third_party/psyq/lib/libgte.a(mtx_11.o)
 .note          0x000000000000154c       0x74 ../third_party/psyq/lib/libgte.a(mtx_12.o)
 .note          0x00000000000015c0       0x74 ../third_party/psyq/lib/libgte.a(patchgte.o)
 .note          0x0000000000001634       0x74 ../third_party/psyq/lib/libgte.a(reg09.o)
 .note          0x00000000000016a8       0x74 ../third_party/psyq/lib/libgte.a(reg11.o)
 .note          0x000000000000171c       0x74 ../third_party/psyq/lib/libgte.a(reg12.o)
 .note          0x0000000000001790       0x74 ../third_party/psyq/lib/libgte.a(sqrtbl.o)
 .note          0x0000000000001804       0x74 ../third_party/psyq/lib/libgte.a(cstbl.o)
 .note          0x0000000000001878       0x74 ../third_party/psyq/lib/libapi.a(a22.o)
 .note          0x00000000000018ec       0x74 ../third_party/psyq/lib/libapi.a(a23.o)
 .note          0x0000000000001960       0x74 ../third_party/psyq/lib/libapi.a(a24.o)
 .note          0x00000000000019d4       0x74 ../third_party/psyq/lib/libapi.a(a25.o)
 .note          0x0000000000001a48       0x74 ../third_party/psyq/lib/libapi.a(a36.o)
 .note          0x0000000000001abc       0x74 ../third_party/psyq/lib/libapi.a(a37.o)
 .note          0x0000000000001b30       0x74 ../third_party/psyq/lib/libapi.a(a91.o)
 .note          0x0000000000001ba4       0x74 ../third_party/psyq/lib/libapi.a(c114.o)
 .note          0x0000000000001c18       0x74 ../third_party/psyq/lib/libapi.a(c68.o)
 .note          0x0000000000001c8c       0x74 ../third_party/psyq/lib/libapi.a(c73.o)
 .note          0x0000000000001d00       0x74 ../third_party/psyq/lib/libapi.a(l10.o)
 .note          0x0000000000001d74       0x74 ../third_party/psyq/lib/libapi.a(pad.o)
 .note          0x0000000000001de8       0x74 ../third_party/psyq/lib/libapi.a(patch.o)
 .note          0x0000000000001e5c       0x74 ../third_party/psyq/lib/libapi.a(a18.o)
 .note          0x0000000000001ed0       0x74 ../third_party/psyq/lib/libapi.a(a19.o)
 .note          0x0000000000001f44       0x74 ../third_party/psyq/lib/libapi.a(a21.o)
 .note          0x0000000000001fb8       0x74 ../third_party/psyq/lib/libapi.a(chclrpad.o)
 .note          0x000000000000202c       0x74 ../third_party/psyq/lib/libapi.a(l02.o)
 .note          0x00000000000020a0       0x74 ../third_party/psyq/lib/libapi.a(l03.o)
 .note          0x0000000000002114       0x74 ../third_party/psyq/lib/libc.a(a63.o)
 .note          0x0000000000002188       0x74 ../third_party/psyq/lib/libc.a(c19.o)
 .note          0x00000000000021fc       0x74 ../third_party/psyq/lib/libc.a(c27.o)
 .note          0x0000000000002270       0x74 ../third_party/psyq/lib/libc.a(c43.o)

.debug_info     0x0000000000000000     0x2bcc
 .debug_info    0x0000000000000000     0x121f main.o
 .debug_info    0x000000000000121f     0x183c basics.o
 .debug_info    0x0000000000002a5b      0x14b timerz.o
 .debug_info    0x0000000000002ba6       0x26 ../third_party/common/crt0/crt0.o

.debug_abbrev   0x0000000000000000      0x79d
 .debug_abbrev  0x0000000000000000      0x2d6 main.o
 .debug_abbrev  0x00000000000002d6      0x38c basics.o
 .debug_abbrev  0x0000000000000662      0x127 timerz.o
 .debug_abbrev  0x0000000000000789       0x14 ../third_party/common/crt0/crt0.o

.debug_loc      0x0000000000000000      0xb4f
 .debug_loc     0x0000000000000000      0x1f5 main.o
 .debug_loc     0x00000000000001f5      0x838 basics.o
 .debug_loc     0x0000000000000a2d      0x122 timerz.o

.debug_aranges  0x0000000000000000      0x168
 .debug_aranges
                0x0000000000000000       0x60 main.o
 .debug_aranges
                0x0000000000000060       0xc0 basics.o
 .debug_aranges
                0x0000000000000120       0x28 timerz.o
 .debug_aranges
                0x0000000000000148       0x20 ../third_party/common/crt0/crt0.o

.debug_ranges   0x0000000000000000      0x280
 .debug_ranges  0x0000000000000000      0x1a0 main.o
 .debug_ranges  0x00000000000001a0       0xc8 basics.o
 .debug_ranges  0x0000000000000268       0x18 timerz.o

.debug_line     0x0000000000000000     0x10cc
 .debug_line    0x0000000000000000      0x849 main.o
 .debug_line    0x0000000000000849      0x737 basics.o
 .debug_line    0x0000000000000f80       0xf3 timerz.o
 .debug_line    0x0000000000001073       0x59 ../third_party/common/crt0/crt0.o

.debug_str      0x0000000000000000      0x8e3
 .debug_str     0x0000000000000000      0x63a main.o
                                        0x689 (size before relaxing)
 .debug_str     0x000000000000063a      0x26c basics.o
                                        0x6dd (size before relaxing)
 .debug_str     0x00000000000008a6        0xf timerz.o
                                        0x1d2 (size before relaxing)
 .debug_str     0x00000000000008b5       0x2e ../third_party/common/crt0/crt0.o
                                         0x3f (size before relaxing)

.debug_frame    0x0000000000000000      0x470
 .debug_frame   0x0000000000000000      0x178 main.o
 .debug_frame   0x0000000000000178      0x2ac basics.o
 .debug_frame   0x0000000000000424       0x4c timerz.o
