Archive member included to satisfy reference by file (symbol)

../third_party/psyq/lib\libc.a(c14.o)
                              main.o (abs)
../third_party/psyq/lib\libc.a(c42.o)
                              main.o (memcpy)
../third_party/psyq/lib\libc.a(c63.o)
                              main.o (printf)
../third_party/psyq/lib\libetc.a(pad.o)
                              main.o (PadRead)
../third_party/psyq/lib\libetc.a(vmode.o)
                              basics.o (GetVideoMode)
../third_party/psyq/lib\libetc.a(vsync.o)
                              basics.o (VSync)
../third_party/psyq/lib\libetc.a(intr.o)
                              ../third_party/psyq/lib\libetc.a(pad.o) (ResetCallback)
../third_party/psyq/lib\libetc.a(intr_dma.o)
                              ../third_party/psyq/lib\libetc.a(intr.o) (startIntrDMA)
../third_party/psyq/lib\libetc.a(intr_vb.o)
                              ../third_party/psyq/lib\libetc.a(vsync.o) (Vcount)
../third_party/psyq/lib\libgpu.a(font.o)
                              basics.o (FntFlush)
../third_party/psyq/lib\libgpu.a(p00.o)
                              basics.o (GetTPage)
../third_party/psyq/lib\libgpu.a(p06.o)
                              ../third_party/psyq/lib\libgpu.a(font.o) (AddPrim)
../third_party/psyq/lib\libgpu.a(p09.o)
                              ../third_party/psyq/lib\libgpu.a(font.o) (TermPrim)
../third_party/psyq/lib\libgpu.a(p10.o)
                              ../third_party/psyq/lib\libgpu.a(font.o) (SetSemiTrans)
../third_party/psyq/lib\libgpu.a(p20.o)
                              ../third_party/psyq/lib\libgpu.a(font.o) (SetSprt8)
../third_party/psyq/lib\libgpu.a(p26.o)
                              ../third_party/psyq/lib\libgpu.a(font.o) (SetTile)
../third_party/psyq/lib\libgpu.a(p27.o)
                              basics.o (SetLineF2)
../third_party/psyq/lib\libgpu.a(p41.o)
                              ../third_party/psyq/lib\libgpu.a(font.o) (SetDrawMode)
../third_party/psyq/lib\libgpu.a(sys.o)
                              basics.o (ClearImage2)
../third_party/psyq/lib\libgpu.a(e00.o)
                              ../third_party/psyq/lib\libgpu.a(font.o) (LoadTPage)
../third_party/psyq/lib\libgpu.a(e02.o)
                              ../third_party/psyq/lib\libgpu.a(font.o) (LoadClut2)
../third_party/psyq/lib\libgpu.a(p01.o)
                              ../third_party/psyq/lib\libgpu.a(e02.o) (GetClut)
../third_party/psyq/lib\libgs.a(2d_sp0.o)
                              basics.o (GsSortSprite)
../third_party/psyq/lib\libgs.a(global.o)
                              ../third_party/psyq/lib\libgs.a(2d_sp0.o) (GsOUT_PACKET_P)
../third_party/psyq/lib\libgs.a(gs_001.o)
                              ../third_party/psyq/lib\libgs.a(2d_sp0.o) (GsORGOFSY)
../third_party/psyq/lib\libgs.a(gs_0021.o)
                              basics.o (GsGetActiveBuff)
../third_party/psyq/lib\libgs.a(gs_0022.o)
                              ../third_party/psyq/lib\libgs.a(gs_001.o) (GsSetDrawBuffOffset)
../third_party/psyq/lib\libgs.a(gs_003.o)
                              ../third_party/psyq/lib\libgs.a(gs_001.o) (GsSetDrawBuffClip)
../third_party/psyq/lib\libgs.a(gs_010.o)
                              basics.o (GsSwapDispBuff)
../third_party/psyq/lib\libgs.a(gs_103.o)
                              basics.o (GsDefDispBuff)
../third_party/psyq/lib\libgs.a(gs_104.o)
                              ../third_party/psyq/lib\libgs.a(gs_001.o) (HWD0)
../third_party/psyq/lib\libgs.a(gs_107.o)
                              ../third_party/psyq/lib\libgs.a(gs_001.o) (GsLIGHTWSMATRIX)
../third_party/psyq/lib\libgs.a(gs_111.o)
                              basics.o (GsDrawOt)
../third_party/psyq/lib\libgs.a(gs_113.o)
                              basics.o (GsClearOt)
../third_party/psyq/lib\libgs.a(gs_121.o)
                              ../third_party/psyq/lib\libgs.a(gs_001.o) (gte_init)
../third_party/psyq/lib\libgs.a(gs_122.o)
                              basics.o (GsGetTimInfo)
../third_party/psyq/lib\libgs.a(gs_124.o)
                              basics.o (GsSetWorkBase)
../third_party/psyq/lib\libgs.a(gs_128.o)
                              ../third_party/psyq/lib\libgs.a(2d_sp0.o) (GsIDMATRIX)
../third_party/psyq/lib\libgs.a(2d_com1.o)
                              ../third_party/psyq/lib\libgs.a(2d_sp0.o) (_make_packet)
../third_party/psyq/lib\libgte.a(cmb_00.o)
                              ../third_party/psyq/lib\libgs.a(2d_sp0.o) (RotTransPers4)
../third_party/psyq/lib\libgte.a(fgo_01.o)
                              ../third_party/psyq/lib\libgs.a(2d_sp0.o) (RotMatrix)
../third_party/psyq/lib\libgte.a(msc00.o)
                              ../third_party/psyq/lib\libgs.a(gs_121.o) (InitGeom)
../third_party/psyq/lib\libgte.a(msc01.o)
                              ../third_party/psyq/lib\libgs.a(gs_107.o) (SquareRoot0)
../third_party/psyq/lib\libgte.a(mtx_07.o)
                              ../third_party/psyq/lib\libgs.a(2d_sp0.o) (TransMatrix)
../third_party/psyq/lib\libgte.a(mtx_08.o)
                              ../third_party/psyq/lib\libgs.a(2d_sp0.o) (ScaleMatrix)
../third_party/psyq/lib\libgte.a(mtx_09.o)
                              ../third_party/psyq/lib\libgs.a(2d_sp0.o) (SetRotMatrix)
../third_party/psyq/lib\libgte.a(mtx_11.o)
                              ../third_party/psyq/lib\libgs.a(gs_107.o) (SetColorMatrix)
../third_party/psyq/lib\libgte.a(mtx_12.o)
                              ../third_party/psyq/lib\libgs.a(2d_sp0.o) (SetTransMatrix)
../third_party/psyq/lib\libgte.a(patchgte.o)
                              ../third_party/psyq/lib\libgte.a(msc00.o) (_patch_gte)
../third_party/psyq/lib\libgte.a(reg09.o)
                              ../third_party/psyq/lib\libgs.a(2d_sp0.o) (ReadGeomScreen)
../third_party/psyq/lib\libgte.a(reg11.o)
                              ../third_party/psyq/lib\libgs.a(gs_121.o) (SetFarColor)
../third_party/psyq/lib\libgte.a(reg12.o)
                              ../third_party/psyq/lib\libgs.a(gs_0022.o) (SetGeomOffset)
../third_party/psyq/lib\libgte.a(sqrtbl.o)
                              ../third_party/psyq/lib\libgte.a(msc01.o) (SQRT)
../third_party/psyq/lib\libgte.a(cstbl.o)
                              ../third_party/psyq/lib\libgte.a(fgo_01.o) (rcossin_tbl)
../third_party/psyq/lib\libapi.a(a22.o)
                              ../third_party/psyq/lib\libetc.a(pad.o) (PAD_dr)
../third_party/psyq/lib\libapi.a(a23.o)
                              ../third_party/psyq/lib\libetc.a(intr.o) (ReturnFromException)
../third_party/psyq/lib\libapi.a(a24.o)
                              ../third_party/psyq/lib\libetc.a(intr.o) (ResetEntryInt)
../third_party/psyq/lib\libapi.a(a25.o)
                              ../third_party/psyq/lib\libetc.a(intr.o) (HookEntryInt)
../third_party/psyq/lib\libapi.a(a36.o)
                              ../third_party/psyq/lib\libetc.a(intr.o) (EnterCriticalSection)
../third_party/psyq/lib\libapi.a(a37.o)
                              ../third_party/psyq/lib\libetc.a(intr.o) (ExitCriticalSection)
../third_party/psyq/lib\libapi.a(a91.o)
                              ../third_party/psyq/lib\libetc.a(pad.o) (ChangeClearPAD)
../third_party/psyq/lib\libapi.a(c114.o)
                              ../third_party/psyq/lib\libetc.a(intr.o) (_96_remove)
../third_party/psyq/lib\libapi.a(c68.o)
                              ../third_party/psyq/lib\libgte.a(patchgte.o) (FlushCache)
../third_party/psyq/lib\libapi.a(c73.o)
                              ../third_party/psyq/lib\libgpu.a(sys.o) (GPU_cw)
../third_party/psyq/lib\libapi.a(l10.o)
                              ../third_party/psyq/lib\libetc.a(vsync.o) (ChangeClearRCnt)
../third_party/psyq/lib\libapi.a(pad.o)
                              ../third_party/psyq/lib\libetc.a(pad.o) (PAD_init)
../third_party/psyq/lib\libapi.a(patch.o)
                              ../third_party/psyq/lib\libapi.a(pad.o) (_patch_pad)
../third_party/psyq/lib\libapi.a(a18.o)
                              ../third_party/psyq/lib\libapi.a(pad.o) (InitPAD2)
../third_party/psyq/lib\libapi.a(a19.o)
                              ../third_party/psyq/lib\libapi.a(pad.o) (StartPAD2)
../third_party/psyq/lib\libapi.a(a21.o)
                              ../third_party/psyq/lib\libapi.a(pad.o) (PAD_init2)
../third_party/psyq/lib\libapi.a(chclrpad.o)
                              ../third_party/psyq/lib\libapi.a(pad.o) (_remove_ChgclrPAD)
../third_party/psyq/lib\libapi.a(l02.o)
                              ../third_party/psyq/lib\libapi.a(pad.o) (SysEnqIntRP)
../third_party/psyq/lib\libapi.a(l03.o)
                              ../third_party/psyq/lib\libapi.a(pad.o) (SysDeqIntRP)
../third_party/psyq/lib\libc.a(a63.o)
                              ../third_party/psyq/lib\libetc.a(vsync.o) (puts)
../third_party/psyq/lib\libc.a(c19.o)
                              ../third_party/psyq/lib\libetc.a(intr.o) (setjmp)
../third_party/psyq/lib\libc.a(c27.o)
                              ../third_party/psyq/lib\libgpu.a(font.o) (strlen)
../third_party/psyq/lib\libc.a(c43.o)
                              ../third_party/psyq/lib\libgpu.a(font.o) (memset)

Discarded input sections

 .text          0x0000000000000000        0x0 main.o
 .MIPS.abiflags
                0x0000000000000000       0x18 main.o
 .pdr           0x0000000000000000      0x140 main.o
 .text.drawWon  0x0000000000000000        0x8 main.o
 .text          0x0000000000000000        0x0 basics.o
 .data          0x0000000000000000        0x0 basics.o
 .reginfo       0x0000000000000000       0x18 basics.o
 .MIPS.abiflags
                0x0000000000000000       0x18 basics.o
 .pdr           0x0000000000000000      0x2c0 basics.o
 .text.moveLine
                0x0000000000000000       0x50 basics.o
 .text.transposeBox
                0x0000000000000000       0x34 basics.o
 .text.drawLine
                0x0000000000000000       0x30 basics.o
 .text          0x0000000000000000        0x0 timerz.o
 .data          0x0000000000000000        0x0 timerz.o
 .bss           0x0000000000000000        0x0 timerz.o
 .reginfo       0x0000000000000000       0x18 timerz.o
 .MIPS.abiflags
                0x0000000000000000       0x18 timerz.o
 .pdr           0x0000000000000000       0x40 timerz.o
 .text          0x0000000000000000        0x0 ../third_party/common/syscalls/printf.o
 .data          0x0000000000000000        0x0 ../third_party/common/syscalls/printf.o
 .bss           0x0000000000000000        0x0 ../third_party/common/syscalls/printf.o
 .reginfo       0x0000000000000000       0x18 ../third_party/common/syscalls/printf.o
 .MIPS.abiflags
                0x0000000000000000       0x18 ../third_party/common/syscalls/printf.o
 .pdr           0x0000000000000000        0x0 ../third_party/common/syscalls/printf.o
 .ramtext       0x0000000000000000        0xc ../third_party/common/syscalls/printf.o
 .debug_line    0x0000000000000000       0x59 ../third_party/common/syscalls/printf.o
 .debug_info    0x0000000000000000       0x26 ../third_party/common/syscalls/printf.o
 .debug_abbrev  0x0000000000000000       0x14 ../third_party/common/syscalls/printf.o
 .debug_aranges
                0x0000000000000000       0x20 ../third_party/common/syscalls/printf.o
 .debug_str     0x0000000000000000       0x43 ../third_party/common/syscalls/printf.o
 .gnu.attributes
                0x0000000000000000       0x10 ../third_party/common/syscalls/printf.o
 .text          0x0000000000000000        0x0 ../third_party/common/crt0/crt0.o
 .data          0x0000000000000000        0x0 ../third_party/common/crt0/crt0.o
 .bss           0x0000000000000000        0x0 ../third_party/common/crt0/crt0.o
 .reginfo       0x0000000000000000       0x18 ../third_party/common/crt0/crt0.o
 .MIPS.abiflags
                0x0000000000000000       0x18 ../third_party/common/crt0/crt0.o
 .data          0x0000000000000000       0x10 ../third_party/psyq/lib\libgs.a(global.o)
 .data          0x0000000000000000       0x10 ../third_party/psyq/lib\libgs.a(gs_001.o)
 .text          0x0000000000000000       0x80 ../third_party/psyq/lib\libgs.a(gs_104.o)
 .text          0x0000000000000000      0x570 ../third_party/psyq/lib\libgs.a(gs_107.o)
 .text          0x0000000000000000       0x90 ../third_party/psyq/lib\libgte.a(msc01.o)
 .text          0x0000000000000000       0x30 ../third_party/psyq/lib\libgte.a(mtx_11.o)
 .data          0x0000000000000000      0x180 ../third_party/psyq/lib\libgte.a(sqrtbl.o)

Memory Configuration

Name             Origin             Length             Attributes
loader           0x000000008000f800 0x0000000000000800
ram              0x0000000080010000 0x00000000001f0000 xrw
dcache           0x000000001f800000 0x0000000000000400
*default*        0x0000000000000000 0xffffffffffffffff

Linker script and memory map

LOAD main.o
LOAD basics.o
LOAD timerz.o
LOAD ../third_party/common/syscalls/printf.o
LOAD ../third_party/common/crt0/crt0.o
START GROUP
LOAD ../third_party/psyq/lib\libapi.a
LOAD ../third_party/psyq/lib\libc.a
LOAD ../third_party/psyq/lib\libc2.a
LOAD ../third_party/psyq/lib\libcard.a
LOAD ../third_party/psyq/lib\libcomb.a
LOAD ../third_party/psyq/lib\libds.a
LOAD ../third_party/psyq/lib\libetc.a
LOAD ../third_party/psyq/lib\libgpu.a
LOAD ../third_party/psyq/lib\libgs.a
LOAD ../third_party/psyq/lib\libgte.a
LOAD ../third_party/psyq/lib\libgpu.a
LOAD ../third_party/psyq/lib\libgun.a
LOAD ../third_party/psyq/lib\libhmd.a
LOAD ../third_party/psyq/lib\libmath.a
LOAD ../third_party/psyq/lib\libmcrd.a
LOAD ../third_party/psyq/lib\libmcx.a
LOAD ../third_party/psyq/lib\libpad.a
LOAD ../third_party/psyq/lib\libpress.a
LOAD ../third_party/psyq/lib\libsio.a
LOAD ../third_party/psyq/lib\libsnd.a
LOAD ../third_party/psyq/lib\libspu.a
LOAD ../third_party/psyq/lib\libtap.a
END GROUP
                0x0000000080029888                __heap_base = __bss_end
                0x0000000080010000                TLOAD_ADDR = DEFINED (TLOAD_ADDR)?TLOAD_ADDR:0x80010000
                0x0000000080200000                __ram_top = (ORIGIN (ram) + LENGTH (ram))
                0x00000000801fff00                __sp = (__ram_top - 0x100)
                0x000000001f800000                __dcache = ORIGIN (dcache)
                0x000000001f800400                __dcache_top = (ORIGIN (dcache) + LENGTH (dcache))
                0x0000000000006888                __bss_len = (__bss_end - __bss_start)
                0x0000000000008280                __ftext_len = (__ftext_end - __ftext_start)
                0x000000000000ad80                __fdata_len = (__fdata_end - __fdata_start)
                0x0000000080200000                __stack_start = (ORIGIN (ram) + LENGTH (ram))

.PSX_EXE_Header
                0x000000008000f800      0x800
                0x000000008000f800        0x1 BYTE 0x50
                0x000000008000f801        0x1 BYTE 0x53
                0x000000008000f802        0x1 BYTE 0x2d
                0x000000008000f803        0x1 BYTE 0x58
                0x000000008000f804        0x1 BYTE 0x20
                0x000000008000f805        0x1 BYTE 0x45
                0x000000008000f806        0x1 BYTE 0x58
                0x000000008000f807        0x1 BYTE 0x45
                0x000000008000f808        0x4 LONG 0x0
                0x000000008000f80c        0x4 LONG 0x0
                0x000000008000f810        0x4 LONG 0x80010000 ABSOLUTE (_start)
                0x000000008000f814        0x4 LONG 0x0
                0x000000008000f818        0x4 LONG 0x80010000 TLOAD_ADDR
                0x000000008000f81c        0x4 LONG 0x13000 (__ftext_len + __fdata_len)
                0x000000008000f820        0x4 LONG 0x0
                0x000000008000f824        0x4 LONG 0x0
                0x000000008000f828        0x4 LONG 0x0
                0x000000008000f82c        0x4 LONG 0x0
                0x000000008000f830        0x4 LONG 0x801fff00 DEFINED (_sp)?ABSOLUTE (_sp):0x801fff00
                0x000000008000f834        0x4 LONG 0x0
                0x0000000080010000                . = (. + 0x7c8)
 *fill*         0x000000008000f838      0x7c8 
                0x0000000080010000                __ftext_start = ABSOLUTE (.)

.text           0x0000000080010000     0x8280
 *(.start)
 .start         0x0000000080010000       0x64 ../third_party/common/crt0/crt0.o
                0x0000000080010000                _start
 *(.init)
 *(SORT_NONE(.fini))
 *(.text.unlikely .text.*_unlikely .text.unlikely.*)
 *(.text.exit .text.exit.*)
 *(.text.startup .text.startup.*)
 .text.startup.main
                0x0000000080010064       0xe4 main.o
                0x0000000080010064                main
 *(.text.hot .text.hot.*)
 *(.text .stub .text.* .gnu.linkonce.t.*)
 .text.initialiseScene
                0x0000000080010148      0x124 main.o
                0x0000000080010148                initialiseScene
 .text.updateControls
                0x000000008001026c      0x148 main.o
                0x000000008001026c                updateControls
 .text.initialiseLevel
                0x00000000800103b4       0x5c main.o
                0x00000000800103b4                initialiseLevel
 .text.initialize
                0x0000000080010410      0x2cc main.o
                0x0000000080010410                initialize
 .text.initialiseGame
                0x00000000800106dc       0x38 main.o
                0x00000000800106dc                initialiseGame
 .text.drawGameOver
                0x0000000080010714       0x1c main.o
                0x0000000080010714                drawGameOver
 .text.ballMotion
                0x0000000080010730      0x588 main.o
                0x0000000080010730                ballMotion
 .text.draw     0x0000000080010cb8      0x548 main.o
                0x0000000080010cb8                draw
 .text.setScreenMode.part.0
                0x0000000080011200       0x64 basics.o
 .text.createImage
                0x0000000080011264      0x17c basics.o
                0x0000000080011264                createImage
 .text.moveImage
                0x00000000800113e0       0x44 basics.o
                0x00000000800113e0                moveImage
 .text.scaleImage
                0x0000000080011424       0x74 basics.o
                0x0000000080011424                scaleImage
 .text.rotImage
                0x0000000080011498       0x40 basics.o
                0x0000000080011498                rotImage
 .text.drawImage
                0x00000000800114d8       0x60 basics.o
                0x00000000800114d8                drawImage
 .text.createColor
                0x0000000080011538       0x14 basics.o
                0x0000000080011538                createColor
 .text.createLine
                0x000000008001154c       0x8c basics.o
                0x000000008001154c                createLine
 .text.createBox
                0x00000000800115d8      0x12c basics.o
                0x00000000800115d8                createBox
 .text.moveBox  0x0000000080011704      0x198 basics.o
                0x0000000080011704                moveBox
 .text.drawBox  0x000000008001189c       0x48 basics.o
                0x000000008001189c                drawBox
 .text.setScreenMode
                0x00000000800118e4       0x70 basics.o
                0x00000000800118e4                setScreenMode
 .text.setBackgroundColor
                0x0000000080011954       0x24 basics.o
                0x0000000080011954                setBackgroundColor
 .text.initializeDebugFont
                0x0000000080011978       0x44 basics.o
                0x0000000080011978                initializeDebugFont
 .text.initializeOrderingTable
                0x00000000800119bc       0x90 basics.o
                0x00000000800119bc                initializeOrderingTable
 .text.display  0x0000000080011a4c       0x90 basics.o
                0x0000000080011a4c                display
 .text.clearDisplay
                0x0000000080011adc       0x74 basics.o
                0x0000000080011adc                clearDisplay
 .text.clearVRAM
                0x0000000080011b50       0x4c basics.o
                0x0000000080011b50                clearVRAM
 .text.initializeScreen
                0x0000000080011b9c       0xac basics.o
                0x0000000080011b9c                initializeScreen
 .text.createTimer
                0x0000000080011c48       0x44 timerz.o
                0x0000000080011c48                createTimer
 .text.incTimer
                0x0000000080011c8c       0x5c timerz.o
                0x0000000080011c8c                incTimer
 .text          0x0000000080011ce8       0x10 ../third_party/psyq/lib\libc.a(c14.o)
                0x0000000080011ce8                abs
 .text          0x0000000080011cf8       0x10 ../third_party/psyq/lib\libc.a(c42.o)
                0x0000000080011cf8                memcpy
 .text          0x0000000080011d08       0x10 ../third_party/psyq/lib\libc.a(c63.o)
                0x0000000080011d08                printf
 .text          0x0000000080011d18       0x80 ../third_party/psyq/lib\libetc.a(pad.o)
                0x0000000080011d18                PadInit
                0x0000000080011d64                PadRead
 .text          0x0000000080011d98       0x30 ../third_party/psyq/lib\libetc.a(vmode.o)
                0x0000000080011d98                SetVideoMode
                0x0000000080011dac                GetVideoMode
 .text          0x0000000080011dc8      0x210 ../third_party/psyq/lib\libetc.a(vsync.o)
                0x0000000080011dc8                VSync
 .text          0x0000000080011fd8      0x6c0 ../third_party/psyq/lib\libetc.a(intr.o)
                0x0000000080011fd8                ResetCallback
                0x0000000080012008                InterruptCallback
                0x0000000080012038                DMACallback
                0x0000000080012068                VSyncCallback
                0x000000008001209c                VSyncCallbacks
                0x00000000800120cc                StopCallback
                0x00000000800120fc                RestartCallback
                0x000000008001212c                CheckCallback
                0x000000008001213c                GetIntrMask
                0x0000000080012154                SetIntrMask
 .text          0x0000000080012698      0x2a0 ../third_party/psyq/lib\libetc.a(intr_dma.o)
                0x0000000080012698                startIntrDMA
 .text          0x0000000080012938      0x120 ../third_party/psyq/lib\libetc.a(intr_vb.o)
                0x0000000080012938                startIntrVSync
 .text          0x0000000080012a58      0xa80 ../third_party/psyq/lib\libgpu.a(font.o)
                0x0000000080012a58                SetDumpFnt
                0x0000000080012a98                FntLoad
                0x0000000080012b38                FntOpen
                0x0000000080012df4                FntFlush
                0x0000000080013110                FntPrint
 .text          0x00000000800134d8       0x40 ../third_party/psyq/lib\libgpu.a(p00.o)
                0x00000000800134d8                GetTPage
 .text          0x0000000080013518       0x40 ../third_party/psyq/lib\libgpu.a(p06.o)
                0x0000000080013518                AddPrim
 .text          0x0000000080013558       0x20 ../third_party/psyq/lib\libgpu.a(p09.o)
                0x0000000080013558                TermPrim
 .text          0x0000000080013578       0x30 ../third_party/psyq/lib\libgpu.a(p10.o)
                0x0000000080013578                SetSemiTrans
 .text          0x00000000800135a8       0x20 ../third_party/psyq/lib\libgpu.a(p20.o)
                0x00000000800135a8                SetSprt8
 .text          0x00000000800135c8       0x20 ../third_party/psyq/lib\libgpu.a(p26.o)
                0x00000000800135c8                SetTile
 .text          0x00000000800135e8       0x20 ../third_party/psyq/lib\libgpu.a(p27.o)
                0x00000000800135e8                SetLineF2
 .text          0x0000000080013608       0xa0 ../third_party/psyq/lib\libgpu.a(p41.o)
                0x0000000080013608                SetDrawMode
 .text          0x00000000800136a8     0x2f00 ../third_party/psyq/lib\libgpu.a(sys.o)
                0x00000000800136a8                ResetGraph
                0x000000008001381c                SetGraphDebug
                0x0000000080013878                SetGraphQueue
                0x000000008001391c                GetGraphDebug
                0x000000008001392c                DrawSyncCallback
                0x000000008001398c                SetDispMask
                0x0000000080013a24                DrawSync
                0x0000000080013ba8                ClearImage
                0x0000000080013c38                ClearImage2
                0x0000000080013cd0                LoadImage
                0x0000000080013d30                StoreImage
                0x0000000080013d90                MoveImage
                0x0000000080013e48                ClearOTag
                0x0000000080013f10                ClearOTagR
                0x0000000080013fbc                DrawPrim
                0x0000000080014018                DrawOTag
                0x0000000080014088                PutDrawEnv
                0x0000000080014148                DrawOTagEnv
                0x0000000080014220                GetDrawEnv
                0x0000000080014254                PutDispEnv
                0x000000008001474c                GetDispEnv
                0x0000000080014780                GetODE
                0x00000000800147b0                SetDrawArea
                0x0000000080014830                SetDrawOffset
                0x0000000080014870                SetDrawEnv
                0x0000000080016140                LoadImage2
                0x000000008001622c                StoreImage2
                0x0000000080016318                MoveImage2
                0x000000008001645c                DrawOTag2
                0x0000000080016558                _GPU_ResetCallback
 .text          0x00000000800165a8       0xf0 ../third_party/psyq/lib\libgpu.a(e00.o)
                0x00000000800165a8                LoadTPage
 .text          0x0000000080016698       0x70 ../third_party/psyq/lib\libgpu.a(e02.o)
                0x0000000080016698                LoadClut2
 .text          0x0000000080016708       0x20 ../third_party/psyq/lib\libgpu.a(p01.o)
                0x0000000080016708                GetClut
 .text          0x0000000080016728      0x500 ../third_party/psyq/lib\libgs.a(2d_sp0.o)
                0x0000000080016728                GsSortSprite
 .text          0x0000000080016c28      0x550 ../third_party/psyq/lib\libgs.a(gs_001.o)
                0x0000000080016c28                GsInitGraph
                0x0000000080016db8                GsInitGraph2
                0x0000000080017040                GsSortClear
 .text          0x0000000080017178       0x10 ../third_party/psyq/lib\libgs.a(gs_0021.o)
                0x0000000080017178                GsGetActiveBuff
 .text          0x0000000080017188      0x110 ../third_party/psyq/lib\libgs.a(gs_0022.o)
                0x0000000080017188                GsSetDrawBuffOffset
 .text          0x0000000080017298       0x80 ../third_party/psyq/lib\libgs.a(gs_003.o)
                0x0000000080017298                GsSetDrawBuffClip
 .text          0x0000000080017318       0xb0 ../third_party/psyq/lib\libgs.a(gs_010.o)
                0x0000000080017318                GsSwapDispBuff
 .text          0x00000000800173c8       0xa0 ../third_party/psyq/lib\libgs.a(gs_103.o)
                0x00000000800173c8                GsDefDispBuff
 .text          0x0000000080017468       0x30 ../third_party/psyq/lib\libgs.a(gs_111.o)
                0x0000000080017468                GsDrawOt
 .text          0x0000000080017498       0x60 ../third_party/psyq/lib\libgs.a(gs_113.o)
                0x0000000080017498                GsClearOt
 .text          0x00000000800174f8       0x50 ../third_party/psyq/lib\libgs.a(gs_121.o)
                0x00000000800174f8                gte_init
 .text          0x0000000080017548       0xf0 ../third_party/psyq/lib\libgs.a(gs_122.o)
                0x0000000080017548                GsGetTimInfo
 .text          0x0000000080017638       0x10 ../third_party/psyq/lib\libgs.a(gs_124.o)
                0x0000000080017638                GsSetWorkBase
 .text          0x0000000080017648       0xa0 ../third_party/psyq/lib\libgs.a(2d_com1.o)
                0x0000000080017648                _make_packet
 .text          0x00000000800176e8       0x80 ../third_party/psyq/lib\libgte.a(cmb_00.o)
                0x00000000800176e8                RotTransPers4
 .text          0x0000000080017768      0x290 ../third_party/psyq/lib\libgte.a(fgo_01.o)
                0x0000000080017768                RotMatrix
 .text          0x00000000800179f8       0x90 ../third_party/psyq/lib\libgte.a(msc00.o)
                0x0000000080017a00                InitGeom
 .text          0x0000000080017a88       0x30 ../third_party/psyq/lib\libgte.a(mtx_07.o)
                0x0000000080017a88                TransMatrix
 .text          0x0000000080017ab8      0x140 ../third_party/psyq/lib\libgte.a(mtx_08.o)
                0x0000000080017ab8                ScaleMatrix
 .text          0x0000000080017bf8       0x30 ../third_party/psyq/lib\libgte.a(mtx_09.o)
                0x0000000080017bf8                SetRotMatrix
 .text          0x0000000080017c28       0x20 ../third_party/psyq/lib\libgte.a(mtx_12.o)
                0x0000000080017c28                SetTransMatrix
 .text          0x0000000080017c48       0xe0 ../third_party/psyq/lib\libgte.a(patchgte.o)
                0x0000000080017c48                _patch_gte
 .text          0x0000000080017d28       0x10 ../third_party/psyq/lib\libgte.a(reg09.o)
                0x0000000080017d28                ReadGeomScreen
 .text          0x0000000080017d38       0x20 ../third_party/psyq/lib\libgte.a(reg11.o)
                0x0000000080017d38                SetFarColor
 .text          0x0000000080017d58       0x20 ../third_party/psyq/lib\libgte.a(reg12.o)
                0x0000000080017d58                SetGeomOffset
 .text          0x0000000080017d78       0x10 ../third_party/psyq/lib\libapi.a(a22.o)
                0x0000000080017d78                PAD_dr
 .text          0x0000000080017d88       0x10 ../third_party/psyq/lib\libapi.a(a23.o)
                0x0000000080017d88                ReturnFromException
 .text          0x0000000080017d98       0x10 ../third_party/psyq/lib\libapi.a(a24.o)
                0x0000000080017d98                ResetEntryInt
 .text          0x0000000080017da8       0x10 ../third_party/psyq/lib\libapi.a(a25.o)
                0x0000000080017da8                HookEntryInt
 .text          0x0000000080017db8       0x10 ../third_party/psyq/lib\libapi.a(a36.o)
                0x0000000080017db8                EnterCriticalSection
 .text          0x0000000080017dc8       0x10 ../third_party/psyq/lib\libapi.a(a37.o)
                0x0000000080017dc8                ExitCriticalSection
 .text          0x0000000080017dd8       0x10 ../third_party/psyq/lib\libapi.a(a91.o)
                0x0000000080017dd8                ChangeClearPAD
 .text          0x0000000080017de8       0x20 ../third_party/psyq/lib\libapi.a(c114.o)
                0x0000000080017df0                _96_remove
 .text          0x0000000080017e08       0x10 ../third_party/psyq/lib\libapi.a(c68.o)
                0x0000000080017e08                FlushCache
 .text          0x0000000080017e18       0x10 ../third_party/psyq/lib\libapi.a(c73.o)
                0x0000000080017e18                GPU_cw
 .text          0x0000000080017e28       0x10 ../third_party/psyq/lib\libapi.a(l10.o)
                0x0000000080017e28                ChangeClearRCnt
 .text          0x0000000080017e38      0x290 ../third_party/psyq/lib\libapi.a(pad.o)
                0x0000000080017e38                SetInitPadFlag
                0x0000000080017e44                ReadInitPadFlag
                0x0000000080017e54                PAD_init
                0x0000000080017ee4                InitPAD
                0x0000000080017f74                StartPAD
 .text          0x00000000800180c8       0xa0 ../third_party/psyq/lib\libapi.a(patch.o)
                0x00000000800180c8                EnablePAD
                0x00000000800180dc                DisablePAD
                0x00000000800180f0                _patch_pad
 .text          0x0000000080018168       0x10 ../third_party/psyq/lib\libapi.a(a18.o)
                0x0000000080018168                InitPAD2
 .text          0x0000000080018178       0x10 ../third_party/psyq/lib\libapi.a(a19.o)
                0x0000000080018178                StartPAD2
 .text          0x0000000080018188       0x10 ../third_party/psyq/lib\libapi.a(a21.o)
                0x0000000080018188                PAD_init2
 .text          0x0000000080018198       0x70 ../third_party/psyq/lib\libapi.a(chclrpad.o)
                0x0000000080018198                _remove_ChgclrPAD
 .text          0x0000000080018208       0x10 ../third_party/psyq/lib\libapi.a(l02.o)
                0x0000000080018208                SysEnqIntRP
 .text          0x0000000080018218       0x10 ../third_party/psyq/lib\libapi.a(l03.o)
                0x0000000080018218                SysDeqIntRP
 .text          0x0000000080018228       0x20 ../third_party/psyq/lib\libc.a(a63.o)
                0x0000000080018230                puts
 .text          0x0000000080018248       0x10 ../third_party/psyq/lib\libc.a(c19.o)
                0x0000000080018248                setjmp
 .text          0x0000000080018258       0x10 ../third_party/psyq/lib\libc.a(c27.o)
                0x0000000080018258                strlen
 .text          0x0000000080018268       0x10 ../third_party/psyq/lib\libc.a(c43.o)
                0x0000000080018268                memset
                0x0000000080018280                . = ALIGN (0x10)
 *fill*         0x0000000080018278        0x8 
 *(.init)
                0x0000000080018280                . = ALIGN (0x10)
 *(.fini)
                0x0000000080018280                . = ALIGN (0x10)
                0x0000000080018280                __text_end = .
                0x0000000080018280                __ftext_end = ABSOLUTE (.)
                0x0000000080018280                __fdata_start = ABSOLUTE (.)

.rodata         0x0000000080018280      0x510
 *(.rodata .rodata.* .rdata .rdata.* .gnu.linkonce.r.*)
 .rodata.str1.4
                0x0000000080018280       0x40 main.o
 .rodata.str1.4
                0x00000000800182c0      0x11c basics.o
 .rodata        0x00000000800183dc       0x10 ../third_party/common/crt0/crt0.o
 *fill*         0x00000000800183ec        0x4 
 .rdata         0x00000000800183f0       0x10 ../third_party/psyq/lib\libetc.a(vsync.o)
 .rdata         0x0000000080018400       0x70 ../third_party/psyq/lib\libetc.a(intr.o)
 .rdata         0x0000000080018470       0x30 ../third_party/psyq/lib\libetc.a(intr_dma.o)
 .rdata         0x00000000800184a0       0xa0 ../third_party/psyq/lib\libgpu.a(font.o)
 .rdata         0x0000000080018540      0x220 ../third_party/psyq/lib\libgpu.a(sys.o)
 .rdata         0x0000000080018760       0x30 ../third_party/psyq/lib\libgs.a(2d_com1.o)
                0x0000000080018790                . = ALIGN (0x10)
                0x0000000080018790                __preinit_array_start = .
 *(.preinit_array)
                0x0000000080018790                __preinit_array_end = .
                0x0000000080018790                . = ALIGN (0x10)
                0x0000000080018790                __init_array_start = .
 *(SORT_BY_NAME(.init_array.*))
 *(.init_array)
                0x0000000080018790                . = ALIGN (0x10)
 *crtbegin.o(.ctors)
 *(EXCLUDE_FILE(*crtend.o) .ctors)
 *(SORT_BY_NAME(.ctors.*))
 *crtend.o(.ctors)
                0x0000000080018790                __init_array_end = .
                0x0000000080018790                . = ALIGN (0x10)
                0x0000000080018790                __fini_array_start = .
 *(.fini_array)
 *(SORT_BY_NAME(.fini_array.*))
 *crtbegin.o(.dtors)
 *(EXCLUDE_FILE(*crtend.o) .dtors)
 *(SORT_BY_NAME(.dtors.*))
 *crtend.o(.dtors)
                0x0000000080018790                __fini_array_end = .
                0x0000000080018790                __build_id = .
 *(.note.gnu.build-id)
                0x0000000080018790                __build_id_end = .

.rel.dyn        0x0000000080018790        0x0
 .rel.dyn       0x0000000080018790        0x0 ../third_party/psyq/lib\libgpu.a(sys.o)

.rodata1
 *(.rodata1)
                0x0000000080018790                __data_start = .

.data           0x0000000080018790     0xa870
 *(.a0table)
 *(.data .data.* .gnu.linkonce.d.*)
 .data          0x0000000080018790     0x4788 main.o
                0x0000000080018790                gridMaster
                0x0000000080018844                img_wall1
                0x000000008001c4e4                img_playerBar
                0x000000008001c8f8                img_ball
 .data          0x000000008001cf18       0x10 ../third_party/psyq/lib\libetc.a(vmode.o)
 .data          0x000000008001cf28       0x20 ../third_party/psyq/lib\libetc.a(vsync.o)
                0x000000008001cf38                Hcount
 .data          0x000000008001cf48     0x1100 ../third_party/psyq/lib\libetc.a(intr.o)
 .data          0x000000008001e048       0x30 ../third_party/psyq/lib\libetc.a(intr_dma.o)
 .data          0x000000008001e078       0x30 ../third_party/psyq/lib\libetc.a(intr_vb.o)
                0x000000008001e098                Vcount
 .data          0x000000008001e0a8      0xb90 ../third_party/psyq/lib\libgpu.a(font.o)
                0x000000008001e0a8                Font
 .data          0x000000008001ec38      0x1a0 ../third_party/psyq/lib\libgpu.a(sys.o)
                0x000000008001ec84                GPU_printf
                0x000000008001ec88                GEnv
                0x000000008001edb0                _qin
                0x000000008001edb4                _qout
 .data          0x000000008001edd8       0x10 ../third_party/psyq/lib\libgte.a(msc00.o)
 .data          0x000000008001ede8     0x4000 ../third_party/psyq/lib\libgte.a(cstbl.o)
                0x000000008001ede8                rcossin_tbl
 .data          0x0000000080022de8       0x10 ../third_party/psyq/lib\libapi.a(pad.o)
 *(.data1)
 *(.sdata .sdata.* .gnu.linkonce.s.*)
 .sdata         0x0000000080022df8       0x4a main.o
                0x0000000080022df8                hit
                0x0000000080022dfc                ballRad
                0x0000000080022e00                velY
                0x0000000080022e04                velX
                0x0000000080022e08                lives
                0x0000000080022e0c                playerY
                0x0000000080022e10                playerSize
                0x0000000080022e14                yOff
                0x0000000080022e18                xOff
                0x0000000080022e1c                brickSizeX
                0x0000000080022e20                brickSizeY
                0x0000000080022e24                brickSpacing
                0x0000000080022e28                framing
                0x0000000080022e2c                maxLevel
                0x0000000080022e30                img_wall1_height
                0x0000000080022e32                img_wall1_width
                0x0000000080022e34                img_playerBar_height
                0x0000000080022e36                img_playerBar_width
                0x0000000080022e38                img_ball_height
                0x0000000080022e3a                img_ball_width
                0x0000000080022e3c                img_wall1_gpu_x
                0x0000000080022e3e                img_playerBar_gpu_x
                0x0000000080022e40                img_ball_gpu_x
 *(.sdata2 .sdata2.* .gnu.linkonce.s2.*)
 *(.got.plt)
 *(.got)
                0x0000000080023000                . = ALIGN (0x800)
 *fill*         0x0000000080022e42      0x1be 
                0x0000000080023000                __data_end = .
                0x0000000080023000                __fdata_end = .
                0x0000000080023000                __bss_start = .

.sbss           0x0000000080023000     0x6888
 *(.dynsbss)
 *(.sbss .sbss.* .gnu.linkonce.sb.*)
 .sbss          0x0000000080023000       0x36 main.o
                0x0000000080023000                pause
                0x0000000080023004                previousCachedPadValue
                0x0000000080023008                cachedPadValue
                0x000000008002300c                bricksLeft
                0x0000000080023010                bricksCounter
                0x0000000080023014                ballR
                0x0000000080023018                ballY
                0x000000008002301c                ballX
                0x0000000080023020                motion
                0x0000000080023024                gameWon
                0x0000000080023028                playerX
                0x000000008002302c                level
                0x0000000080023030                img_wall1_gpu_y
                0x0000000080023032                img_playerBar_gpu_y
                0x0000000080023034                img_ball_gpu_y
 *fill*         0x0000000080023036        0x2 
 .sbss          0x0000000080023038        0xa basics.o
                0x0000000080023038                SCREEN_HEIGHT
                0x000000008002303c                SCREEN_WIDTH
                0x0000000080023040                currentBuffer
 *(.scommon)
 *(.dynbss)
 *(.bss .bss.* .gnu.linkonce.b.*)
 *fill*         0x0000000080023042        0x2 
 .bss           0x0000000080023044      0x700 main.o
                0x0000000080023044                bgSprite
                0x0000000080023094                playerSprite
                0x00000000800230e4                ballSprite
                0x0000000080023134                colourList
                0x0000000080023164                TrialTimer
                0x0000000080023174                frame
                0x00000000800231c8                player
                0x000000008002321c                bricks
                0x0000000080023708                grid
 .bss           0x0000000080023744      0x29c basics.o
                0x0000000080023744                systemBackgroundColor
                0x0000000080023750                GPUOutputPacket
                0x00000000800239a8                minorOrderingTable
                0x00000000800239b8                orderingTable
 .bss           0x00000000800239e0       0x14 ../third_party/psyq/lib\libetc.a(pad.o)
                0x00000000800239f0                PadIdentifier
 *fill*         0x00000000800239f4        0x4 
 .bss           0x00000000800239f8     0x4410 ../third_party/psyq/lib\libgpu.a(font.o)
 .bss           0x0000000080027e08     0x1850 ../third_party/psyq/lib\libgpu.a(sys.o)
                0x0000000080027e58                _que
 .bss           0x0000000080029658       0x54 ../third_party/psyq/lib\libgs.a(global.o)
                0x0000000080029658                GsOUT_PACKET_P
                0x0000000080029660                GsMATE_C
                0x0000000080029668                GsLMODE
                0x0000000080029670                GsLIGNR
                0x0000000080029678                GsLIOFF
                0x0000000080029680                GsZOVER
                0x0000000080029688                GsBACKC
                0x0000000080029690                GsNDIV
                0x0000000080029698                GsTRATE
                0x00000000800296a0                GsTON
                0x00000000800296a8                GsDISPON
 *fill*         0x00000000800296ac        0x4 
 .bss           0x00000000800296b0       0xea ../third_party/psyq/lib\libgs.a(gs_001.o)
                0x00000000800296d0                PSDIDX
                0x00000000800296d8                GsDRAWENV
                0x0000000080029738                GsDISPENV
                0x0000000080029750                PSDGPU
                0x0000000080029758                PSDBASEX
                0x0000000080029760                PSDBASEY
                0x0000000080029768                POSITION
                0x0000000080029770                CLIP2
                0x0000000080029778                PSDCNT
                0x0000000080029780                PSDOFSX
                0x0000000080029788                PSDOFSY
                0x0000000080029790                GsORGOFSX
                0x0000000080029798                GsORGOFSY
 *fill*         0x000000008002979a        0x6 
 .bss           0x00000000800297a0       0x24 ../third_party/psyq/lib\libgs.a(gs_104.o)
                0x00000000800297a0                HWD0
                0x00000000800297a8                VWD0
                0x00000000800297b0                GsCLIP3near
                0x00000000800297b8                GsLIGHT_MODE
                0x00000000800297c0                GsCLIP3far
 *fill*         0x00000000800297c4        0x4 
 .bss           0x00000000800297c8       0x40 ../third_party/psyq/lib\libgs.a(gs_107.o)
                0x00000000800297c8                GsLIGHTWSMATRIX
                0x00000000800297e8                _LC
 .bss           0x0000000080029808       0x40 ../third_party/psyq/lib\libgs.a(gs_128.o)
                0x0000000080029808                GsIDMATRIX
                0x0000000080029828                GsIDMATRIX2
 .bss           0x0000000080029848       0x10 ../third_party/psyq/lib\libgte.a(patchgte.o)
 .bss           0x0000000080029858       0x10 ../third_party/psyq/lib\libapi.a(pad.o)
                0x0000000080029858                _apiPadPatch
 .bss           0x0000000080029868       0x10 ../third_party/psyq/lib\libapi.a(patch.o)
 .bss           0x0000000080029878       0x10 ../third_party/psyq/lib\libapi.a(chclrpad.o)
 *(COMMON)
                0x0000000080029888                . = ALIGN (0x4)
                0x0000000080029888                __bss_end = .
                0x0000000080029888                __heap_start = __heap_base
                0x000000008000f800                . = (ADDR (.text) - 0x800)
                0x000000008000f800                __end = .

/DISCARD/
 *(.MIPS.abiflags)

/DISCARD/
 *(.rel.iplt)
 *(.rela.iplt)
 *(.rel.plt)
 *(.rela.plt)
 *(.plt)
 *(.iplt)

/DISCARD/
 *(.note.GNU-stack)
 *(.gnu_debuglink)
 *(.gnu.lto_*)
OUTPUT(cs50x.elf elf32-littlemips)

.reginfo        0x0000000000000000       0x18
 .reginfo       0x0000000000000000       0x18 main.o

.mdebug.abi32   0x0000000000000000        0x0
 .mdebug.abi32  0x0000000000000000        0x0 main.o
 .mdebug.abi32  0x0000000000000000        0x0 basics.o
 .mdebug.abi32  0x0000000000000000        0x0 timerz.o

.comment        0x0000000000000000       0x12
 .comment       0x0000000000000000       0x12 main.o
                                         0x13 (size before relaxing)
 .comment       0x0000000000000012       0x13 basics.o
 .comment       0x0000000000000012       0x13 timerz.o

.gnu.attributes
                0x0000000000000000       0x10
 .gnu.attributes
                0x0000000000000000       0x10 main.o
 .gnu.attributes
                0x0000000000000010       0x10 basics.o
 .gnu.attributes
                0x0000000000000020       0x10 timerz.o
 .gnu.attributes
                0x0000000000000030       0x10 ../third_party/common/crt0/crt0.o

.pdr            0x0000000000000000        0x0
 .pdr           0x0000000000000000        0x0 ../third_party/common/crt0/crt0.o

.note           0x0000000000000000     0x22e4
 .note          0x0000000000000000       0x74 ../third_party/psyq/lib\libc.a(c14.o)
 .note          0x0000000000000074       0x74 ../third_party/psyq/lib\libc.a(c42.o)
 .note          0x00000000000000e8       0x74 ../third_party/psyq/lib\libc.a(c63.o)
 .note          0x000000000000015c       0x74 ../third_party/psyq/lib\libetc.a(pad.o)
 .note          0x00000000000001d0       0x74 ../third_party/psyq/lib\libetc.a(vmode.o)
 .note          0x0000000000000244       0x74 ../third_party/psyq/lib\libetc.a(vsync.o)
 .note          0x00000000000002b8       0x74 ../third_party/psyq/lib\libetc.a(intr.o)
 .note          0x000000000000032c       0x74 ../third_party/psyq/lib\libetc.a(intr_dma.o)
 .note          0x00000000000003a0       0x74 ../third_party/psyq/lib\libetc.a(intr_vb.o)
 .note          0x0000000000000414       0x74 ../third_party/psyq/lib\libgpu.a(font.o)
 .note          0x0000000000000488       0x74 ../third_party/psyq/lib\libgpu.a(p00.o)
 .note          0x00000000000004fc       0x74 ../third_party/psyq/lib\libgpu.a(p06.o)
 .note          0x0000000000000570       0x74 ../third_party/psyq/lib\libgpu.a(p09.o)
 .note          0x00000000000005e4       0x74 ../third_party/psyq/lib\libgpu.a(p10.o)
 .note          0x0000000000000658       0x74 ../third_party/psyq/lib\libgpu.a(p20.o)
 .note          0x00000000000006cc       0x74 ../third_party/psyq/lib\libgpu.a(p26.o)
 .note          0x0000000000000740       0x74 ../third_party/psyq/lib\libgpu.a(p27.o)
 .note          0x00000000000007b4       0x74 ../third_party/psyq/lib\libgpu.a(p41.o)
 .note          0x0000000000000828       0x74 ../third_party/psyq/lib\libgpu.a(sys.o)
 .note          0x000000000000089c       0x74 ../third_party/psyq/lib\libgpu.a(e00.o)
 .note          0x0000000000000910       0x74 ../third_party/psyq/lib\libgpu.a(e02.o)
 .note          0x0000000000000984       0x74 ../third_party/psyq/lib\libgpu.a(p01.o)
 .note          0x00000000000009f8       0x74 ../third_party/psyq/lib\libgs.a(2d_sp0.o)
 .note          0x0000000000000a6c       0x74 ../third_party/psyq/lib\libgs.a(global.o)
 .note          0x0000000000000ae0       0x74 ../third_party/psyq/lib\libgs.a(gs_001.o)
 .note          0x0000000000000b54       0x74 ../third_party/psyq/lib\libgs.a(gs_0021.o)
 .note          0x0000000000000bc8       0x74 ../third_party/psyq/lib\libgs.a(gs_0022.o)
 .note          0x0000000000000c3c       0x74 ../third_party/psyq/lib\libgs.a(gs_003.o)
 .note          0x0000000000000cb0       0x74 ../third_party/psyq/lib\libgs.a(gs_010.o)
 .note          0x0000000000000d24       0x74 ../third_party/psyq/lib\libgs.a(gs_103.o)
 .note          0x0000000000000d98       0x74 ../third_party/psyq/lib\libgs.a(gs_104.o)
 .note          0x0000000000000e0c       0x74 ../third_party/psyq/lib\libgs.a(gs_107.o)
 .note          0x0000000000000e80       0x74 ../third_party/psyq/lib\libgs.a(gs_111.o)
 .note          0x0000000000000ef4       0x74 ../third_party/psyq/lib\libgs.a(gs_113.o)
 .note          0x0000000000000f68       0x74 ../third_party/psyq/lib\libgs.a(gs_121.o)
 .note          0x0000000000000fdc       0x74 ../third_party/psyq/lib\libgs.a(gs_122.o)
 .note          0x0000000000001050       0x74 ../third_party/psyq/lib\libgs.a(gs_124.o)
 .note          0x00000000000010c4       0x74 ../third_party/psyq/lib\libgs.a(gs_128.o)
 .note          0x0000000000001138       0x74 ../third_party/psyq/lib\libgs.a(2d_com1.o)
 .note          0x00000000000011ac       0x74 ../third_party/psyq/lib\libgte.a(cmb_00.o)
 .note          0x0000000000001220       0x74 ../third_party/psyq/lib\libgte.a(fgo_01.o)
 .note          0x0000000000001294       0x74 ../third_party/psyq/lib\libgte.a(msc00.o)
 .note          0x0000000000001308       0x74 ../third_party/psyq/lib\libgte.a(msc01.o)
 .note          0x000000000000137c       0x74 ../third_party/psyq/lib\libgte.a(mtx_07.o)
 .note          0x00000000000013f0       0x74 ../third_party/psyq/lib\libgte.a(mtx_08.o)
 .note          0x0000000000001464       0x74 ../third_party/psyq/lib\libgte.a(mtx_09.o)
 .note          0x00000000000014d8       0x74 ../third_party/psyq/lib\libgte.a(mtx_11.o)
 .note          0x000000000000154c       0x74 ../third_party/psyq/lib\libgte.a(mtx_12.o)
 .note          0x00000000000015c0       0x74 ../third_party/psyq/lib\libgte.a(patchgte.o)
 .note          0x0000000000001634       0x74 ../third_party/psyq/lib\libgte.a(reg09.o)
 .note          0x00000000000016a8       0x74 ../third_party/psyq/lib\libgte.a(reg11.o)
 .note          0x000000000000171c       0x74 ../third_party/psyq/lib\libgte.a(reg12.o)
 .note          0x0000000000001790       0x74 ../third_party/psyq/lib\libgte.a(sqrtbl.o)
 .note          0x0000000000001804       0x74 ../third_party/psyq/lib\libgte.a(cstbl.o)
 .note          0x0000000000001878       0x74 ../third_party/psyq/lib\libapi.a(a22.o)
 .note          0x00000000000018ec       0x74 ../third_party/psyq/lib\libapi.a(a23.o)
 .note          0x0000000000001960       0x74 ../third_party/psyq/lib\libapi.a(a24.o)
 .note          0x00000000000019d4       0x74 ../third_party/psyq/lib\libapi.a(a25.o)
 .note          0x0000000000001a48       0x74 ../third_party/psyq/lib\libapi.a(a36.o)
 .note          0x0000000000001abc       0x74 ../third_party/psyq/lib\libapi.a(a37.o)
 .note          0x0000000000001b30       0x74 ../third_party/psyq/lib\libapi.a(a91.o)
 .note          0x0000000000001ba4       0x74 ../third_party/psyq/lib\libapi.a(c114.o)
 .note          0x0000000000001c18       0x74 ../third_party/psyq/lib\libapi.a(c68.o)
 .note          0x0000000000001c8c       0x74 ../third_party/psyq/lib\libapi.a(c73.o)
 .note          0x0000000000001d00       0x74 ../third_party/psyq/lib\libapi.a(l10.o)
 .note          0x0000000000001d74       0x74 ../third_party/psyq/lib\libapi.a(pad.o)
 .note          0x0000000000001de8       0x74 ../third_party/psyq/lib\libapi.a(patch.o)
 .note          0x0000000000001e5c       0x74 ../third_party/psyq/lib\libapi.a(a18.o)
 .note          0x0000000000001ed0       0x74 ../third_party/psyq/lib\libapi.a(a19.o)
 .note          0x0000000000001f44       0x74 ../third_party/psyq/lib\libapi.a(a21.o)
 .note          0x0000000000001fb8       0x74 ../third_party/psyq/lib\libapi.a(chclrpad.o)
 .note          0x000000000000202c       0x74 ../third_party/psyq/lib\libapi.a(l02.o)
 .note          0x00000000000020a0       0x74 ../third_party/psyq/lib\libapi.a(l03.o)
 .note          0x0000000000002114       0x74 ../third_party/psyq/lib\libc.a(a63.o)
 .note          0x0000000000002188       0x74 ../third_party/psyq/lib\libc.a(c19.o)
 .note          0x00000000000021fc       0x74 ../third_party/psyq/lib\libc.a(c27.o)
 .note          0x0000000000002270       0x74 ../third_party/psyq/lib\libc.a(c43.o)

.debug_info     0x0000000000000000     0x2802
 .debug_info    0x0000000000000000     0x115a main.o
 .debug_info    0x000000000000115a     0x1543 basics.o
 .debug_info    0x000000000000269d      0x13f timerz.o
 .debug_info    0x00000000000027dc       0x26 ../third_party/common/crt0/crt0.o

.debug_abbrev   0x0000000000000000      0x79d
 .debug_abbrev  0x0000000000000000      0x305 main.o
 .debug_abbrev  0x0000000000000305      0x370 basics.o
 .debug_abbrev  0x0000000000000675      0x114 timerz.o
 .debug_abbrev  0x0000000000000789       0x14 ../third_party/common/crt0/crt0.o

.debug_loc      0x0000000000000000      0xba0
 .debug_loc     0x0000000000000000      0x1e9 main.o
 .debug_loc     0x00000000000001e9      0x895 basics.o
 .debug_loc     0x0000000000000a7e      0x122 timerz.o

.debug_aranges  0x0000000000000000      0x170
 .debug_aranges
                0x0000000000000000       0x60 main.o
 .debug_aranges
                0x0000000000000060       0xc8 basics.o
 .debug_aranges
                0x0000000000000128       0x28 timerz.o
 .debug_aranges
                0x0000000000000150       0x20 ../third_party/common/crt0/crt0.o

.debug_ranges   0x0000000000000000      0x320
 .debug_ranges  0x0000000000000000      0x238 main.o
 .debug_ranges  0x0000000000000238       0xd0 basics.o
 .debug_ranges  0x0000000000000308       0x18 timerz.o

.debug_line     0x0000000000000000     0x11e7
 .debug_line    0x0000000000000000      0x90e main.o
 .debug_line    0x000000000000090e      0x783 basics.o
 .debug_line    0x0000000000001091       0xf3 timerz.o
 .debug_line    0x0000000000001184       0x63 ../third_party/common/crt0/crt0.o

.debug_str      0x0000000000000000      0x84e
 .debug_str     0x0000000000000000      0x59c main.o
                                        0x5f2 (size before relaxing)
 .debug_str     0x000000000000059c      0x273 basics.o
                                        0x51c (size before relaxing)
 .debug_str     0x000000000000080f        0xf timerz.o
                                        0x1a0 (size before relaxing)
 .debug_str     0x000000000000081e       0x30 ../third_party/common/crt0/crt0.o
                                         0x3d (size before relaxing)

.debug_frame    0x0000000000000000      0x49c
 .debug_frame   0x0000000000000000      0x190 main.o
 .debug_frame   0x0000000000000190      0x2c0 basics.o
 .debug_frame   0x0000000000000450       0x4c timerz.o
